Archive member included because of file (symbol)

c:/nxp/s32ds_arm_v2018.r1/cross_tools/gcc-arm-none-eabi-4_9/bin/../lib/gcc/arm-none-eabi/4.9.3/armv7e-m/fpu\libgcc.a(_aeabi_uldivmod.o)
                              lpit_driver.o (__aeabi_uldivmod)
c:/nxp/s32ds_arm_v2018.r1/cross_tools/gcc-arm-none-eabi-4_9/bin/../lib/gcc/arm-none-eabi/4.9.3/armv7e-m/fpu\libgcc.a(bpabi.o)
                              c:/nxp/s32ds_arm_v2018.r1/cross_tools/gcc-arm-none-eabi-4_9/bin/../lib/gcc/arm-none-eabi/4.9.3/armv7e-m/fpu\libgcc.a(_aeabi_uldivmod.o) (__gnu_uldivmod_helper)
c:/nxp/s32ds_arm_v2018.r1/cross_tools/gcc-arm-none-eabi-4_9/bin/../lib/gcc/arm-none-eabi/4.9.3/armv7e-m/fpu\libgcc.a(_dvmd_tls.o)
                              c:/nxp/s32ds_arm_v2018.r1/cross_tools/gcc-arm-none-eabi-4_9/bin/../lib/gcc/arm-none-eabi/4.9.3/armv7e-m/fpu\libgcc.a(_aeabi_uldivmod.o) (__aeabi_ldiv0)
c:/nxp/s32ds_arm_v2018.r1/cross_tools/gcc-arm-none-eabi-4_9/bin/../lib/gcc/arm-none-eabi/4.9.3/armv7e-m/fpu\libgcc.a(_divdi3.o)
                              c:/nxp/s32ds_arm_v2018.r1/cross_tools/gcc-arm-none-eabi-4_9/bin/../lib/gcc/arm-none-eabi/4.9.3/armv7e-m/fpu\libgcc.a(bpabi.o) (__divdi3)
c:/nxp/s32ds_arm_v2018.r1/cross_tools/gcc-arm-none-eabi-4_9/bin/../lib/gcc/arm-none-eabi/4.9.3/armv7e-m/fpu\libgcc.a(_udivdi3.o)
                              c:/nxp/s32ds_arm_v2018.r1/cross_tools/gcc-arm-none-eabi-4_9/bin/../lib/gcc/arm-none-eabi/4.9.3/armv7e-m/fpu\libgcc.a(bpabi.o) (__udivdi3)
C:/NXP/S32DS_ARM_v2018.R1/Cross_Tools/gcc-arm-none-eabi-4_9/arm-none-eabi/newlib/lib/armv7e-m/fpu\libc.a(lib_a-exit.o)
                              C:/NXP/S32DS_ARM_v2018.R1/Cross_Tools/gcc-arm-none-eabi-4_9/arm-none-eabi/newlib/lib/armv7e-m/fpu/crt0.o (exit)
C:/NXP/S32DS_ARM_v2018.R1/Cross_Tools/gcc-arm-none-eabi-4_9/arm-none-eabi/newlib/lib/armv7e-m/fpu\libc.a(lib_a-impure.o)
                              C:/NXP/S32DS_ARM_v2018.R1/Cross_Tools/gcc-arm-none-eabi-4_9/arm-none-eabi/newlib/lib/armv7e-m/fpu\libc.a(lib_a-exit.o) (_global_impure_ptr)
C:/NXP/S32DS_ARM_v2018.R1/Cross_Tools/gcc-arm-none-eabi-4_9/arm-none-eabi/newlib/lib/armv7e-m/fpu\libc.a(lib_a-init.o)
                              C:/NXP/S32DS_ARM_v2018.R1/Cross_Tools/gcc-arm-none-eabi-4_9/arm-none-eabi/newlib/lib/armv7e-m/fpu/crt0.o (__libc_init_array)
C:/NXP/S32DS_ARM_v2018.R1/Cross_Tools/gcc-arm-none-eabi-4_9/arm-none-eabi/newlib/lib/armv7e-m/fpu\libc.a(lib_a-memset.o)
                              C:/NXP/S32DS_ARM_v2018.R1/Cross_Tools/gcc-arm-none-eabi-4_9/arm-none-eabi/newlib/lib/armv7e-m/fpu/crt0.o (memset)
C:/NXP/S32DS_ARM_v2018.R1/Cross_Tools/gcc-arm-none-eabi-4_9/arm-none-eabi/newlib/lib/armv7e-m/fpu\libc.a(lib_a-__call_atexit.o)
                              C:/NXP/S32DS_ARM_v2018.R1/Cross_Tools/gcc-arm-none-eabi-4_9/arm-none-eabi/newlib/lib/armv7e-m/fpu\libc.a(lib_a-exit.o) (__call_exitprocs)
C:/NXP/S32DS_ARM_v2018.R1/Cross_Tools/gcc-arm-none-eabi-4_9/arm-none-eabi/newlib/lib/armv7e-m/fpu\libc.a(lib_a-atexit.o)
                              C:/NXP/S32DS_ARM_v2018.R1/Cross_Tools/gcc-arm-none-eabi-4_9/arm-none-eabi/newlib/lib/armv7e-m/fpu\libc.a(lib_a-__call_atexit.o) (atexit)
C:/NXP/S32DS_ARM_v2018.R1/Cross_Tools/gcc-arm-none-eabi-4_9/arm-none-eabi/newlib/lib/armv7e-m/fpu\libc.a(lib_a-fini.o)
                              C:/NXP/S32DS_ARM_v2018.R1/Cross_Tools/gcc-arm-none-eabi-4_9/arm-none-eabi/newlib/lib/armv7e-m/fpu\libc.a(lib_a-__call_atexit.o) (__libc_fini_array)
C:/NXP/S32DS_ARM_v2018.R1/Cross_Tools/gcc-arm-none-eabi-4_9/arm-none-eabi/newlib/lib/armv7e-m/fpu\libc.a(lib_a-__atexit.o)
                              C:/NXP/S32DS_ARM_v2018.R1/Cross_Tools/gcc-arm-none-eabi-4_9/arm-none-eabi/newlib/lib/armv7e-m/fpu\libc.a(lib_a-atexit.o) (__register_exitproc)
C:/NXP/S32DS_ARM_v2018.R1/Cross_Tools/gcc-arm-none-eabi-4_9/arm-none-eabi/newlib/lib/armv7e-m/fpu\libnosys.a(_exit.o)
                              C:/NXP/S32DS_ARM_v2018.R1/Cross_Tools/gcc-arm-none-eabi-4_9/arm-none-eabi/newlib/lib/armv7e-m/fpu\libc.a(lib_a-exit.o) (_exit)

Allocating common symbols
Common symbol       size              file

g_xtal0ClkFreq      0x4               clock_S32K1xx.o
gpio_isr_control_s32k144_DW
                    0x2               gpio_isr_control_s32k144.o
gpio_isr_control_s32k144_M_
                    0x4               gpio_isr_control_s32k144.o
g_RtcClkInFreq      0x4               clock_S32K1xx.o
gPowerManagerState  0x10              power_manager_S32K1xx.o
g_TClkFreq          0xc               clock_S32K1xx.o
gpio_isr_control_s32k144_B
                    0x2               gpio_isr_control_s32k144.o

Discarded input sections

 .text          0x00000000        0x0 c:/nxp/s32ds_arm_v2018.r1/cross_tools/gcc-arm-none-eabi-4_9/bin/../lib/gcc/arm-none-eabi/4.9.3/armv7e-m/fpu/crti.o
 .data          0x00000000        0x0 c:/nxp/s32ds_arm_v2018.r1/cross_tools/gcc-arm-none-eabi-4_9/bin/../lib/gcc/arm-none-eabi/4.9.3/armv7e-m/fpu/crti.o
 .bss           0x00000000        0x0 c:/nxp/s32ds_arm_v2018.r1/cross_tools/gcc-arm-none-eabi-4_9/bin/../lib/gcc/arm-none-eabi/4.9.3/armv7e-m/fpu/crti.o
 .data          0x00000000        0x4 c:/nxp/s32ds_arm_v2018.r1/cross_tools/gcc-arm-none-eabi-4_9/bin/../lib/gcc/arm-none-eabi/4.9.3/armv7e-m/fpu/crtbegin.o
 .text          0x00000000       0x74 C:/NXP/S32DS_ARM_v2018.R1/Cross_Tools/gcc-arm-none-eabi-4_9/arm-none-eabi/newlib/lib/armv7e-m/fpu/crt0.o
 .data          0x00000000        0x0 C:/NXP/S32DS_ARM_v2018.R1/Cross_Tools/gcc-arm-none-eabi-4_9/arm-none-eabi/newlib/lib/armv7e-m/fpu/crt0.o
 .bss           0x00000000        0x0 C:/NXP/S32DS_ARM_v2018.R1/Cross_Tools/gcc-arm-none-eabi-4_9/arm-none-eabi/newlib/lib/armv7e-m/fpu/crt0.o
 .ARM.extab     0x00000000        0x0 C:/NXP/S32DS_ARM_v2018.R1/Cross_Tools/gcc-arm-none-eabi-4_9/arm-none-eabi/newlib/lib/armv7e-m/fpu/crt0.o
 .ARM.exidx     0x00000000        0x8 C:/NXP/S32DS_ARM_v2018.R1/Cross_Tools/gcc-arm-none-eabi-4_9/arm-none-eabi/newlib/lib/armv7e-m/fpu/crt0.o
 .ARM.attributes
                0x00000000       0x20 C:/NXP/S32DS_ARM_v2018.R1/Cross_Tools/gcc-arm-none-eabi-4_9/arm-none-eabi/newlib/lib/armv7e-m/fpu/crt0.o
 .data          0x00000000        0x0 startup_S32K144.o
 .bss           0x00000000        0x0 startup_S32K144.o
 .data          0x00000000        0x0 gpio_irq.o
 .data          0x00000000        0x0 gpio_isr_control_s32k144.o
 .bss           0x00000000        0x0 gpio_isr_control_s32k144.o
 .rodata        0x00000000        0x4 gpio_isr_control_s32k144.o
 .data          0x00000000        0x0 interrupt_manager.o
 .data          0x00000000        0x0 lpit_driver.o
 .data          0x00000000        0x0 mbd_main.o
 .bss           0x00000000        0x0 mbd_main.o
 .data          0x00000000        0x0 pins_driver.o
 .bss           0x00000000        0x0 pins_driver.o
 .data          0x00000000        0x0 pins_port_hw_access.o
 .bss           0x00000000        0x0 pins_port_hw_access.o
 .data          0x00000000        0x0 power_manager.o
 .bss           0x00000000        0x0 power_manager.o
 .data          0x00000000        0x0 power_manager_S32K1xx.o
 .data          0x00000000        0x0 power_smc_hw_access.o
 .bss           0x00000000        0x0 power_smc_hw_access.o
 .data          0x00000000        0x0 s32k_clock_init.o
 .bss           0x00000000        0x0 s32k_clock_init.o
 .data          0x00000000        0x0 startup.o
 .bss           0x00000000        0x0 startup.o
 .bss           0x00000000        0x0 system_S32K144.o
 .data          0x00000000        0x0 c:/nxp/s32ds_arm_v2018.r1/cross_tools/gcc-arm-none-eabi-4_9/bin/../lib/gcc/arm-none-eabi/4.9.3/armv7e-m/fpu\libgcc.a(_aeabi_uldivmod.o)
 .bss           0x00000000        0x0 c:/nxp/s32ds_arm_v2018.r1/cross_tools/gcc-arm-none-eabi-4_9/bin/../lib/gcc/arm-none-eabi/4.9.3/armv7e-m/fpu\libgcc.a(_aeabi_uldivmod.o)
 .data          0x00000000        0x0 c:/nxp/s32ds_arm_v2018.r1/cross_tools/gcc-arm-none-eabi-4_9/bin/../lib/gcc/arm-none-eabi/4.9.3/armv7e-m/fpu\libgcc.a(bpabi.o)
 .bss           0x00000000        0x0 c:/nxp/s32ds_arm_v2018.r1/cross_tools/gcc-arm-none-eabi-4_9/bin/../lib/gcc/arm-none-eabi/4.9.3/armv7e-m/fpu\libgcc.a(bpabi.o)
 .data          0x00000000        0x0 c:/nxp/s32ds_arm_v2018.r1/cross_tools/gcc-arm-none-eabi-4_9/bin/../lib/gcc/arm-none-eabi/4.9.3/armv7e-m/fpu\libgcc.a(_dvmd_tls.o)
 .bss           0x00000000        0x0 c:/nxp/s32ds_arm_v2018.r1/cross_tools/gcc-arm-none-eabi-4_9/bin/../lib/gcc/arm-none-eabi/4.9.3/armv7e-m/fpu\libgcc.a(_dvmd_tls.o)
 .data          0x00000000        0x0 c:/nxp/s32ds_arm_v2018.r1/cross_tools/gcc-arm-none-eabi-4_9/bin/../lib/gcc/arm-none-eabi/4.9.3/armv7e-m/fpu\libgcc.a(_divdi3.o)
 .bss           0x00000000        0x0 c:/nxp/s32ds_arm_v2018.r1/cross_tools/gcc-arm-none-eabi-4_9/bin/../lib/gcc/arm-none-eabi/4.9.3/armv7e-m/fpu\libgcc.a(_divdi3.o)
 .ARM.extab     0x00000000        0x0 c:/nxp/s32ds_arm_v2018.r1/cross_tools/gcc-arm-none-eabi-4_9/bin/../lib/gcc/arm-none-eabi/4.9.3/armv7e-m/fpu\libgcc.a(_divdi3.o)
 .data          0x00000000        0x0 c:/nxp/s32ds_arm_v2018.r1/cross_tools/gcc-arm-none-eabi-4_9/bin/../lib/gcc/arm-none-eabi/4.9.3/armv7e-m/fpu\libgcc.a(_udivdi3.o)
 .bss           0x00000000        0x0 c:/nxp/s32ds_arm_v2018.r1/cross_tools/gcc-arm-none-eabi-4_9/bin/../lib/gcc/arm-none-eabi/4.9.3/armv7e-m/fpu\libgcc.a(_udivdi3.o)
 .ARM.extab     0x00000000        0x0 c:/nxp/s32ds_arm_v2018.r1/cross_tools/gcc-arm-none-eabi-4_9/bin/../lib/gcc/arm-none-eabi/4.9.3/armv7e-m/fpu\libgcc.a(_udivdi3.o)
 .text          0x00000000        0x0 C:/NXP/S32DS_ARM_v2018.R1/Cross_Tools/gcc-arm-none-eabi-4_9/arm-none-eabi/newlib/lib/armv7e-m/fpu\libc.a(lib_a-exit.o)
 .data          0x00000000        0x0 C:/NXP/S32DS_ARM_v2018.R1/Cross_Tools/gcc-arm-none-eabi-4_9/arm-none-eabi/newlib/lib/armv7e-m/fpu\libc.a(lib_a-exit.o)
 .bss           0x00000000        0x0 C:/NXP/S32DS_ARM_v2018.R1/Cross_Tools/gcc-arm-none-eabi-4_9/arm-none-eabi/newlib/lib/armv7e-m/fpu\libc.a(lib_a-exit.o)
 .text.exit     0x00000000       0x20 C:/NXP/S32DS_ARM_v2018.R1/Cross_Tools/gcc-arm-none-eabi-4_9/arm-none-eabi/newlib/lib/armv7e-m/fpu\libc.a(lib_a-exit.o)
 .debug_frame   0x00000000       0x28 C:/NXP/S32DS_ARM_v2018.R1/Cross_Tools/gcc-arm-none-eabi-4_9/arm-none-eabi/newlib/lib/armv7e-m/fpu\libc.a(lib_a-exit.o)
 .ARM.attributes
                0x00000000       0x34 C:/NXP/S32DS_ARM_v2018.R1/Cross_Tools/gcc-arm-none-eabi-4_9/arm-none-eabi/newlib/lib/armv7e-m/fpu\libc.a(lib_a-exit.o)
 .text          0x00000000        0x0 C:/NXP/S32DS_ARM_v2018.R1/Cross_Tools/gcc-arm-none-eabi-4_9/arm-none-eabi/newlib/lib/armv7e-m/fpu\libc.a(lib_a-impure.o)
 .data          0x00000000        0x0 C:/NXP/S32DS_ARM_v2018.R1/Cross_Tools/gcc-arm-none-eabi-4_9/arm-none-eabi/newlib/lib/armv7e-m/fpu\libc.a(lib_a-impure.o)
 .bss           0x00000000        0x0 C:/NXP/S32DS_ARM_v2018.R1/Cross_Tools/gcc-arm-none-eabi-4_9/arm-none-eabi/newlib/lib/armv7e-m/fpu\libc.a(lib_a-impure.o)
 .data._impure_ptr
                0x00000000        0x4 C:/NXP/S32DS_ARM_v2018.R1/Cross_Tools/gcc-arm-none-eabi-4_9/arm-none-eabi/newlib/lib/armv7e-m/fpu\libc.a(lib_a-impure.o)
 .text          0x00000000        0x0 C:/NXP/S32DS_ARM_v2018.R1/Cross_Tools/gcc-arm-none-eabi-4_9/arm-none-eabi/newlib/lib/armv7e-m/fpu\libc.a(lib_a-init.o)
 .data          0x00000000        0x0 C:/NXP/S32DS_ARM_v2018.R1/Cross_Tools/gcc-arm-none-eabi-4_9/arm-none-eabi/newlib/lib/armv7e-m/fpu\libc.a(lib_a-init.o)
 .bss           0x00000000        0x0 C:/NXP/S32DS_ARM_v2018.R1/Cross_Tools/gcc-arm-none-eabi-4_9/arm-none-eabi/newlib/lib/armv7e-m/fpu\libc.a(lib_a-init.o)
 .text.__libc_init_array
                0x00000000       0x50 C:/NXP/S32DS_ARM_v2018.R1/Cross_Tools/gcc-arm-none-eabi-4_9/arm-none-eabi/newlib/lib/armv7e-m/fpu\libc.a(lib_a-init.o)
 .debug_frame   0x00000000       0x2c C:/NXP/S32DS_ARM_v2018.R1/Cross_Tools/gcc-arm-none-eabi-4_9/arm-none-eabi/newlib/lib/armv7e-m/fpu\libc.a(lib_a-init.o)
 .ARM.attributes
                0x00000000       0x34 C:/NXP/S32DS_ARM_v2018.R1/Cross_Tools/gcc-arm-none-eabi-4_9/arm-none-eabi/newlib/lib/armv7e-m/fpu\libc.a(lib_a-init.o)
 .text          0x00000000        0x0 C:/NXP/S32DS_ARM_v2018.R1/Cross_Tools/gcc-arm-none-eabi-4_9/arm-none-eabi/newlib/lib/armv7e-m/fpu\libc.a(lib_a-memset.o)
 .data          0x00000000        0x0 C:/NXP/S32DS_ARM_v2018.R1/Cross_Tools/gcc-arm-none-eabi-4_9/arm-none-eabi/newlib/lib/armv7e-m/fpu\libc.a(lib_a-memset.o)
 .bss           0x00000000        0x0 C:/NXP/S32DS_ARM_v2018.R1/Cross_Tools/gcc-arm-none-eabi-4_9/arm-none-eabi/newlib/lib/armv7e-m/fpu\libc.a(lib_a-memset.o)
 .text          0x00000000        0x0 C:/NXP/S32DS_ARM_v2018.R1/Cross_Tools/gcc-arm-none-eabi-4_9/arm-none-eabi/newlib/lib/armv7e-m/fpu\libc.a(lib_a-__call_atexit.o)
 .data          0x00000000        0x0 C:/NXP/S32DS_ARM_v2018.R1/Cross_Tools/gcc-arm-none-eabi-4_9/arm-none-eabi/newlib/lib/armv7e-m/fpu\libc.a(lib_a-__call_atexit.o)
 .bss           0x00000000        0x0 C:/NXP/S32DS_ARM_v2018.R1/Cross_Tools/gcc-arm-none-eabi-4_9/arm-none-eabi/newlib/lib/armv7e-m/fpu\libc.a(lib_a-__call_atexit.o)
 .text.__call_exitprocs
                0x00000000       0xd4 C:/NXP/S32DS_ARM_v2018.R1/Cross_Tools/gcc-arm-none-eabi-4_9/arm-none-eabi/newlib/lib/armv7e-m/fpu\libc.a(lib_a-__call_atexit.o)
 .text          0x00000000        0x0 C:/NXP/S32DS_ARM_v2018.R1/Cross_Tools/gcc-arm-none-eabi-4_9/arm-none-eabi/newlib/lib/armv7e-m/fpu\libc.a(lib_a-atexit.o)
 .data          0x00000000        0x0 C:/NXP/S32DS_ARM_v2018.R1/Cross_Tools/gcc-arm-none-eabi-4_9/arm-none-eabi/newlib/lib/armv7e-m/fpu\libc.a(lib_a-atexit.o)
 .bss           0x00000000        0x0 C:/NXP/S32DS_ARM_v2018.R1/Cross_Tools/gcc-arm-none-eabi-4_9/arm-none-eabi/newlib/lib/armv7e-m/fpu\libc.a(lib_a-atexit.o)
 .text          0x00000000        0x0 C:/NXP/S32DS_ARM_v2018.R1/Cross_Tools/gcc-arm-none-eabi-4_9/arm-none-eabi/newlib/lib/armv7e-m/fpu\libc.a(lib_a-fini.o)
 .data          0x00000000        0x0 C:/NXP/S32DS_ARM_v2018.R1/Cross_Tools/gcc-arm-none-eabi-4_9/arm-none-eabi/newlib/lib/armv7e-m/fpu\libc.a(lib_a-fini.o)
 .bss           0x00000000        0x0 C:/NXP/S32DS_ARM_v2018.R1/Cross_Tools/gcc-arm-none-eabi-4_9/arm-none-eabi/newlib/lib/armv7e-m/fpu\libc.a(lib_a-fini.o)
 .text          0x00000000        0x0 C:/NXP/S32DS_ARM_v2018.R1/Cross_Tools/gcc-arm-none-eabi-4_9/arm-none-eabi/newlib/lib/armv7e-m/fpu\libc.a(lib_a-__atexit.o)
 .data          0x00000000        0x0 C:/NXP/S32DS_ARM_v2018.R1/Cross_Tools/gcc-arm-none-eabi-4_9/arm-none-eabi/newlib/lib/armv7e-m/fpu\libc.a(lib_a-__atexit.o)
 .bss           0x00000000        0x0 C:/NXP/S32DS_ARM_v2018.R1/Cross_Tools/gcc-arm-none-eabi-4_9/arm-none-eabi/newlib/lib/armv7e-m/fpu\libc.a(lib_a-__atexit.o)
 .text          0x00000000        0x0 C:/NXP/S32DS_ARM_v2018.R1/Cross_Tools/gcc-arm-none-eabi-4_9/arm-none-eabi/newlib/lib/armv7e-m/fpu\libnosys.a(_exit.o)
 .data          0x00000000        0x0 C:/NXP/S32DS_ARM_v2018.R1/Cross_Tools/gcc-arm-none-eabi-4_9/arm-none-eabi/newlib/lib/armv7e-m/fpu\libnosys.a(_exit.o)
 .bss           0x00000000        0x0 C:/NXP/S32DS_ARM_v2018.R1/Cross_Tools/gcc-arm-none-eabi-4_9/arm-none-eabi/newlib/lib/armv7e-m/fpu\libnosys.a(_exit.o)
 .text._exit    0x00000000        0x4 C:/NXP/S32DS_ARM_v2018.R1/Cross_Tools/gcc-arm-none-eabi-4_9/arm-none-eabi/newlib/lib/armv7e-m/fpu\libnosys.a(_exit.o)
 .debug_frame   0x00000000       0x20 C:/NXP/S32DS_ARM_v2018.R1/Cross_Tools/gcc-arm-none-eabi-4_9/arm-none-eabi/newlib/lib/armv7e-m/fpu\libnosys.a(_exit.o)
 .ARM.attributes
                0x00000000       0x34 C:/NXP/S32DS_ARM_v2018.R1/Cross_Tools/gcc-arm-none-eabi-4_9/arm-none-eabi/newlib/lib/armv7e-m/fpu\libnosys.a(_exit.o)
 .text          0x00000000        0x0 c:/nxp/s32ds_arm_v2018.r1/cross_tools/gcc-arm-none-eabi-4_9/bin/../lib/gcc/arm-none-eabi/4.9.3/armv7e-m/fpu/crtend.o
 .data          0x00000000        0x0 c:/nxp/s32ds_arm_v2018.r1/cross_tools/gcc-arm-none-eabi-4_9/bin/../lib/gcc/arm-none-eabi/4.9.3/armv7e-m/fpu/crtend.o
 .bss           0x00000000        0x0 c:/nxp/s32ds_arm_v2018.r1/cross_tools/gcc-arm-none-eabi-4_9/bin/../lib/gcc/arm-none-eabi/4.9.3/armv7e-m/fpu/crtend.o
 .eh_frame      0x00000000        0x4 c:/nxp/s32ds_arm_v2018.r1/cross_tools/gcc-arm-none-eabi-4_9/bin/../lib/gcc/arm-none-eabi/4.9.3/armv7e-m/fpu/crtend.o
 .text          0x00000000        0x0 c:/nxp/s32ds_arm_v2018.r1/cross_tools/gcc-arm-none-eabi-4_9/bin/../lib/gcc/arm-none-eabi/4.9.3/armv7e-m/fpu/crtn.o
 .data          0x00000000        0x0 c:/nxp/s32ds_arm_v2018.r1/cross_tools/gcc-arm-none-eabi-4_9/bin/../lib/gcc/arm-none-eabi/4.9.3/armv7e-m/fpu/crtn.o
 .bss           0x00000000        0x0 c:/nxp/s32ds_arm_v2018.r1/cross_tools/gcc-arm-none-eabi-4_9/bin/../lib/gcc/arm-none-eabi/4.9.3/armv7e-m/fpu/crtn.o

Memory Configuration

Name             Origin             Length             Attributes
m_interrupts     0x00000000         0x00000400         xr
m_flash_config   0x00000400         0x00000010         xr
m_text           0x00000410         0x0007fbf0         xr
m_data           0x1fff8000         0x00008000         rw
m_data_2         0x20000000         0x00007000         rw
*default*        0x00000000         0xffffffff

Linker script and memory map

LOAD c:/nxp/s32ds_arm_v2018.r1/cross_tools/gcc-arm-none-eabi-4_9/bin/../lib/gcc/arm-none-eabi/4.9.3/armv7e-m/fpu/crti.o
LOAD c:/nxp/s32ds_arm_v2018.r1/cross_tools/gcc-arm-none-eabi-4_9/bin/../lib/gcc/arm-none-eabi/4.9.3/armv7e-m/fpu/crtbegin.o
LOAD C:/NXP/S32DS_ARM_v2018.R1/Cross_Tools/gcc-arm-none-eabi-4_9/arm-none-eabi/newlib/lib/armv7e-m/fpu/crt0.o
                0x00000001                __ram_vector_table__ = 0x1
LOAD startup_S32K144.o
LOAD clock_S32K1xx.o
LOAD gpio_irq.o
LOAD gpio_isr_control_s32k144.o
LOAD interrupt_manager.o
LOAD lpit_driver.o
LOAD mbd_main.o
LOAD pins_driver.o
LOAD pins_port_hw_access.o
LOAD power_manager.o
LOAD power_manager_S32K1xx.o
LOAD power_smc_hw_access.o
LOAD s32k_clock_init.o
LOAD startup.o
LOAD system_S32K144.o
LOAD C:/NXP/S32DS_ARM_v2018.R1/Cross_Tools/gcc-arm-none-eabi-4_9/arm-none-eabi/newlib/lib/armv7e-m/fpu\libm.a
LOAD S32K14x_AMMCLIB.a
START GROUP
LOAD c:/nxp/s32ds_arm_v2018.r1/cross_tools/gcc-arm-none-eabi-4_9/bin/../lib/gcc/arm-none-eabi/4.9.3/armv7e-m/fpu\libgcc.a
LOAD C:/NXP/S32DS_ARM_v2018.R1/Cross_Tools/gcc-arm-none-eabi-4_9/arm-none-eabi/newlib/lib/armv7e-m/fpu\libc.a
END GROUP
START GROUP
LOAD c:/nxp/s32ds_arm_v2018.r1/cross_tools/gcc-arm-none-eabi-4_9/bin/../lib/gcc/arm-none-eabi/4.9.3/armv7e-m/fpu\libgcc.a
LOAD C:/NXP/S32DS_ARM_v2018.R1/Cross_Tools/gcc-arm-none-eabi-4_9/arm-none-eabi/newlib/lib/armv7e-m/fpu\libc.a
LOAD C:/NXP/S32DS_ARM_v2018.R1/Cross_Tools/gcc-arm-none-eabi-4_9/arm-none-eabi/newlib/lib/armv7e-m/fpu\libnosys.a
END GROUP
LOAD c:/nxp/s32ds_arm_v2018.r1/cross_tools/gcc-arm-none-eabi-4_9/bin/../lib/gcc/arm-none-eabi/4.9.3/armv7e-m/fpu/crtend.o
LOAD c:/nxp/s32ds_arm_v2018.r1/cross_tools/gcc-arm-none-eabi-4_9/bin/../lib/gcc/arm-none-eabi/4.9.3/armv7e-m/fpu/crtn.o
                0x00000400                HEAP_SIZE = DEFINED (__heap_size__)?__heap_size__:0x400
                0x00000400                STACK_SIZE = DEFINED (__stack_size__)?__stack_size__:0x400
                0x00000400                M_VECTOR_RAM_SIZE = DEFINED (__flash_vector_table__)?0x0:0x400

.interrupts     0x00000000      0x400
                0x00000000                __VECTOR_TABLE = .
                0x00000000                __interrupts_start__ = .
                0x00000000                . = ALIGN (0x4)
 *(.isr_vector)
 .isr_vector    0x00000000      0x400 startup_S32K144.o
                0x00000000                __isr_vector
                0x00000400                __interrupts_end__ = .
                0x00000400                . = ALIGN (0x4)

.flash_config   0x00000400       0x10
                0x00000400                . = ALIGN (0x4)
 *(.FlashConfig)
 .FlashConfig   0x00000400       0x10 startup_S32K144.o
                0x00000410                . = ALIGN (0x4)

.text           0x00000410     0x3f74
                0x00000410                . = ALIGN (0x4)
 *(.text)
 .text          0x00000410       0x5c c:/nxp/s32ds_arm_v2018.r1/cross_tools/gcc-arm-none-eabi-4_9/bin/../lib/gcc/arm-none-eabi/4.9.3/armv7e-m/fpu/crtbegin.o
 .text          0x0000046c       0x60 startup_S32K144.o
                0x0000046c                Reset_Handler
                0x000004c8                DebugMon_Handler
                0x000004c8                Reserved88_IRQHandler
                0x000004c8                CAN0_ORed_IRQHandler
                0x000004c8                HardFault_Handler
                0x000004c8                Reserved86_IRQHandler
                0x000004c8                Reserved103_IRQHandler
                0x000004c8                SysTick_Handler
                0x000004c8                FTM2_Ovf_Reload_IRQHandler
                0x000004c8                Reserved50_IRQHandler
                0x000004c8                FTFC_Fault_IRQHandler
                0x000004c8                FTM0_Ch6_Ch7_IRQHandler
                0x000004c8                Reserved114_IRQHandler
                0x000004c8                PendSV_Handler
                0x000004c8                NMI_Handler
                0x000004c8                Reserved89_IRQHandler
                0x000004c8                ERM_double_fault_IRQHandler
                0x000004c8                DMA2_IRQHandler
                0x000004c8                Reserved59_IRQHandler
                0x000004c8                Reserved99_IRQHandler
                0x000004c8                FTM3_Ch6_Ch7_IRQHandler
                0x000004c8                CAN2_ORed_0_15_MB_IRQHandler
                0x000004c8                LPIT0_Ch3_IRQHandler
                0x000004c8                Reserved92_IRQHandler
                0x000004c8                FTM0_Ch4_Ch5_IRQHandler
                0x000004c8                CAN1_Error_IRQHandler
                0x000004c8                FTM3_Ch0_Ch1_IRQHandler
                0x000004c8                SWI_IRQHandler
                0x000004c8                ADC0_IRQHandler
                0x000004c8                FTM2_Ch4_Ch5_IRQHandler
                0x000004c8                UsageFault_Handler
                0x000004c8                FTM0_Ovf_Reload_IRQHandler
                0x000004c8                DefaultISR
                0x000004c8                DMA9_IRQHandler
                0x000004c8                Reserved58_IRQHandler
                0x000004c8                CAN1_ORed_0_15_MB_IRQHandler
                0x000004c8                FTM1_Ch2_Ch3_IRQHandler
                0x000004c8                DMA14_IRQHandler
                0x000004c8                Reserved82_IRQHandler
                0x000004c8                CAN0_ORed_16_31_MB_IRQHandler
                0x000004c8                LPI2C0_Slave_IRQHandler
                0x000004c8                Reserved71_IRQHandler
                0x000004c8                Reserved69_IRQHandler
                0x000004c8                Reserved70_IRQHandler
                0x000004c8                ADC1_IRQHandler
                0x000004c8                FTM2_Ch2_Ch3_IRQHandler
                0x000004c8                Reserved53_IRQHandler
                0x000004c8                DMA5_IRQHandler
                0x000004c8                RTC_IRQHandler
                0x000004c8                PDB0_IRQHandler
                0x000004c8                Reserved54_IRQHandler
                0x000004c8                FTM2_Ch6_Ch7_IRQHandler
                0x000004c8                FTM3_Ch2_Ch3_IRQHandler
                0x000004c8                FTM2_Ch0_Ch1_IRQHandler
                0x000004c8                LPSPI1_IRQHandler
                0x000004c8                LPUART1_RxTx_IRQHandler
                0x000004c8                RTC_Seconds_IRQHandler
                0x000004c8                CAN2_ORed_IRQHandler
                0x000004c8                Reserved72_IRQHandler
                0x000004c8                Reserved110_IRQHandler
                0x000004c8                DMA11_IRQHandler
                0x000004c8                Reserved107_IRQHandler
                0x000004c8                Read_Collision_IRQHandler
                0x000004c8                CAN2_Error_IRQHandler
                0x000004c8                FTFC_IRQHandler
                0x000004c8                DMA7_IRQHandler
                0x000004c8                FTM1_Ch6_Ch7_IRQHandler
                0x000004c8                Reserved105_IRQHandler
                0x000004c8                LPIT0_Ch1_IRQHandler
                0x000004c8                FTM1_Ch4_Ch5_IRQHandler
                0x000004c8                FTM3_Ovf_Reload_IRQHandler
                0x000004c8                LPUART2_RxTx_IRQHandler
                0x000004c8                LPSPI0_IRQHandler
                0x000004c8                WDOG_EWM_IRQHandler
                0x000004c8                MemManage_Handler
                0x000004c8                Reserved90_IRQHandler
                0x000004c8                Reserved83_IRQHandler
                0x000004c8                FTM0_Fault_IRQHandler
                0x000004c8                Reserved48_IRQHandler
                0x000004c8                SVC_Handler
                0x000004c8                ERM_single_fault_IRQHandler
                0x000004c8                FTM2_Fault_IRQHandler
                0x000004c8                FTM0_Ch2_Ch3_IRQHandler
                0x000004c8                DMA13_IRQHandler
                0x000004c8                FTM0_Ch0_Ch1_IRQHandler
                0x000004c8                FTM3_Fault_IRQHandler
                0x000004c8                RCM_IRQHandler
                0x000004c8                DMA3_IRQHandler
                0x000004c8                Reserved100_IRQHandler
                0x000004c8                DMA0_IRQHandler
                0x000004c8                Reserved91_IRQHandler
                0x000004c8                CAN1_ORed_IRQHandler
                0x000004c8                DMA15_IRQHandler
                0x000004c8                SCG_IRQHandler
                0x000004c8                PDB1_IRQHandler
                0x000004c8                Reserved81_IRQHandler
                0x000004c8                Reserved46_IRQHandler
                0x000004c8                Reserved45_IRQHandler
                0x000004c8                CAN0_Error_IRQHandler
                0x000004c8                Reserved112_IRQHandler
                0x000004c8                LPI2C0_Master_IRQHandler
                0x000004c8                DMA4_IRQHandler
                0x000004c8                FTM1_Fault_IRQHandler
                0x000004c8                Reserved106_IRQHandler
                0x000004c8                DMA_Error_IRQHandler
                0x000004c8                LVD_LVW_IRQHandler
                0x000004c8                LPIT0_Ch2_IRQHandler
                0x000004c8                MCM_IRQHandler
                0x000004c8                LPSPI2_IRQHandler
                0x000004c8                DMA12_IRQHandler
                0x000004c8                FTM3_Ch4_Ch5_IRQHandler
                0x000004c8                CAN0_ORed_0_15_MB_IRQHandler
                0x000004c8                LPUART0_RxTx_IRQHandler
                0x000004c8                LPTMR0_IRQHandler
                0x000004c8                BusFault_Handler
                0x000004c8                Reserved87_IRQHandler
                0x000004c8                FTM1_Ovf_Reload_IRQHandler
                0x000004c8                DMA8_IRQHandler
                0x000004c8                Reserved93_IRQHandler
                0x000004c8                DMA10_IRQHandler
                0x000004c8                CAN0_Wake_Up_IRQHandler
                0x000004c8                CMP0_IRQHandler
                0x000004c8                Reserved52_IRQHandler
                0x000004c8                DMA6_IRQHandler
                0x000004c8                FTM1_Ch0_Ch1_IRQHandler
                0x000004c8                FLEXIO_IRQHandler
                0x000004c8                DMA1_IRQHandler
                0x000004c8                Reserved113_IRQHandler
 .text          0x000004cc     0x1b98 clock_S32K1xx.o
                0x0000104c                CLOCK_DRV_Init
                0x000015e0                CLOCK_DRV_GetFreq
                0x00001998                CLOCK_DRV_SetModuleClock
                0x00001b10                CLOCK_DRV_SetSystemClock
                0x00001c20                CLOCK_DRV_GetSystemClockSource
                0x00001c7c                CLOCK_DRV_SetClockSource
                0x00001f30                CLOCK_SYS_Init
                0x00001f4c                CLOCK_SYS_UpdateConfiguration
                0x0000202c                CLOCK_SYS_GetCurrentConfiguration
                0x00002038                CLOCK_SYS_GetErrorCallback
                0x00002054                CLOCK_SYS_GetFreq
                0x0000205c                CLOCK_SYS_SetConfiguration
 .text          0x00002064      0x13c gpio_irq.o
                0x00002064                PORTA_IRQHandler
                0x000020a0                PORTB_IRQHandler
                0x000020dc                PORTC_IRQHandler
                0x00002118                PORTD_IRQHandler
                0x00002154                PORTE_IRQHandler
                0x00002190                GPI_DRV_InstallCallback
 .text          0x000021a0      0x1c0 gpio_isr_control_s32k144.o
                0x000021a0                GPIPORTC12_callback
                0x000021e8                g_Disable_the_interrupt_for_SW2
                0x000021fc                gp_Enable_the_interrupt_for_SW2
                0x00002210                gpio_isr_control_s32k144_step
                0x0000224c                gpio_isr_control_s32k144_initialize
                0x0000235c                gpio_isr_control_s32k144_terminate
 .text          0x00002360      0x194 interrupt_manager.o
                0x00002360                INT_SYS_InstallHandler
                0x00002390                INT_SYS_EnableIRQ
                0x000023a8                INT_SYS_DisableIRQ
                0x000023c0                INT_SYS_EnableIRQGlobal
                0x000023dc                INT_SYS_DisableIRQGlobal
                0x000023ec                INT_SYS_SetPriority
                0x00002448                INT_SYS_GetPriority
                0x0000248c                INT_SYS_ClearPending
                0x000024a4                INT_SYS_SetPending
                0x000024bc                INT_SYS_GetPending
                0x000024d8                INT_SYS_GetActive
 .text          0x000024f4      0x658 lpit_driver.o
                0x000024f4                LPIT_DRV_GetDefaultConfig
                0x000024fc                LPIT_DRV_GetDefaultChanConfig
                0x0000251c                LPIT_DRV_Init
                0x000025c8                LPIT_DRV_Deinit
                0x000025d8                LPIT_DRV_StartTimerChannels
                0x000025e8                LPIT_DRV_StopTimerChannels
                0x000025f8                LPIT_DRV_SetTimerPeriodByUs
                0x000026a4                LPIT_DRV_InitChannel
                0x00002828                LPIT_DRV_SetTimerPeriodInDual16ModeByUs
                0x000028b0                LPIT_DRV_GetTimerPeriodByUs
                0x000029c0                LPIT_DRV_GetCurrentTimerUs
                0x00002aa8                LPIT_DRV_SetTimerPeriodByCount
                0x00002ab8                LPIT_DRV_SetTimerPeriodInDual16ModeByCount
                0x00002acc                LPIT_DRV_GetTimerPeriodByCount
                0x00002af0                LPIT_DRV_GetCurrentTimerCount
                0x00002b14                LPIT_DRV_EnableTimerChannelInterrupt
                0x00002b24                LPIT_DRV_DisableTimerChannelInterrupt
                0x00002b34                LPIT_DRV_GetInterruptFlagTimerChannels
                0x00002b40                LPIT_DRV_ClearInterruptFlagTimerChannels
 .text          0x00002b4c       0xbc mbd_main.o
                0x00002b4c                LPIT0_Ch0_IRQHandler
                0x00002b5c                SYSTEM_INIT_TASK
                0x00002b64                SYSTEM_TASK
                0x00002b6c                lpit0_init
                0x00002be0                main
 .text          0x00002c08      0x150 pins_driver.o
                0x00002c08                PINS_DRV_Init
                0x00002c28                PINS_DRV_SetPullSel
                0x00002c64                PINS_DRV_SetMuxModeSel
                0x00002c6c                PINS_DRV_SetPinIntSel
                0x00002c84                PINS_DRV_GetPinIntSel
                0x00002c90                PINS_DRV_ClearPinIntFlagCmd
                0x00002ca0                PINS_DRV_EnableDigitalFilter
                0x00002cb0                PINS_DRV_DisableDigitalFilter
                0x00002cc4                PINS_DRV_ConfigDigitalFilter
                0x00002cdc                PINS_DRV_GetPortIntFlag
                0x00002ce4                PINS_DRV_ClearPortIntFlagCmd
                0x00002cf0                PINS_DRV_GetPinsDirection
                0x00002cf4                PINS_DRV_SetPinDirection
                0x00002d0c                PINS_DRV_SetPinsDirection
                0x00002d10                PINS_DRV_SetPortInputDisable
                0x00002d14                PINS_DRV_GetPortInputDisable
                0x00002d18                PINS_DRV_SetGlobalPinControl
                0x00002d20                PINS_DRV_SetGlobalIntControl
                0x00002d28                PINS_DRV_WritePin
                0x00002d40                PINS_DRV_WritePins
                0x00002d44                PINS_DRV_GetPinsOutput
                0x00002d48                PINS_DRV_SetPins
                0x00002d4c                PINS_DRV_ClearPins
                0x00002d50                PINS_DRV_TogglePins
                0x00002d54                PINS_DRV_ReadPins
 .text          0x00002d58      0x224 pins_port_hw_access.o
                0x00002dcc                PINS_Init
                0x00002edc                PINS_SetMuxModeSel
                0x00002f2c                PINS_SetGlobalPinControl
                0x00002f58                PINS_SetGlobalIntControl
 .text          0x00002f7c      0x1c8 power_manager.o
                0x00003018                POWER_SYS_Init
                0x00003044                POWER_SYS_Deinit
                0x0000305c                POWER_SYS_GetLastMode
                0x00003074                POWER_SYS_GetLastModeConfig
                0x00003090                POWER_SYS_GetErrorCallbackIndex
                0x0000309c                POWER_SYS_GetErrorCallback
                0x000030b8                POWER_SYS_SetMode
                0x00003138                POWER_SYS_GetDefaultConfig
 .text          0x00003144      0x4c8 power_manager_S32K1xx.o
                0x000031f8                POWER_SYS_DoInit
                0x00003278                POWER_SYS_DoDeinit
                0x0000327c                POWER_SYS_GetCurrentMode
                0x000032a0                POWER_SYS_DoSetMode
                0x000035ac                POWER_SYS_GetResetSrcStatusCmd
 .text          0x0000360c      0x140 power_smc_hw_access.o
                0x00003680                SMC_SetPowerMode
                0x00003734                SMC_SetProtectionMode
 .text          0x0000374c      0x114 s32k_clock_init.o
                0x0000374c                Clock_Setup
                0x00003848                UpdateSystickConfig
 .text          0x00003860       0xd8 startup.o
                0x00003860                init_data_bss
 .text          0x00003938       0xd4 system_S32K144.o
                0x00003938                SystemInit
                0x00003974                SystemCoreClockUpdate
                0x000039f4                SystemSoftwareReset
 .text          0x00003a0c       0x30 c:/nxp/s32ds_arm_v2018.r1/cross_tools/gcc-arm-none-eabi-4_9/bin/../lib/gcc/arm-none-eabi/4.9.3/armv7e-m/fpu\libgcc.a(_aeabi_uldivmod.o)
                0x00003a0c                __aeabi_uldivmod
 .text          0x00003a3c       0x60 c:/nxp/s32ds_arm_v2018.r1/cross_tools/gcc-arm-none-eabi-4_9/bin/../lib/gcc/arm-none-eabi/4.9.3/armv7e-m/fpu\libgcc.a(bpabi.o)
                0x00003a3c                __gnu_ldivmod_helper
                0x00003a6c                __gnu_uldivmod_helper
 .text          0x00003a9c        0x4 c:/nxp/s32ds_arm_v2018.r1/cross_tools/gcc-arm-none-eabi-4_9/bin/../lib/gcc/arm-none-eabi/4.9.3/armv7e-m/fpu\libgcc.a(_dvmd_tls.o)
                0x00003a9c                __aeabi_idiv0
                0x00003a9c                __aeabi_ldiv0
 .text          0x00003aa0      0x29c c:/nxp/s32ds_arm_v2018.r1/cross_tools/gcc-arm-none-eabi-4_9/bin/../lib/gcc/arm-none-eabi/4.9.3/armv7e-m/fpu\libgcc.a(_divdi3.o)
                0x00003aa0                __divdi3
 .text          0x00003d3c      0x26c c:/nxp/s32ds_arm_v2018.r1/cross_tools/gcc-arm-none-eabi-4_9/bin/../lib/gcc/arm-none-eabi/4.9.3/armv7e-m/fpu\libgcc.a(_udivdi3.o)
                0x00003d3c                __udivdi3
 *(.text*)
 .text.memset   0x00003fa8       0x9c C:/NXP/S32DS_ARM_v2018.R1/Cross_Tools/gcc-arm-none-eabi-4_9/arm-none-eabi/newlib/lib/armv7e-m/fpu\libc.a(lib_a-memset.o)
                0x00003fa8                memset
 .text.startup.register_fini
                0x00004044       0x14 C:/NXP/S32DS_ARM_v2018.R1/Cross_Tools/gcc-arm-none-eabi-4_9/arm-none-eabi/newlib/lib/armv7e-m/fpu\libc.a(lib_a-__call_atexit.o)
 .text.atexit   0x00004058        0xc C:/NXP/S32DS_ARM_v2018.R1/Cross_Tools/gcc-arm-none-eabi-4_9/arm-none-eabi/newlib/lib/armv7e-m/fpu\libc.a(lib_a-atexit.o)
                0x00004058                atexit
 .text.__libc_fini_array
                0x00004064       0x2c C:/NXP/S32DS_ARM_v2018.R1/Cross_Tools/gcc-arm-none-eabi-4_9/arm-none-eabi/newlib/lib/armv7e-m/fpu\libc.a(lib_a-fini.o)
                0x00004064                __libc_fini_array
 .text.__register_exitproc
                0x00004090       0xa4 C:/NXP/S32DS_ARM_v2018.R1/Cross_Tools/gcc-arm-none-eabi-4_9/arm-none-eabi/newlib/lib/armv7e-m/fpu\libc.a(lib_a-__atexit.o)
                0x00004090                __register_exitproc
 *(.rodata)
 .rodata        0x00004134      0x20d clock_S32K1xx.o
                0x00004230                clockNameMappings
                0x000042e0                peripheralFeaturesList
 *fill*         0x00004341        0x3 
 .rodata        0x00004344        0x4 lpit_driver.o
 .rodata        0x00004348       0x1c mbd_main.o
 *(.rodata*)
 .rodata.str1.4
                0x00004364        0x4 C:/NXP/S32DS_ARM_v2018.R1/Cross_Tools/gcc-arm-none-eabi-4_9/arm-none-eabi/newlib/lib/armv7e-m/fpu\libc.a(lib_a-impure.o)
                                  0x2 (size before relaxing)
 .rodata._global_impure_ptr
                0x00004368        0x4 C:/NXP/S32DS_ARM_v2018.R1/Cross_Tools/gcc-arm-none-eabi-4_9/arm-none-eabi/newlib/lib/armv7e-m/fpu\libc.a(lib_a-impure.o)
                0x00004368                _global_impure_ptr
 *(.glue_7)
 .glue_7        0x00000000        0x0 linker stubs
 *(.glue_7t)
 .glue_7t       0x00000000        0x0 linker stubs
 *(.eh_frame)
 .eh_frame      0x0000436c        0x0 c:/nxp/s32ds_arm_v2018.r1/cross_tools/gcc-arm-none-eabi-4_9/bin/../lib/gcc/arm-none-eabi/4.9.3/armv7e-m/fpu/crtbegin.o
 *(.init)
 .init          0x0000436c        0x4 c:/nxp/s32ds_arm_v2018.r1/cross_tools/gcc-arm-none-eabi-4_9/bin/../lib/gcc/arm-none-eabi/4.9.3/armv7e-m/fpu/crti.o
                0x0000436c                _init
 .init          0x00004370        0x8 c:/nxp/s32ds_arm_v2018.r1/cross_tools/gcc-arm-none-eabi-4_9/bin/../lib/gcc/arm-none-eabi/4.9.3/armv7e-m/fpu/crtn.o
 *(.fini)
 .fini          0x00004378        0x4 c:/nxp/s32ds_arm_v2018.r1/cross_tools/gcc-arm-none-eabi-4_9/bin/../lib/gcc/arm-none-eabi/4.9.3/armv7e-m/fpu/crti.o
                0x00004378                _fini
 .fini          0x0000437c        0x8 c:/nxp/s32ds_arm_v2018.r1/cross_tools/gcc-arm-none-eabi-4_9/bin/../lib/gcc/arm-none-eabi/4.9.3/armv7e-m/fpu/crtn.o
                0x00004384                . = ALIGN (0x4)

.vfp11_veneer   0x00004384        0x0
 .vfp11_veneer  0x00000000        0x0 linker stubs

.v4_bx          0x00004384        0x0
 .v4_bx         0x00000000        0x0 linker stubs

.iplt           0x00004384        0x0
 .iplt          0x00000000        0x0 c:/nxp/s32ds_arm_v2018.r1/cross_tools/gcc-arm-none-eabi-4_9/bin/../lib/gcc/arm-none-eabi/4.9.3/armv7e-m/fpu/crtbegin.o

.ARM.extab
 *(.ARM.extab* .gnu.linkonce.armextab.*)

.ARM            0x00004384        0x8
                0x00004384                __exidx_start = .
 *(.ARM.exidx*)
 .ARM.exidx     0x00004384        0x8 c:/nxp/s32ds_arm_v2018.r1/cross_tools/gcc-arm-none-eabi-4_9/bin/../lib/gcc/arm-none-eabi/4.9.3/armv7e-m/fpu\libgcc.a(_divdi3.o)
 .ARM.exidx     0x0000438c        0x0 c:/nxp/s32ds_arm_v2018.r1/cross_tools/gcc-arm-none-eabi-4_9/bin/../lib/gcc/arm-none-eabi/4.9.3/armv7e-m/fpu\libgcc.a(_udivdi3.o)
                                  0x8 (size before relaxing)
                0x0000438c                __exidx_end = .

.rel.dyn        0x0000438c        0x0
 .rel.iplt      0x00000000        0x0 c:/nxp/s32ds_arm_v2018.r1/cross_tools/gcc-arm-none-eabi-4_9/bin/../lib/gcc/arm-none-eabi/4.9.3/armv7e-m/fpu/crtbegin.o

.ctors          0x0000438c        0x0
                0x0000438c                __CTOR_LIST__ = .
 *crtbegin.o(.ctors)
 *crtbegin?.o(.ctors)
 *(EXCLUDE_FILE(*crtend.o *crtend?.o) .ctors)
 *(SORT(.ctors.*))
 *(.ctors)
                0x0000438c                __CTOR_END__ = .

.dtors          0x0000438c        0x0
                0x0000438c                __DTOR_LIST__ = .
 *crtbegin.o(.dtors)
 *crtbegin?.o(.dtors)
 *(EXCLUDE_FILE(*crtend.o *crtend?.o) .dtors)
 *(SORT(.dtors.*))
 *(.dtors)
                0x0000438c                __DTOR_END__ = .

.preinit_array  0x0000438c        0x0
                0x0000438c                PROVIDE (__preinit_array_start, .)
 *(.preinit_array*)
                0x0000438c                PROVIDE (__preinit_array_end, .)

.init_array     0x0000438c        0x8
                0x0000438c                PROVIDE (__init_array_start, .)
 *(SORT(.init_array.*))
 .init_array.00000
                0x0000438c        0x4 C:/NXP/S32DS_ARM_v2018.R1/Cross_Tools/gcc-arm-none-eabi-4_9/arm-none-eabi/newlib/lib/armv7e-m/fpu\libc.a(lib_a-__call_atexit.o)
 *(.init_array*)
 .init_array    0x00004390        0x4 c:/nxp/s32ds_arm_v2018.r1/cross_tools/gcc-arm-none-eabi-4_9/bin/../lib/gcc/arm-none-eabi/4.9.3/armv7e-m/fpu/crtbegin.o
                0x00004394                PROVIDE (__init_array_end, .)

.fini_array     0x00004394        0x4
                0x00004394                PROVIDE (__fini_array_start, .)
 *(SORT(.fini_array.*))
 *(.fini_array*)
 .fini_array    0x00004394        0x4 c:/nxp/s32ds_arm_v2018.r1/cross_tools/gcc-arm-none-eabi-4_9/bin/../lib/gcc/arm-none-eabi/4.9.3/armv7e-m/fpu/crtbegin.o
                0x00004398                PROVIDE (__fini_array_end, .)
                0x00004398                __etext = .
                0x00004398                __DATA_ROM = .

.interrupts_ram
                0x1fff8000      0x400
                0x1fff8000                . = ALIGN (0x4)
                0x1fff8000                __VECTOR_RAM__ = .
                0x1fff8000                __RAM_START = .
                0x1fff8000                __interrupts_ram_start__ = .
 *(.m_interrupts_ram)
                0x1fff8400                . = (. + M_VECTOR_RAM_SIZE)
 *fill*         0x1fff8000      0x400 
                0x1fff8400                . = ALIGN (0x4)
                0x1fff8400                __interrupts_ram_end__ = .
                0x1fff8000                __VECTOR_RAM = DEFINED (__flash_vector_table__)?ORIGIN (m_interrupts):__VECTOR_RAM__
                0x00000400                __RAM_VECTOR_TABLE_SIZE = DEFINED (__flash_vector_table__)?0x0:(__interrupts_ram_end__ - __interrupts_ram_start__)

.data           0x1fff8400      0x4d4 load address 0x00004398
                0x1fff8400                . = ALIGN (0x4)
                0x1fff8400                __DATA_RAM = .
                0x1fff8400                __data_start__ = .
 *(.data)
 .data          0x1fff8400       0xa0 clock_S32K1xx.o
 .data          0x1fff84a0        0x4 system_S32K144.o
                0x1fff84a0                SystemCoreClock
 *(.data*)
 *fill*         0x1fff84a4        0x4 
 .data.impure_data
                0x1fff84a8      0x428 C:/NXP/S32DS_ARM_v2018.R1/Cross_Tools/gcc-arm-none-eabi-4_9/arm-none-eabi/newlib/lib/armv7e-m/fpu\libc.a(lib_a-impure.o)
 *(.jcr*)
 .jcr           0x1fff88d0        0x0 c:/nxp/s32ds_arm_v2018.r1/cross_tools/gcc-arm-none-eabi-4_9/bin/../lib/gcc/arm-none-eabi/4.9.3/armv7e-m/fpu/crtbegin.o
 .jcr           0x1fff88d0        0x4 c:/nxp/s32ds_arm_v2018.r1/cross_tools/gcc-arm-none-eabi-4_9/bin/../lib/gcc/arm-none-eabi/4.9.3/armv7e-m/fpu/crtend.o
                0x1fff88d4                . = ALIGN (0x4)
                0x1fff88d4                __data_end__ = .
                0x0000486c                __DATA_END = (__DATA_ROM + (__data_end__ - __data_start__))
                0x0000486c                __CODE_ROM = __DATA_END

.igot.plt       0x1fff88d4        0x0 load address 0x0000486c
 .igot.plt      0x00000000        0x0 c:/nxp/s32ds_arm_v2018.r1/cross_tools/gcc-arm-none-eabi-4_9/bin/../lib/gcc/arm-none-eabi/4.9.3/armv7e-m/fpu/crtbegin.o

.code           0x1fff88d4        0x0 load address 0x0000486c
                0x1fff88d4                . = ALIGN (0x4)
                0x1fff88d4                __CODE_RAM = .
                0x1fff88d4                __code_start__ = .
                0x1fff88d4                __code_ram_start__ = .
 *(.code_ram)
                0x1fff88d4                . = ALIGN (0x4)
                0x1fff88d4                __code_end__ = .
                0x1fff88d4                __code_ram_end__ = .
                0x0000486c                __CODE_END = (__CODE_ROM + (__code_end__ - __code_start__))
                0x0000486c                __CUSTOM_ROM = __CODE_END

.customSectionBlock
                0x20000000        0x0 load address 0x0000486c
                0x20000000                __customSection_start__ = .
 *(.customSection)
                0x20000000                __customSection_end__ = .
                0x0000486c                __CUSTOM_END = (__CUSTOM_ROM + (__customSection_end__ - __customSection_start__))

.bss            0x20000000      0x2f0
                0x20000000                . = ALIGN (0x4)
                0x20000000                __BSS_START = .
                0x20000000                __bss_start__ = .
 *(.bss)
 .bss           0x20000000       0x1c c:/nxp/s32ds_arm_v2018.r1/cross_tools/gcc-arm-none-eabi-4_9/bin/../lib/gcc/arm-none-eabi/4.9.3/armv7e-m/fpu/crtbegin.o
 .bss           0x2000001c       0x10 clock_S32K1xx.o
 .bss           0x2000002c      0x280 gpio_irq.o
 .bss           0x200002ac        0x4 interrupt_manager.o
 .bss           0x200002b0        0x4 lpit_driver.o
 .bss           0x200002b4        0xc power_manager_S32K1xx.o
 *(.bss*)
 *(COMMON)
 COMMON         0x200002c0       0x14 clock_S32K1xx.o
                0x200002c0                g_xtal0ClkFreq
                0x200002c4                g_RtcClkInFreq
                0x200002c8                g_TClkFreq
 COMMON         0x200002d4        0xa gpio_isr_control_s32k144.o
                0x200002d4                gpio_isr_control_s32k144_DW
                0x200002d8                gpio_isr_control_s32k144_M_
                0x200002dc                gpio_isr_control_s32k144_B
 *fill*         0x200002de        0x2 
 COMMON         0x200002e0       0x10 power_manager_S32K1xx.o
                0x200002e0                gPowerManagerState
                0x200002f0                . = ALIGN (0x4)
                0x200002f0                __bss_end__ = .
                0x200002f0                __BSS_END = .

.heap           0x200002f0      0x400
                0x200002f0                . = ALIGN (0x8)
                0x200002f0                __end__ = .
                0x200002f0                __heap_start__ = .
                0x200002f0                PROVIDE (end, .)
                0x200002f0                PROVIDE (_end, .)
                0x200002f0                PROVIDE (__end, .)
                0x200002f0                __HeapBase = .
                0x200006f0                . = (. + HEAP_SIZE)
 *fill*         0x200002f0      0x400 
                0x200006f0                __HeapLimit = .
                0x200006f0                __heap_limit = .
                0x200006f0                __heap_end__ = .
                0x20007000                __StackTop = (ORIGIN (m_data_2) + 0x7000)
                0x20006c00                __StackLimit = (__StackTop - STACK_SIZE)
                0x20007000                PROVIDE (__stack, __StackTop)
                0x20007000                __RAM_END = __StackTop

.stack          0x20006c00      0x400
                0x20006c00                . = ALIGN (0x8)
                0x20006c00                __stack_start__ = .
                0x20007000                . = (. + STACK_SIZE)
 *fill*         0x20006c00      0x400 
                0x20007000                __stack_end__ = .

.ARM.attributes
                0x00000000       0x30
 *(.ARM.attributes)
 .ARM.attributes
                0x00000000       0x22 c:/nxp/s32ds_arm_v2018.r1/cross_tools/gcc-arm-none-eabi-4_9/bin/../lib/gcc/arm-none-eabi/4.9.3/armv7e-m/fpu/crti.o
 .ARM.attributes
                0x00000022       0x34 c:/nxp/s32ds_arm_v2018.r1/cross_tools/gcc-arm-none-eabi-4_9/bin/../lib/gcc/arm-none-eabi/4.9.3/armv7e-m/fpu/crtbegin.o
 .ARM.attributes
                0x00000056       0x1f startup_S32K144.o
 .ARM.attributes
                0x00000075       0x39 clock_S32K1xx.o
 .ARM.attributes
                0x000000ae       0x39 gpio_irq.o
 .ARM.attributes
                0x000000e7       0x39 gpio_isr_control_s32k144.o
 .ARM.attributes
                0x00000120       0x39 interrupt_manager.o
 .ARM.attributes
                0x00000159       0x39 lpit_driver.o
 .ARM.attributes
                0x00000192       0x39 mbd_main.o
 .ARM.attributes
                0x000001cb       0x39 pins_driver.o
 .ARM.attributes
                0x00000204       0x39 pins_port_hw_access.o
 .ARM.attributes
                0x0000023d       0x39 power_manager.o
 .ARM.attributes
                0x00000276       0x39 power_manager_S32K1xx.o
 .ARM.attributes
                0x000002af       0x39 power_smc_hw_access.o
 .ARM.attributes
                0x000002e8       0x39 s32k_clock_init.o
 .ARM.attributes
                0x00000321       0x39 startup.o
 .ARM.attributes
                0x0000035a       0x39 system_S32K144.o
 .ARM.attributes
                0x00000393       0x22 c:/nxp/s32ds_arm_v2018.r1/cross_tools/gcc-arm-none-eabi-4_9/bin/../lib/gcc/arm-none-eabi/4.9.3/armv7e-m/fpu\libgcc.a(_aeabi_uldivmod.o)
 .ARM.attributes
                0x000003b5       0x34 c:/nxp/s32ds_arm_v2018.r1/cross_tools/gcc-arm-none-eabi-4_9/bin/../lib/gcc/arm-none-eabi/4.9.3/armv7e-m/fpu\libgcc.a(bpabi.o)
 .ARM.attributes
                0x000003e9       0x22 c:/nxp/s32ds_arm_v2018.r1/cross_tools/gcc-arm-none-eabi-4_9/bin/../lib/gcc/arm-none-eabi/4.9.3/armv7e-m/fpu\libgcc.a(_dvmd_tls.o)
 .ARM.attributes
                0x0000040b       0x34 c:/nxp/s32ds_arm_v2018.r1/cross_tools/gcc-arm-none-eabi-4_9/bin/../lib/gcc/arm-none-eabi/4.9.3/armv7e-m/fpu\libgcc.a(_divdi3.o)
 .ARM.attributes
                0x0000043f       0x34 c:/nxp/s32ds_arm_v2018.r1/cross_tools/gcc-arm-none-eabi-4_9/bin/../lib/gcc/arm-none-eabi/4.9.3/armv7e-m/fpu\libgcc.a(_udivdi3.o)
 .ARM.attributes
                0x00000473       0x34 C:/NXP/S32DS_ARM_v2018.R1/Cross_Tools/gcc-arm-none-eabi-4_9/arm-none-eabi/newlib/lib/armv7e-m/fpu\libc.a(lib_a-impure.o)
 .ARM.attributes
                0x000004a7       0x34 C:/NXP/S32DS_ARM_v2018.R1/Cross_Tools/gcc-arm-none-eabi-4_9/arm-none-eabi/newlib/lib/armv7e-m/fpu\libc.a(lib_a-memset.o)
 .ARM.attributes
                0x000004db       0x34 C:/NXP/S32DS_ARM_v2018.R1/Cross_Tools/gcc-arm-none-eabi-4_9/arm-none-eabi/newlib/lib/armv7e-m/fpu\libc.a(lib_a-__call_atexit.o)
 .ARM.attributes
                0x0000050f       0x34 C:/NXP/S32DS_ARM_v2018.R1/Cross_Tools/gcc-arm-none-eabi-4_9/arm-none-eabi/newlib/lib/armv7e-m/fpu\libc.a(lib_a-atexit.o)
 .ARM.attributes
                0x00000543       0x34 C:/NXP/S32DS_ARM_v2018.R1/Cross_Tools/gcc-arm-none-eabi-4_9/arm-none-eabi/newlib/lib/armv7e-m/fpu\libc.a(lib_a-fini.o)
 .ARM.attributes
                0x00000577       0x34 C:/NXP/S32DS_ARM_v2018.R1/Cross_Tools/gcc-arm-none-eabi-4_9/arm-none-eabi/newlib/lib/armv7e-m/fpu\libc.a(lib_a-__atexit.o)
 .ARM.attributes
                0x000005ab       0x34 c:/nxp/s32ds_arm_v2018.r1/cross_tools/gcc-arm-none-eabi-4_9/bin/../lib/gcc/arm-none-eabi/4.9.3/armv7e-m/fpu/crtend.o
 .ARM.attributes
                0x000005df       0x22 c:/nxp/s32ds_arm_v2018.r1/cross_tools/gcc-arm-none-eabi-4_9/bin/../lib/gcc/arm-none-eabi/4.9.3/armv7e-m/fpu/crtn.o
                0x00000001                ASSERT ((__StackLimit >= __HeapLimit), region m_data_2 overflowed with stack and heap)
OUTPUT(gpio_isr_control_s32k144.elf elf32-littlearm)

.debug_line     0x00000000     0x2af2
 .debug_line    0x00000000       0x71 startup_S32K144.o
 .debug_line    0x00000071      0xdec clock_S32K1xx.o
 .debug_line    0x00000e5d      0x17e gpio_irq.o
 .debug_line    0x00000fdb      0x229 gpio_isr_control_s32k144.o
 .debug_line    0x00001204      0x1cd interrupt_manager.o
 .debug_line    0x000013d1      0x3c1 lpit_driver.o
 .debug_line    0x00001792      0x1dd mbd_main.o
 .debug_line    0x0000196f      0x2c2 pins_driver.o
 .debug_line    0x00001c31      0x1e3 pins_port_hw_access.o
 .debug_line    0x00001e14      0x204 power_manager.o
 .debug_line    0x00002018      0x437 power_manager_S32K1xx.o
 .debug_line    0x0000244f      0x21a power_smc_hw_access.o
 .debug_line    0x00002669      0x1e6 s32k_clock_init.o
 .debug_line    0x0000284f      0x14c startup.o
 .debug_line    0x0000299b      0x157 system_S32K144.o

.debug_info     0x00000000     0xec2e
 .debug_info    0x00000000       0xb6 startup_S32K144.o
 .debug_info    0x000000b6     0x518d clock_S32K1xx.o
 .debug_info    0x00005243      0x2c2 gpio_irq.o
 .debug_info    0x00005505      0xb28 gpio_isr_control_s32k144.o
 .debug_info    0x0000602d      0x8fb interrupt_manager.o
 .debug_info    0x00006928     0x1ae4 lpit_driver.o
 .debug_info    0x0000840c      0xb2f mbd_main.o
 .debug_info    0x00008f3b     0x12fc pins_driver.o
 .debug_info    0x0000a237      0x881 pins_port_hw_access.o
 .debug_info    0x0000aab8      0x7c3 power_manager.o
 .debug_info    0x0000b27b     0x14b1 power_manager_S32K1xx.o
 .debug_info    0x0000c72c      0x9e4 power_smc_hw_access.o
 .debug_info    0x0000d110     0x1331 s32k_clock_init.o
 .debug_info    0x0000e441      0x2d8 startup.o
 .debug_info    0x0000e719      0x515 system_S32K144.o

.debug_abbrev   0x00000000     0x1bed
 .debug_abbrev  0x00000000       0x14 startup_S32K144.o
 .debug_abbrev  0x00000014      0x34f clock_S32K1xx.o
 .debug_abbrev  0x00000363       0xeb gpio_irq.o
 .debug_abbrev  0x0000044e      0x1c1 gpio_isr_control_s32k144.o
 .debug_abbrev  0x0000060f      0x1b1 interrupt_manager.o
 .debug_abbrev  0x000007c0      0x335 lpit_driver.o
 .debug_abbrev  0x00000af5      0x1fa mbd_main.o
 .debug_abbrev  0x00000cef      0x2a4 pins_driver.o
 .debug_abbrev  0x00000f93      0x1de pins_port_hw_access.o
 .debug_abbrev  0x00001171      0x1dd power_manager.o
 .debug_abbrev  0x0000134e      0x35d power_manager_S32K1xx.o
 .debug_abbrev  0x000016ab      0x1fa power_smc_hw_access.o
 .debug_abbrev  0x000018a5      0x145 s32k_clock_init.o
 .debug_abbrev  0x000019ea       0xd6 startup.o
 .debug_abbrev  0x00001ac0      0x12d system_S32K144.o

.debug_aranges  0x00000000      0x1e0
 .debug_aranges
                0x00000000       0x20 startup_S32K144.o
 .debug_aranges
                0x00000020       0x20 clock_S32K1xx.o
 .debug_aranges
                0x00000040       0x20 gpio_irq.o
 .debug_aranges
                0x00000060       0x20 gpio_isr_control_s32k144.o
 .debug_aranges
                0x00000080       0x20 interrupt_manager.o
 .debug_aranges
                0x000000a0       0x20 lpit_driver.o
 .debug_aranges
                0x000000c0       0x20 mbd_main.o
 .debug_aranges
                0x000000e0       0x20 pins_driver.o
 .debug_aranges
                0x00000100       0x20 pins_port_hw_access.o
 .debug_aranges
                0x00000120       0x20 power_manager.o
 .debug_aranges
                0x00000140       0x20 power_manager_S32K1xx.o
 .debug_aranges
                0x00000160       0x20 power_smc_hw_access.o
 .debug_aranges
                0x00000180       0x20 s32k_clock_init.o
 .debug_aranges
                0x000001a0       0x20 startup.o
 .debug_aranges
                0x000001c0       0x20 system_S32K144.o

.debug_loc      0x00000000     0x6b2e
 .debug_loc     0x00000000     0x44cc clock_S32K1xx.o
 .debug_loc     0x000044cc       0xef gpio_irq.o
 .debug_loc     0x000045bb       0x22 gpio_isr_control_s32k144.o
 .debug_loc     0x000045dd      0x23c interrupt_manager.o
 .debug_loc     0x00004819      0xad4 lpit_driver.o
 .debug_loc     0x000052ed      0x31a pins_driver.o
 .debug_loc     0x00005607      0x47d pins_port_hw_access.o
 .debug_loc     0x00005a84      0x2d7 power_manager.o
 .debug_loc     0x00005d5b      0x84e power_manager_S32K1xx.o
 .debug_loc     0x000065a9      0x379 power_smc_hw_access.o
 .debug_loc     0x00006922       0x20 s32k_clock_init.o
 .debug_loc     0x00006942       0xec startup.o
 .debug_loc     0x00006a2e      0x100 system_S32K144.o

.debug_ranges   0x00000000      0x350
 .debug_ranges  0x00000000      0x1d8 clock_S32K1xx.o
 .debug_ranges  0x000001d8       0x18 interrupt_manager.o
 .debug_ranges  0x000001f0       0x48 lpit_driver.o
 .debug_ranges  0x00000238       0x18 power_manager.o
 .debug_ranges  0x00000250      0x100 power_manager_S32K1xx.o

.debug_str      0x00000000     0x63a4
 .debug_str     0x00000000     0x37f5 clock_S32K1xx.o
                               0x38bd (size before relaxing)
 .debug_str     0x000037f5       0xe8 gpio_irq.o
                                0x314 (size before relaxing)
 .debug_str     0x000038dd      0xb3d gpio_isr_control_s32k144.o
                               0x11c9 (size before relaxing)
 .debug_str     0x0000441a      0x233 interrupt_manager.o
                                0xa39 (size before relaxing)
 .debug_str     0x0000464d      0x83e lpit_driver.o
                               0x1c92 (size before relaxing)
 .debug_str     0x00004e8b       0x6f mbd_main.o
                                0xf8b (size before relaxing)
 .debug_str     0x00004efa      0x576 pins_driver.o
                               0x13b4 (size before relaxing)
 .debug_str     0x00005470      0x1cb pins_port_hw_access.o
                                0x8eb (size before relaxing)
 .debug_str     0x0000563b      0x4dd power_manager.o
                                0xfd3 (size before relaxing)
 .debug_str     0x00005b18      0x4b8 power_manager_S32K1xx.o
                               0x1856 (size before relaxing)
 .debug_str     0x00005fd0      0x130 power_smc_hw_access.o
                                0xe63 (size before relaxing)
 .debug_str     0x00006100       0xc6 s32k_clock_init.o
                               0x2159 (size before relaxing)
 .debug_str     0x000061c6      0x14f startup.o
                                0x358 (size before relaxing)
 .debug_str     0x00006315       0x8f system_S32K144.o
                                0x3f1 (size before relaxing)

.comment        0x00000000       0x70
 .comment       0x00000000       0x70 clock_S32K1xx.o
                                 0x71 (size before relaxing)
 .comment       0x00000000       0x71 gpio_irq.o
 .comment       0x00000000       0x71 gpio_isr_control_s32k144.o
 .comment       0x00000000       0x71 interrupt_manager.o
 .comment       0x00000000       0x71 lpit_driver.o
 .comment       0x00000000       0x71 mbd_main.o
 .comment       0x00000000       0x71 pins_driver.o
 .comment       0x00000000       0x71 pins_port_hw_access.o
 .comment       0x00000000       0x71 power_manager.o
 .comment       0x00000000       0x71 power_manager_S32K1xx.o
 .comment       0x00000000       0x71 power_smc_hw_access.o
 .comment       0x00000000       0x71 s32k_clock_init.o
 .comment       0x00000000       0x71 startup.o
 .comment       0x00000000       0x71 system_S32K144.o

.debug_frame    0x00000000      0xf10
 .debug_frame   0x00000000      0x35c clock_S32K1xx.o
 .debug_frame   0x0000035c       0xc0 gpio_irq.o
 .debug_frame   0x0000041c       0xa8 gpio_isr_control_s32k144.o
 .debug_frame   0x000004c4       0xe8 interrupt_manager.o
 .debug_frame   0x000005ac      0x1b0 lpit_driver.o
 .debug_frame   0x0000075c       0x90 mbd_main.o
 .debug_frame   0x000007ec      0x1e4 pins_driver.o
 .debug_frame   0x000009d0       0xa0 pins_port_hw_access.o
 .debug_frame   0x00000a70       0xe0 power_manager.o
 .debug_frame   0x00000b50       0xc8 power_manager_S32K1xx.o
 .debug_frame   0x00000c18       0x58 power_smc_hw_access.o
 .debug_frame   0x00000c70       0x44 s32k_clock_init.o
 .debug_frame   0x00000cb4       0x34 startup.o
 .debug_frame   0x00000ce8       0x40 system_S32K144.o
 .debug_frame   0x00000d28       0x28 c:/nxp/s32ds_arm_v2018.r1/cross_tools/gcc-arm-none-eabi-4_9/bin/../lib/gcc/arm-none-eabi/4.9.3/armv7e-m/fpu\libgcc.a(_aeabi_uldivmod.o)
 .debug_frame   0x00000d50       0x50 c:/nxp/s32ds_arm_v2018.r1/cross_tools/gcc-arm-none-eabi-4_9/bin/../lib/gcc/arm-none-eabi/4.9.3/armv7e-m/fpu\libgcc.a(bpabi.o)
 .debug_frame   0x00000da0       0x34 c:/nxp/s32ds_arm_v2018.r1/cross_tools/gcc-arm-none-eabi-4_9/bin/../lib/gcc/arm-none-eabi/4.9.3/armv7e-m/fpu\libgcc.a(_divdi3.o)
 .debug_frame   0x00000dd4       0x30 c:/nxp/s32ds_arm_v2018.r1/cross_tools/gcc-arm-none-eabi-4_9/bin/../lib/gcc/arm-none-eabi/4.9.3/armv7e-m/fpu\libgcc.a(_udivdi3.o)
 .debug_frame   0x00000e04       0x34 C:/NXP/S32DS_ARM_v2018.R1/Cross_Tools/gcc-arm-none-eabi-4_9/arm-none-eabi/newlib/lib/armv7e-m/fpu\libc.a(lib_a-memset.o)
 .debug_frame   0x00000e38       0x50 C:/NXP/S32DS_ARM_v2018.R1/Cross_Tools/gcc-arm-none-eabi-4_9/arm-none-eabi/newlib/lib/armv7e-m/fpu\libc.a(lib_a-__call_atexit.o)
 .debug_frame   0x00000e88       0x20 C:/NXP/S32DS_ARM_v2018.R1/Cross_Tools/gcc-arm-none-eabi-4_9/arm-none-eabi/newlib/lib/armv7e-m/fpu\libc.a(lib_a-atexit.o)
 .debug_frame   0x00000ea8       0x34 C:/NXP/S32DS_ARM_v2018.R1/Cross_Tools/gcc-arm-none-eabi-4_9/arm-none-eabi/newlib/lib/armv7e-m/fpu\libc.a(lib_a-fini.o)
 .debug_frame   0x00000edc       0x34 C:/NXP/S32DS_ARM_v2018.R1/Cross_Tools/gcc-arm-none-eabi-4_9/arm-none-eabi/newlib/lib/armv7e-m/fpu\libc.a(lib_a-__atexit.o)
