Archive member included because of file (symbol)

c:/nxp/s32ds_arm_v2018.r1/cross_tools/gcc-arm-none-eabi-4_9/bin/../lib/gcc/arm-none-eabi/4.9.3/armv7e-m/fpu\libgcc.a(_arm_addsubdf3.o)
                              adc_pdb_trigger_s32k14x.o (__aeabi_ui2d)
c:/nxp/s32ds_arm_v2018.r1/cross_tools/gcc-arm-none-eabi-4_9/bin/../lib/gcc/arm-none-eabi/4.9.3/armv7e-m/fpu\libgcc.a(_arm_muldivdf3.o)
                              adc_pdb_trigger_s32k14x.o (__aeabi_dmul)
c:/nxp/s32ds_arm_v2018.r1/cross_tools/gcc-arm-none-eabi-4_9/bin/../lib/gcc/arm-none-eabi/4.9.3/armv7e-m/fpu\libgcc.a(_arm_cmpdf2.o)
                              adc_pdb_trigger_s32k14x.o (__aeabi_dcmplt)
c:/nxp/s32ds_arm_v2018.r1/cross_tools/gcc-arm-none-eabi-4_9/bin/../lib/gcc/arm-none-eabi/4.9.3/armv7e-m/fpu\libgcc.a(_aeabi_uldivmod.o)
                              lpit_driver.o (__aeabi_uldivmod)
c:/nxp/s32ds_arm_v2018.r1/cross_tools/gcc-arm-none-eabi-4_9/bin/../lib/gcc/arm-none-eabi/4.9.3/armv7e-m/fpu\libgcc.a(bpabi.o)
                              c:/nxp/s32ds_arm_v2018.r1/cross_tools/gcc-arm-none-eabi-4_9/bin/../lib/gcc/arm-none-eabi/4.9.3/armv7e-m/fpu\libgcc.a(_aeabi_uldivmod.o) (__gnu_uldivmod_helper)
c:/nxp/s32ds_arm_v2018.r1/cross_tools/gcc-arm-none-eabi-4_9/bin/../lib/gcc/arm-none-eabi/4.9.3/armv7e-m/fpu\libgcc.a(_dvmd_tls.o)
                              c:/nxp/s32ds_arm_v2018.r1/cross_tools/gcc-arm-none-eabi-4_9/bin/../lib/gcc/arm-none-eabi/4.9.3/armv7e-m/fpu\libgcc.a(_aeabi_uldivmod.o) (__aeabi_ldiv0)
c:/nxp/s32ds_arm_v2018.r1/cross_tools/gcc-arm-none-eabi-4_9/bin/../lib/gcc/arm-none-eabi/4.9.3/armv7e-m/fpu\libgcc.a(_divdi3.o)
                              c:/nxp/s32ds_arm_v2018.r1/cross_tools/gcc-arm-none-eabi-4_9/bin/../lib/gcc/arm-none-eabi/4.9.3/armv7e-m/fpu\libgcc.a(bpabi.o) (__divdi3)
c:/nxp/s32ds_arm_v2018.r1/cross_tools/gcc-arm-none-eabi-4_9/bin/../lib/gcc/arm-none-eabi/4.9.3/armv7e-m/fpu\libgcc.a(_udivdi3.o)
                              c:/nxp/s32ds_arm_v2018.r1/cross_tools/gcc-arm-none-eabi-4_9/bin/../lib/gcc/arm-none-eabi/4.9.3/armv7e-m/fpu\libgcc.a(bpabi.o) (__udivdi3)
C:/NXP/S32DS_ARM_v2018.R1/Cross_Tools/gcc-arm-none-eabi-4_9/arm-none-eabi/newlib/lib/armv7e-m/fpu\libc.a(lib_a-exit.o)
                              C:/NXP/S32DS_ARM_v2018.R1/Cross_Tools/gcc-arm-none-eabi-4_9/arm-none-eabi/newlib/lib/armv7e-m/fpu/crt0.o (exit)
C:/NXP/S32DS_ARM_v2018.R1/Cross_Tools/gcc-arm-none-eabi-4_9/arm-none-eabi/newlib/lib/armv7e-m/fpu\libc.a(lib_a-impure.o)
                              C:/NXP/S32DS_ARM_v2018.R1/Cross_Tools/gcc-arm-none-eabi-4_9/arm-none-eabi/newlib/lib/armv7e-m/fpu\libc.a(lib_a-exit.o) (_global_impure_ptr)
C:/NXP/S32DS_ARM_v2018.R1/Cross_Tools/gcc-arm-none-eabi-4_9/arm-none-eabi/newlib/lib/armv7e-m/fpu\libc.a(lib_a-init.o)
                              C:/NXP/S32DS_ARM_v2018.R1/Cross_Tools/gcc-arm-none-eabi-4_9/arm-none-eabi/newlib/lib/armv7e-m/fpu/crt0.o (__libc_init_array)
C:/NXP/S32DS_ARM_v2018.R1/Cross_Tools/gcc-arm-none-eabi-4_9/arm-none-eabi/newlib/lib/armv7e-m/fpu\libc.a(lib_a-memset.o)
                              C:/NXP/S32DS_ARM_v2018.R1/Cross_Tools/gcc-arm-none-eabi-4_9/arm-none-eabi/newlib/lib/armv7e-m/fpu/crt0.o (memset)
C:/NXP/S32DS_ARM_v2018.R1/Cross_Tools/gcc-arm-none-eabi-4_9/arm-none-eabi/newlib/lib/armv7e-m/fpu\libc.a(lib_a-__call_atexit.o)
                              C:/NXP/S32DS_ARM_v2018.R1/Cross_Tools/gcc-arm-none-eabi-4_9/arm-none-eabi/newlib/lib/armv7e-m/fpu\libc.a(lib_a-exit.o) (__call_exitprocs)
C:/NXP/S32DS_ARM_v2018.R1/Cross_Tools/gcc-arm-none-eabi-4_9/arm-none-eabi/newlib/lib/armv7e-m/fpu\libc.a(lib_a-atexit.o)
                              C:/NXP/S32DS_ARM_v2018.R1/Cross_Tools/gcc-arm-none-eabi-4_9/arm-none-eabi/newlib/lib/armv7e-m/fpu\libc.a(lib_a-__call_atexit.o) (atexit)
C:/NXP/S32DS_ARM_v2018.R1/Cross_Tools/gcc-arm-none-eabi-4_9/arm-none-eabi/newlib/lib/armv7e-m/fpu\libc.a(lib_a-fini.o)
                              C:/NXP/S32DS_ARM_v2018.R1/Cross_Tools/gcc-arm-none-eabi-4_9/arm-none-eabi/newlib/lib/armv7e-m/fpu\libc.a(lib_a-__call_atexit.o) (__libc_fini_array)
C:/NXP/S32DS_ARM_v2018.R1/Cross_Tools/gcc-arm-none-eabi-4_9/arm-none-eabi/newlib/lib/armv7e-m/fpu\libc.a(lib_a-__atexit.o)
                              C:/NXP/S32DS_ARM_v2018.R1/Cross_Tools/gcc-arm-none-eabi-4_9/arm-none-eabi/newlib/lib/armv7e-m/fpu\libc.a(lib_a-atexit.o) (__register_exitproc)
C:/NXP/S32DS_ARM_v2018.R1/Cross_Tools/gcc-arm-none-eabi-4_9/arm-none-eabi/newlib/lib/armv7e-m/fpu\libnosys.a(_exit.o)
                              C:/NXP/S32DS_ARM_v2018.R1/Cross_Tools/gcc-arm-none-eabi-4_9/arm-none-eabi/newlib/lib/armv7e-m/fpu\libc.a(lib_a-exit.o) (_exit)

Allocating common symbols
Common symbol       size              file

pcm_pRecVarAddr     0x20              freemaster_rec.o
pcm_wRecBuffStartIx
                    0x2               freemaster_rec.o
Temperature         0x4               adc_pdb_trigger_s32k14x.o
g_xtal0ClkFreq      0x4               clock_S32K1xx.o
[...]
Memory Configuration

Name             Origin             Length             Attributes
m_interrupts     0x00000000         0x00000400         xr
m_flash_config   0x00000400         0x00000010         xr
m_text           0x00000410         0x0007fbf0         xr
m_data           0x1fff8000         0x00008000         rw
m_data_2         0x20000000         0x00007000         rw
*default*        0x00000000         0xffffffff

Linker script and memory map

LOAD c:/nxp/s32ds_arm_v2018.r1/cross_tools/gcc-arm-none-eabi-4_9/bin/../lib/gcc/arm-none-eabi/4.9.3/armv7e-m/fpu/crti.o
LOAD c:/nxp/s32ds_arm_v2018.r1/cross_tools/gcc-arm-none-eabi-4_9/bin/../lib/gcc/arm-none-eabi/4.9.3/armv7e-m/fpu/crtbegin.o
LOAD C:/NXP/S32DS_ARM_v2018.R1/Cross_Tools/gcc-arm-none-eabi-4_9/arm-none-eabi/newlib/lib/armv7e-m/fpu/crt0.o
                0x00000001                __ram_vector_table__ = 0x1
LOAD startup_S32K144.o
LOAD adc_driver.o
LOAD adc_pdb_trigger_s32k14x.o
LOAD clock_S32K1xx.o
LOAD edma_driver.o
LOAD edma_hw_access.o
LOAD edma_irq.o
LOAD freemaster_S32K1xx.o
LOAD freemaster_appcmd.o
LOAD freemaster_interface_init.o
LOAD freemaster_protocol.o
LOAD freemaster_rec.o
LOAD freemaster_scope.o
LOAD freemaster_serial.o
LOAD freemaster_sfio.o
LOAD freemaster_tsa.o
LOAD interrupt_manager.o
LOAD lin_common.o
LOAD lin_driver.o
LOAD lin_irq.o
LOAD lin_lpuart_driver.o
LOAD lpit_driver.o
LOAD lpuart_driver.o
LOAD lpuart_hw_access.o
LOAD lpuart_irq.o
LOAD mbd_adc_irq.o
LOAD mbd_main.o
LOAD osif_baremetal.o
LOAD pdb0_isr.o
LOAD pdb0_params.o
LOAD pdb_driver.o
LOAD pdb_hw_access.o
LOAD pins_driver.o
LOAD pins_port_hw_access.o
LOAD power_manager.o
LOAD power_manager_S32K1xx.o
LOAD power_smc_hw_access.o
LOAD s32k_clock_init.o
LOAD startup.o
LOAD system_S32K144.o
LOAD trgmux_driver.o
LOAD trgmux_hw_access.o
LOAD C:/NXP/S32DS_ARM_v2018.R1/Cross_Tools/gcc-arm-none-eabi-4_9/arm-none-eabi/newlib/lib/armv7e-m/fpu\libm.a
LOAD S32K14x_AMMCLIB.a
START GROUP
LOAD c:/nxp/s32ds_arm_v2018.r1/cross_tools/gcc-arm-none-eabi-4_9/bin/../lib/gcc/arm-none-eabi/4.9.3/armv7e-m/fpu\libgcc.a
LOAD C:/NXP/S32DS_ARM_v2018.R1/Cross_Tools/gcc-arm-none-eabi-4_9/arm-none-eabi/newlib/lib/armv7e-m/fpu\libc.a
END GROUP
START GROUP
LOAD c:/nxp/s32ds_arm_v2018.r1/cross_tools/gcc-arm-none-eabi-4_9/bin/../lib/gcc/arm-none-eabi/4.9.3/armv7e-m/fpu\libgcc.a
LOAD C:/NXP/S32DS_ARM_v2018.R1/Cross_Tools/gcc-arm-none-eabi-4_9/arm-none-eabi/newlib/lib/armv7e-m/fpu\libc.a
LOAD C:/NXP/S32DS_ARM_v2018.R1/Cross_Tools/gcc-arm-none-eabi-4_9/arm-none-eabi/newlib/lib/armv7e-m/fpu\libnosys.a
END GROUP
LOAD c:/nxp/s32ds_arm_v2018.r1/cross_tools/gcc-arm-none-eabi-4_9/bin/../lib/gcc/arm-none-eabi/4.9.3/armv7e-m/fpu/crtend.o
LOAD c:/nxp/s32ds_arm_v2018.r1/cross_tools/gcc-arm-none-eabi-4_9/bin/../lib/gcc/arm-none-eabi/4.9.3/armv7e-m/fpu/crtn.o
                0x00000400                HEAP_SIZE = DEFINED (__heap_size__)?__heap_size__:0x400
                0x00000400                STACK_SIZE = DEFINED (__stack_size__)?__stack_size__:0x400
                0x00000400                M_VECTOR_RAM_SIZE = DEFINED (__flash_vector_table__)?0x0:0x400

.interrupts     0x00000000      0x400
                0x00000000                __VECTOR_TABLE = .
                0x00000000                __interrupts_start__ = .
                0x00000000                . = ALIGN (0x4)
 *(.isr_vector)
 .isr_vector    0x00000000      0x400 startup_S32K144.o
                0x00000000                __isr_vector
                0x00000400                __interrupts_end__ = .
                0x00000400                . = ALIGN (0x4)

.flash_config   0x00000400       0x10
                0x00000400                . = ALIGN (0x4)
 *(.FlashConfig)
 .FlashConfig   0x00000400       0x10 startup_S32K144.o
                0x00000410                . = ALIGN (0x4)

.text           0x00000410     0x8370
                0x00000410                . = ALIGN (0x4)
 *(.text)
 .text          0x00000410       0x5c c:/nxp/s32ds_arm_v2018.r1/cross_tools/gcc-arm-none-eabi-4_9/bin/../lib/gcc/arm-none-eabi/4.9.3/armv7e-m/fpu/crtbegin.o
 .text          0x0000046c       0x60 startup_S32K144.o
                0x0000046c                Reset_Handler
                0x000004c8                DebugMon_Handler
                0x000004c8                Reserved88_IRQHandler
                0x000004c8                CAN0_ORed_IRQHandler
                0x000004c8                HardFault_Handler
                0x000004c8                Reserved86_IRQHandler
                0x000004c8                Reserved103_IRQHandler
                0x000004c8                FTM2_Ovf_Reload_IRQHandler
                0x000004c8                Reserved50_IRQHandler
                0x000004c8                FTFC_Fault_IRQHandler
                0x000004c8                FTM0_Ch6_Ch7_IRQHandler
                0x000004c8                Reserved114_IRQHandler
                0x000004c8                PendSV_Handler
                0x000004c8                NMI_Handler
                0x000004c8                Reserved89_IRQHandler
                0x000004c8                ERM_double_fault_IRQHandler
                0x000004c8                Reserved59_IRQHandler
                0x000004c8                Reserved99_IRQHandler
                0x000004c8                FTM3_Ch6_Ch7_IRQHandler
                0x000004c8                CAN2_ORed_0_15_MB_IRQHandler
                0x000004c8                LPIT0_Ch3_IRQHandler
                0x000004c8                Reserved92_IRQHandler
                0x000004c8                FTM0_Ch4_Ch5_IRQHandler
                0x000004c8                CAN1_Error_IRQHandler
                0x000004c8                FTM3_Ch0_Ch1_IRQHandler
                0x000004c8                SWI_IRQHandler
                0x000004c8                FTM2_Ch4_Ch5_IRQHandler
                0x000004c8                UsageFault_Handler
                0x000004c8                FTM0_Ovf_Reload_IRQHandler
                0x000004c8                DefaultISR
                0x000004c8                Reserved58_IRQHandler
                0x000004c8                CAN1_ORed_0_15_MB_IRQHandler
                0x000004c8                FTM1_Ch2_Ch3_IRQHandler
                0x000004c8                Reserved82_IRQHandler
                0x000004c8                CAN0_ORed_16_31_MB_IRQHandler
                0x000004c8                LPI2C0_Slave_IRQHandler
                0x000004c8                Reserved71_IRQHandler
                0x000004c8                PORTD_IRQHandler
                0x000004c8                Reserved69_IRQHandler
                0x000004c8                PORTB_IRQHandler
                0x000004c8                Reserved70_IRQHandler
                0x000004c8                FTM2_Ch2_Ch3_IRQHandler
                0x000004c8                Reserved53_IRQHandler
                0x000004c8                RTC_IRQHandler
                0x000004c8                PDB0_IRQHandler
                0x000004c8                Reserved54_IRQHandler
                0x000004c8                FTM2_Ch6_Ch7_IRQHandler
                0x000004c8                FTM3_Ch2_Ch3_IRQHandler
                0x000004c8                FTM2_Ch0_Ch1_IRQHandler
                0x000004c8                LPSPI1_IRQHandler
                0x000004c8                LPUART1_RxTx_IRQHandler
                0x000004c8                RTC_Seconds_IRQHandler
                0x000004c8                CAN2_ORed_IRQHandler
                0x000004c8                Reserved72_IRQHandler
                0x000004c8                Reserved110_IRQHandler
                0x000004c8                Reserved107_IRQHandler
                0x000004c8                Read_Collision_IRQHandler
                0x000004c8                CAN2_Error_IRQHandler
                0x000004c8                FTFC_IRQHandler
                0x000004c8                FTM1_Ch6_Ch7_IRQHandler
                0x000004c8                Reserved105_IRQHandler
                0x000004c8                LPIT0_Ch1_IRQHandler
                0x000004c8                FTM1_Ch4_Ch5_IRQHandler
                0x000004c8                FTM3_Ovf_Reload_IRQHandler
                0x000004c8                LPUART2_RxTx_IRQHandler
                0x000004c8                LPSPI0_IRQHandler
                0x000004c8                WDOG_EWM_IRQHandler
                0x000004c8                MemManage_Handler
                0x000004c8                Reserved90_IRQHandler
                0x000004c8                Reserved83_IRQHandler
                0x000004c8                FTM0_Fault_IRQHandler
                0x000004c8                Reserved48_IRQHandler
                0x000004c8                SVC_Handler
                0x000004c8                ERM_single_fault_IRQHandler
                0x000004c8                FTM2_Fault_IRQHandler
                0x000004c8                FTM0_Ch2_Ch3_IRQHandler
                0x000004c8                FTM0_Ch0_Ch1_IRQHandler
                0x000004c8                FTM3_Fault_IRQHandler
                0x000004c8                RCM_IRQHandler
                0x000004c8                Reserved100_IRQHandler
                0x000004c8                Reserved91_IRQHandler
                0x000004c8                CAN1_ORed_IRQHandler
                0x000004c8                SCG_IRQHandler
                0x000004c8                PDB1_IRQHandler
                0x000004c8                Reserved81_IRQHandler
                0x000004c8                Reserved46_IRQHandler
                0x000004c8                Reserved45_IRQHandler
                0x000004c8                CAN0_Error_IRQHandler
                0x000004c8                Reserved112_IRQHandler
                0x000004c8                LPI2C0_Master_IRQHandler
                0x000004c8                FTM1_Fault_IRQHandler
                0x000004c8                Reserved106_IRQHandler
                0x000004c8                LVD_LVW_IRQHandler
                0x000004c8                LPIT0_Ch2_IRQHandler
                0x000004c8                PORTA_IRQHandler
                0x000004c8                MCM_IRQHandler
                0x000004c8                LPSPI2_IRQHandler
                0x000004c8                FTM3_Ch4_Ch5_IRQHandler
                0x000004c8                CAN0_ORed_0_15_MB_IRQHandler
                0x000004c8                PORTE_IRQHandler
                0x000004c8                LPUART0_RxTx_IRQHandler
                0x000004c8                LPTMR0_IRQHandler
                0x000004c8                BusFault_Handler
                0x000004c8                Reserved87_IRQHandler
                0x000004c8                FTM1_Ovf_Reload_IRQHandler
                0x000004c8                Reserved93_IRQHandler
                0x000004c8                CAN0_Wake_Up_IRQHandler
                0x000004c8                CMP0_IRQHandler
                0x000004c8                Reserved52_IRQHandler
                0x000004c8                PORTC_IRQHandler
                0x000004c8                FTM1_Ch0_Ch1_IRQHandler
                0x000004c8                FLEXIO_IRQHandler
                0x000004c8                Reserved113_IRQHandler
 .text          0x000004cc      0x77c adc_driver.o
                0x000004cc                ADC_DRV_InitConverterStruct
                0x000004e8                ADC_DRV_ConfigConverter
                0x00000670                ADC_DRV_GetConverterConfig
                0x0000075c                ADC_DRV_InitHwCompareStruct
                0x0000076c                ADC_DRV_ConfigHwCompare
                0x000007cc                ADC_DRV_GetHwCompareConfig
                0x00000804                ADC_DRV_InitHwAverageStruct
                0x0000080c                ADC_DRV_ConfigHwAverage
                0x00000844                ADC_DRV_GetHwAverageConfig
                0x00000864                ADC_DRV_InitChanStruct
                0x00000870                ADC_DRV_ConfigChan
                0x000008c8                ADC_DRV_GetChanConfig
                0x00000908                ADC_DRV_SetSwPretrigger
                0x0000094c                ADC_DRV_Reset
                0x000009e4                ADC_DRV_WaitConvDone
                0x000009fc                ADC_DRV_GetConvCompleteFlag
                0x00000a10                ADC_DRV_GetChanResult
                0x00000a28                ADC_DRV_AutoCalibration
                0x00000b70                ADC_DRV_InitUserCalibrationStruct
                0x00000b7c                ADC_DRV_ConfigUserCalibration
                0x00000bc8                ADC_DRV_GetUserCalibration
                0x00000be8                ADC_DRV_GetInterruptNumber
                0x00000bf8                ADC_DRV_ClearLatchedTriggers
                0x00000c1c                ADC_DRV_ClearTriggerErrors
                0x00000c34                ADC_DRV_GetTriggerErrorFlags
 .text          0x00000c48      0x38c adc_pdb_trigger_s32k14x.o
                0x00000c48                adc_pdb_trigger__Subsystem_Init
                0x00000c60                adc_pdb_trigger_Subsystem_Reset
                0x00000c78                adc_pdb_trigger_Subsystem_Start
                0x00000d2c                adc_pdb_trigger_s32k1_Subsystem
                0x00000dd4                adc_pdb_trigger_s32k14x_step
                0x00000e30                adc_pdb_trigger_s32k14x_initialize
                0x00000fd0                adc_pdb_trigger_s32k14x_terminate
 .text          0x00000fd4     0x1b98 clock_S32K1xx.o
                0x00001b54                CLOCK_DRV_Init
                0x000020e8                CLOCK_DRV_GetFreq
                0x000024a0                CLOCK_DRV_SetModuleClock
                0x00002618                CLOCK_DRV_SetSystemClock
                0x00002728                CLOCK_DRV_GetSystemClockSource
                0x00002784                CLOCK_DRV_SetClockSource
                0x00002a38                CLOCK_SYS_Init
                0x00002a54                CLOCK_SYS_UpdateConfiguration
                0x00002b34                CLOCK_SYS_GetCurrentConfiguration
                0x00002b40                CLOCK_SYS_GetErrorCallback
                0x00002b5c                CLOCK_SYS_GetFreq
                0x00002b64                CLOCK_SYS_SetConfiguration
 .text          0x00002b6c      0xa70 edma_driver.o
                0x00002b7c                EDMA_DRV_InstallCallback
                0x00002b9c                EDMA_DRV_ReleaseChannel
                0x00002bd0                EDMA_DRV_Deinit
                0x00002c18                EDMA_DRV_IRQHandler
                0x00002c44                EDMA_DRV_ErrorIRQHandler
                0x00002c80                EDMA_DRV_ConfigSingleBlockTransfer
                0x00002da8                EDMA_DRV_ConfigMultiBlockTransfer
                0x00002e04                EDMA_DRV_StartChannel
                0x00002e1c                EDMA_DRV_StopChannel
                0x00002e34                EDMA_DRV_SetChannelRequestAndTrigger
                0x00002e78                EDMA_DRV_ChannelInit
                0x00002f14                EDMA_DRV_Init
                0x00002fcc                EDMA_DRV_ClearTCD
                0x00002fe0                EDMA_DRV_SetSrcAddr
                0x00002ff4                EDMA_DRV_SetSrcOffset
                0x00003008                EDMA_DRV_SetSrcReadChunkSize
                0x00003030                EDMA_DRV_SetSrcLastAddrAdjustment
                0x00003040                EDMA_DRV_SetDestLastAddrAdjustment
                0x00003058                EDMA_DRV_SetDestAddr
                0x00003070                EDMA_DRV_SetDestOffset
                0x00003084                EDMA_DRV_SetDestWriteChunkSize
                0x000030a8                EDMA_DRV_SetMinorLoopBlockSize
                0x000030bc                EDMA_DRV_SetMajorLoopIterationCount
                0x000030d0                EDMA_DRV_GetRemainingMajorIterationsCount
                0x000030e4                EDMA_DRV_SetScatterGatherLink
                0x000030f8                EDMA_DRV_DisableRequestsOnTransferComplete
                0x00003120                EDMA_DRV_ConfigureInterrupt
                0x00003180                EDMA_DRV_CancelTransfer
                0x00003198                EDMA_DRV_TriggerSwRequest
                0x000031a8                EDMA_DRV_PushConfigToSTCD
                0x00003234                EDMA_DRV_PushConfigToReg
                0x00003408                EDMA_DRV_ConfigLoopTransfer
                0x00003430                EDMA_DRV_ConfigScatterGatherTransfer
                0x000035c4                EDMA_DRV_GetChannelStatus
                0x000035d4                EDMA_DRV_GetDmaRegBaseAddr
 .text          0x000035dc      0x290 edma_hw_access.o
                0x000035dc                EDMA_CancelTransfer
                0x000035f0                EDMA_CancelTransferWithError
                0x00003604                EDMA_SetErrorIntCmd
                0x00003610                EDMA_SetDmaRequestCmd
                0x0000361c                EDMA_TCDClearReg
                0x00003658                EDMA_Init
                0x0000367c                EDMA_TCDSetAttribute
                0x000036ac                EDMA_TCDSetNbytes
                0x00003708                EDMA_TCDSetMinorLoopOffset
                0x0000374c                EDMA_TCDSetScatterGatherLink
                0x00003758                EDMA_TCDSetChannelMinorLink
                0x000037c8                EDMA_TCDSetMajorCount
                0x00003828                EDMA_TCDGetCurrentMajorCount
                0x0000385c                DMAMUX_Init
 .text          0x0000386c       0xe4 edma_irq.o
                0x0000386c                DMA0_IRQHandler
                0x00003878                DMA1_IRQHandler
                0x00003884                DMA2_IRQHandler
                0x00003890                DMA3_IRQHandler
                0x0000389c                DMA4_IRQHandler
                0x000038a8                DMA5_IRQHandler
                0x000038b4                DMA6_IRQHandler
                0x000038c0                DMA7_IRQHandler
                0x000038cc                DMA8_IRQHandler
                0x000038d8                DMA9_IRQHandler
                0x000038e4                DMA10_IRQHandler
                0x000038f0                DMA11_IRQHandler
                0x000038fc                DMA12_IRQHandler
                0x00003908                DMA13_IRQHandler
                0x00003914                DMA14_IRQHandler
                0x00003920                DMA15_IRQHandler
                0x0000392c                DMA_Error_IRQHandler
 .text          0x00003950      0x134 freemaster_S32K1xx.o
                0x00003950                FMSTR_Isr
                0x00003958                FMSTR_CopyMemory
                0x00003978                FMSTR_CopyToBuffer
                0x0000399c                FMSTR_CopyFromBuffer
                0x000039c0                FMSTR_ValueFromBuffer16
                0x000039cc                FMSTR_ValueFromBuffer32
                0x000039d8                FMSTR_ValueToBuffer16
                0x000039f0                FMSTR_ValueToBuffer32
                0x00003a08                FMSTR_CopyFromBufferWithMask
                0x00003a34                FMSTR_SetExAddr
                0x00003a40                FMSTR_AddressToBuffer
                0x00003a68                FMSTR_AddressFromBuffer
 .text          0x00003a84       0xc0 freemaster_interface_init.o
                0x00003a84                freemaster_interface_init
                0x00003b24                freemaster_interface_isr_init
 .text          0x00003b44      0x290 freemaster_protocol.o
                0x00003b44                FMSTR_Init
                0x00003b5c                FMSTR_GetBoardInfo
                0x00003ba8                FMSTR_ReadMem
                0x00003bdc                FMSTR_ReadVar
                0x00003c00                FMSTR_WriteMem
                0x00003c28                FMSTR_WriteVar
                0x00003c50                FMSTR_WriteMemMask
                0x00003c78                FMSTR_ProtocolDecoder
                0x00003d90                FMSTR_WriteVarMask
                0x00003db8                FMSTR_StrLen
 .text          0x00003dd4      0x4fc freemaster_rec.o
                0x00003e6c                FMSTR_InitRec
                0x00003e84                FMSTR_AbortRec
                0x00003e90                FMSTR_SetUpRecBuff
                0x00003e94                FMSTR_SetUpRec
                0x00004038                FMSTR_TriggerRec
                0x00004064                FMSTR_StartRec
                0x000040d0                FMSTR_StopRec
                0x00004104                FMSTR_GetRecStatus
                0x0000412c                FMSTR_GetRecBuffSize
                0x00004134                FMSTR_IsInRecBuffer
                0x00004154                FMSTR_GetRecBuff
                0x000041ac                FMSTR_Recorder
 .text          0x000042d0       0xc0 freemaster_scope.o
                0x000042d0                FMSTR_InitScope
                0x000042d4                FMSTR_SetUpScope
                0x00004350                FMSTR_ReadScope
 .text          0x00004390      0x31c freemaster_serial.o
                0x000043c4                FMSTR_SendResponse
                0x00004440                FMSTR_Tx
                0x00004490                FMSTR_ProcessSCI
                0x00004510                FMSTR_Rx
                0x00004654                FMSTR_InitSerial
                0x00004674                FMSTR_Poll
 .text          0x000046ac      0x194 interrupt_manager.o
                0x000046ac                INT_SYS_InstallHandler
                0x000046dc                INT_SYS_EnableIRQ
                0x000046f4                INT_SYS_DisableIRQ
                0x0000470c                INT_SYS_EnableIRQGlobal
                0x00004728                INT_SYS_DisableIRQGlobal
                0x00004738                INT_SYS_SetPriority
                0x00004794                INT_SYS_GetPriority
                0x000047d8                INT_SYS_ClearPending
                0x000047f0                INT_SYS_SetPending
                0x00004808                INT_SYS_GetPending
                0x00004824                INT_SYS_GetActive
 .text          0x00004840      0x658 lpit_driver.o
                0x00004840                LPIT_DRV_GetDefaultConfig
                0x00004848                LPIT_DRV_GetDefaultChanConfig
                0x00004868                LPIT_DRV_Init
                0x00004914                LPIT_DRV_Deinit
                0x00004924                LPIT_DRV_StartTimerChannels
                0x00004934                LPIT_DRV_StopTimerChannels
                0x00004944                LPIT_DRV_SetTimerPeriodByUs
                0x000049f0                LPIT_DRV_InitChannel
                0x00004b74                LPIT_DRV_SetTimerPeriodInDual16ModeByUs
                0x00004bfc                LPIT_DRV_GetTimerPeriodByUs
                0x00004d0c                LPIT_DRV_GetCurrentTimerUs
                0x00004df4                LPIT_DRV_SetTimerPeriodByCount
                0x00004e04                LPIT_DRV_SetTimerPeriodInDual16ModeByCount
                0x00004e18                LPIT_DRV_GetTimerPeriodByCount
                0x00004e3c                LPIT_DRV_GetCurrentTimerCount
                0x00004e60                LPIT_DRV_EnableTimerChannelInterrupt
                0x00004e70                LPIT_DRV_DisableTimerChannelInterrupt
                0x00004e80                LPIT_DRV_GetInterruptFlagTimerChannels
                0x00004e8c                LPIT_DRV_ClearInterruptFlagTimerChannels
 .text          0x00004e98      0xdf8 lpuart_driver.o
                0x000053ac                LPUART_DRV_GetDefaultConfig
                0x000053c4                LPUART_DRV_Deinit
                0x00005434                LPUART_DRV_InstallRxCallback
                0x00005448                LPUART_DRV_InstallTxCallback
                0x0000545c                LPUART_DRV_SendDataBlocking
                0x000054b8                LPUART_DRV_SendDataPolling
                0x00005540                LPUART_DRV_SendData
                0x00005564                LPUART_DRV_GetTransmitStatus
                0x000055a0                LPUART_DRV_AbortSendingData
                0x000055d0                LPUART_DRV_ReceiveDataBlocking
                0x0000562c                LPUART_DRV_ReceiveDataPolling
                0x00005778                LPUART_DRV_ReceiveData
                0x0000579c                LPUART_DRV_GetReceiveStatus
                0x000057d8                LPUART_DRV_AbortReceivingData
                0x00005808                LPUART_DRV_SetBaudRate
                0x000058dc                LPUART_DRV_Init
                0x000059bc                LPUART_DRV_GetBaudRate
                0x000059f4                LPUART_DRV_SetTxBuffer
                0x00005a08                LPUART_DRV_SetRxBuffer
                0x00005a1c                LPUART_DRV_IRQHandler
 .text          0x00005c90      0x354 lpuart_hw_access.o
                0x00005c90                LPUART_Init
                0x00005cb4                LPUART_SetBitCountPerChar
                0x00005ce4                LPUART_SetParityMode
                0x00005d04                LPUART_Putchar9
                0x00005d1c                LPUART_Putchar10
                0x00005d40                LPUART_Getchar9
                0x00005d54                LPUART_Getchar10
                0x00005d74                LPUART_SetIntMode
                0x00005ddc                LPUART_GetIntMode
                0x00005e24                LPUART_GetStatusFlag
                0x00005e6c                LPUART_ClearStatusFlag
                0x00005fa4                LPUART_SetErrorInterrupts
 .text          0x00005fe4       0x24 lpuart_irq.o
                0x00005fe4                LPUART0_IrqHandler
                0x00005ff0                LPUART1_IrqHandler
                0x00005ffc                LPUART2_IrqHandler
 .text          0x00006008       0x70 mbd_adc_irq.o
                0x00006008                ADC_CommonIRQHandler
                0x00006050                ADC_InstallCallback
                0x00006060                ADC0_IRQHandler
                0x0000606c                ADC1_IRQHandler
 .text          0x00006078       0xc0 mbd_main.o
                0x00006078                LPIT0_Ch0_IRQHandler
                0x00006088                SYSTEM_INIT_TASK
                0x00006090                SYSTEM_TASK
                0x00006098                lpit0_init
                0x0000610c                main
 .text          0x00006138      0x140 osif_baremetal.o
                0x00006138                SysTick_Handler
                0x00006148                OSIF_TimeDelay
                0x00006198                OSIF_GetMilliseconds
                0x000061a4                OSIF_MutexLock
                0x000061a8                OSIF_MutexUnlock
                0x000061ac                OSIF_MutexCreate
                0x000061b0                OSIF_MutexDestroy
                0x000061b4                OSIF_SemaWait
                0x00006238                OSIF_SemaPost
                0x00006260                OSIF_SemaCreate
                0x00006274                OSIF_SemaDestroy
 .text          0x00006278       0x54 pdb0_isr.o
                0x00006278                pdb0_isr
 .text          0x000062cc      0x280 pdb_driver.o
                0x000062cc                PDB_DRV_Init
                0x00006338                PDB_DRV_Deinit
                0x00006368                PDB_DRV_GetDefaultConfig
                0x0000637c                PDB_DRV_Enable
                0x00006390                PDB_DRV_Disable
                0x000063a4                PDB_DRV_SoftTriggerCmd
                0x000063b8                PDB_DRV_GetTimerValue
                0x000063c8                PDB_DRV_GetTimerIntFlag
                0x000063dc                PDB_DRV_ClearTimerIntFlag
                0x000063fc                PDB_DRV_LoadValuesCmd
                0x00006410                PDB_DRV_SetTimerModulusValue
                0x00006428                PDB_DRV_SetValueForTimerInterrupt
                0x00006440                PDB_DRV_ConfigAdcPreTrigger
                0x00006484                PDB_DRV_GetAdcPreTriggerFlags
                0x000064a0                PDB_DRV_ClearAdcPreTriggerFlags
                0x000064b4                PDB_DRV_GetAdcPreTriggerSeqErrFlags
                0x000064d0                PDB_DRV_ClearAdcPreTriggerSeqErrFlags
                0x000064e4                PDB_DRV_SetAdcPreTriggerDelayValue
                0x00006508                PDB_DRV_SetCmpPulseOutEnable
                0x0000651c                PDB_DRV_SetCmpPulseOutDelayForHigh
                0x00006534                PDB_DRV_SetCmpPulseOutDelayForLow
 .text          0x0000654c      0x1ac pdb_hw_access.o
                0x0000654c                PDB_Init
                0x000065a4                PDB_ConfigTimer
                0x00006604                PDB_SetAdcPreTriggerBackToBackEnable
                0x00006638                PDB_SetAdcPreTriggerOutputEnable
                0x00006668                PDB_SetAdcPreTriggerEnable
                0x00006694                PDB_ClearAdcPreTriggerFlags
                0x000066bc                PDB_ClearAdcPreTriggerSeqErrFlags
                0x000066e0                PDB_SetCmpPulseOutEnable
 .text          0x000066f8      0x150 pins_driver.o
                0x000066f8                PINS_DRV_Init
                0x00006718                PINS_DRV_SetPullSel
                0x00006754                PINS_DRV_SetMuxModeSel
                0x0000675c                PINS_DRV_SetPinIntSel
                0x00006774                PINS_DRV_GetPinIntSel
                0x00006780                PINS_DRV_ClearPinIntFlagCmd
                0x00006790                PINS_DRV_EnableDigitalFilter
                0x000067a0                PINS_DRV_DisableDigitalFilter
                0x000067b4                PINS_DRV_ConfigDigitalFilter
                0x000067cc                PINS_DRV_GetPortIntFlag
                0x000067d4                PINS_DRV_ClearPortIntFlagCmd
                0x000067e0                PINS_DRV_GetPinsDirection
                0x000067e4                PINS_DRV_SetPinDirection
                0x000067fc                PINS_DRV_SetPinsDirection
                0x00006800                PINS_DRV_SetPortInputDisable
                0x00006804                PINS_DRV_GetPortInputDisable
                0x00006808                PINS_DRV_SetGlobalPinControl
                0x00006810                PINS_DRV_SetGlobalIntControl
                0x00006818                PINS_DRV_WritePin
                0x00006830                PINS_DRV_WritePins
                0x00006834                PINS_DRV_GetPinsOutput
                0x00006838                PINS_DRV_SetPins
                0x0000683c                PINS_DRV_ClearPins
                0x00006840                PINS_DRV_TogglePins
                0x00006844                PINS_DRV_ReadPins
 .text          0x00006848      0x224 pins_port_hw_access.o
                0x000068bc                PINS_Init
                0x000069cc                PINS_SetMuxModeSel
                0x00006a1c                PINS_SetGlobalPinControl
                0x00006a48                PINS_SetGlobalIntControl
 .text          0x00006a6c      0x1c8 power_manager.o
                0x00006b08                POWER_SYS_Init
                0x00006b34                POWER_SYS_Deinit
                0x00006b4c                POWER_SYS_GetLastMode
                0x00006b64                POWER_SYS_GetLastModeConfig
                0x00006b80                POWER_SYS_GetErrorCallbackIndex
                0x00006b8c                POWER_SYS_GetErrorCallback
                0x00006ba8                POWER_SYS_SetMode
                0x00006c28                POWER_SYS_GetDefaultConfig
 .text          0x00006c34      0x4c8 power_manager_S32K1xx.o
                0x00006ce8                POWER_SYS_DoInit
                0x00006d68                POWER_SYS_DoDeinit
                0x00006d6c                POWER_SYS_GetCurrentMode
                0x00006d90                POWER_SYS_DoSetMode
                0x0000709c                POWER_SYS_GetResetSrcStatusCmd
 .text          0x000070fc      0x140 power_smc_hw_access.o
                0x00007170                SMC_SetPowerMode
                0x00007224                SMC_SetProtectionMode
 .text          0x0000723c      0x114 s32k_clock_init.o
                0x0000723c                Clock_Setup
                0x00007338                UpdateSystickConfig
 .text          0x00007350       0xd8 startup.o
                0x00007350                init_data_bss
 .text          0x00007428       0xd4 system_S32K144.o
                0x00007428                SystemInit
                0x00007464                SystemCoreClockUpdate
                0x000074e4                SystemSoftwareReset
 .text          0x000074fc      0x370 c:/nxp/s32ds_arm_v2018.r1/cross_tools/gcc-arm-none-eabi-4_9/bin/../lib/gcc/arm-none-eabi/4.9.3/armv7e-m/fpu\libgcc.a(_arm_addsubdf3.o)
                0x000074fc                __aeabi_drsub
                0x00007504                __aeabi_dsub
                0x00007504                __subdf3
                0x00007508                __aeabi_dadd
                0x00007508                __adddf3
                0x00007780                __floatunsidf
                0x00007780                __aeabi_ui2d
                0x000077a0                __floatsidf
                0x000077a0                __aeabi_i2d
                0x000077c4                __aeabi_f2d
                0x000077c4                __extendsfdf2
                0x00007800                __floatundidf
                0x00007800                __aeabi_ul2d
                0x00007810                __floatdidf
                0x00007810                __aeabi_l2d
 .text          0x0000786c      0x424 c:/nxp/s32ds_arm_v2018.r1/cross_tools/gcc-arm-none-eabi-4_9/bin/../lib/gcc/arm-none-eabi/4.9.3/armv7e-m/fpu\libgcc.a(_arm_muldivdf3.o)
                0x0000786c                __aeabi_dmul
                0x0000786c                __muldf3
                0x00007ac0                __divdf3
                0x00007ac0                __aeabi_ddiv
 .text          0x00007c90      0x110 c:/nxp/s32ds_arm_v2018.r1/cross_tools/gcc-arm-none-eabi-4_9/bin/../lib/gcc/arm-none-eabi/4.9.3/armv7e-m/fpu\libgcc.a(_arm_cmpdf2.o)
                0x00007c90                __gtdf2
                0x00007c90                __gedf2
                0x00007c98                __ltdf2
                0x00007c98                __ledf2
                0x00007ca0                __nedf2
                0x00007ca0                __eqdf2
                0x00007ca0                __cmpdf2
                0x00007d1c                __aeabi_cdrcmple
                0x00007d2c                __aeabi_cdcmpeq
                0x00007d2c                __aeabi_cdcmple
                0x00007d3c                __aeabi_dcmpeq
                0x00007d50                __aeabi_dcmplt
                0x00007d64                __aeabi_dcmple
                0x00007d78                __aeabi_dcmpge
                0x00007d8c                __aeabi_dcmpgt
 .text          0x00007da0       0x30 c:/nxp/s32ds_arm_v2018.r1/cross_tools/gcc-arm-none-eabi-4_9/bin/../lib/gcc/arm-none-eabi/4.9.3/armv7e-m/fpu\libgcc.a(_aeabi_uldivmod.o)
                0x00007da0                __aeabi_uldivmod
 .text          0x00007dd0       0x60 c:/nxp/s32ds_arm_v2018.r1/cross_tools/gcc-arm-none-eabi-4_9/bin/../lib/gcc/arm-none-eabi/4.9.3/armv7e-m/fpu\libgcc.a(bpabi.o)
                0x00007dd0                __gnu_ldivmod_helper
                0x00007e00                __gnu_uldivmod_helper
 .text          0x00007e30        0x4 c:/nxp/s32ds_arm_v2018.r1/cross_tools/gcc-arm-none-eabi-4_9/bin/../lib/gcc/arm-none-eabi/4.9.3/armv7e-m/fpu\libgcc.a(_dvmd_tls.o)
                0x00007e30                __aeabi_idiv0
                0x00007e30                __aeabi_ldiv0
 .text          0x00007e34      0x29c c:/nxp/s32ds_arm_v2018.r1/cross_tools/gcc-arm-none-eabi-4_9/bin/../lib/gcc/arm-none-eabi/4.9.3/armv7e-m/fpu\libgcc.a(_divdi3.o)
                0x00007e34                __divdi3
 .text          0x000080d0      0x26c c:/nxp/s32ds_arm_v2018.r1/cross_tools/gcc-arm-none-eabi-4_9/bin/../lib/gcc/arm-none-eabi/4.9.3/armv7e-m/fpu\libgcc.a(_udivdi3.o)
                0x000080d0                __udivdi3
 *(.text*)
 .text.memset   0x0000833c       0x9c C:/NXP/S32DS_ARM_v2018.R1/Cross_Tools/gcc-arm-none-eabi-4_9/arm-none-eabi/newlib/lib/armv7e-m/fpu\libc.a(lib_a-memset.o)
                0x0000833c                memset
 .text.startup.register_fini
                0x000083d8       0x14 C:/NXP/S32DS_ARM_v2018.R1/Cross_Tools/gcc-arm-none-eabi-4_9/arm-none-eabi/newlib/lib/armv7e-m/fpu\libc.a(lib_a-__call_atexit.o)
 .text.atexit   0x000083ec        0xc C:/NXP/S32DS_ARM_v2018.R1/Cross_Tools/gcc-arm-none-eabi-4_9/arm-none-eabi/newlib/lib/armv7e-m/fpu\libc.a(lib_a-atexit.o)
                0x000083ec                atexit
 .text.__libc_fini_array
                0x000083f8       0x2c C:/NXP/S32DS_ARM_v2018.R1/Cross_Tools/gcc-arm-none-eabi-4_9/arm-none-eabi/newlib/lib/armv7e-m/fpu\libc.a(lib_a-fini.o)
                0x000083f8                __libc_fini_array
 .text.__register_exitproc
                0x00008424       0xa4 C:/NXP/S32DS_ARM_v2018.R1/Cross_Tools/gcc-arm-none-eabi-4_9/arm-none-eabi/newlib/lib/armv7e-m/fpu\libc.a(lib_a-__atexit.o)
                0x00008424                __register_exitproc
 *(.rodata)
 .rodata        0x000084c8        0xe adc_driver.o
 *fill*         0x000084d6        0x2 
 .rodata        0x000084d8       0x10 adc_pdb_trigger_s32k14x.o
                0x000084e4                adc_pdb_trigger_s32k14x_M
 .rodata        0x000084e8      0x20d clock_S32K1xx.o
                0x000085e4                clockNameMappings
                0x00008694                peripheralFeaturesList
 *fill*         0x000086f5        0x3 
 .rodata        0x000086f8       0x10 edma_driver.o
 .rodata        0x00008708        0x4 lpit_driver.o
 .rodata        0x0000870c       0x13 lpuart_driver.o
 *fill*         0x0000871f        0x1 
 .rodata        0x00008720       0x1c mbd_main.o
 .rodata        0x0000873c        0xe pdb_driver.o
 *(.rodata*)
 *fill*         0x0000874a        0x2 
 .rodata.str1.4
                0x0000874c       0x13 freemaster_protocol.o
 *fill*         0x0000875f        0x1 
 .rodata.str1.4
                0x00008760        0x4 C:/NXP/S32DS_ARM_v2018.R1/Cross_Tools/gcc-arm-none-eabi-4_9/arm-none-eabi/newlib/lib/armv7e-m/fpu\libc.a(lib_a-impure.o)
                                  0x2 (size before relaxing)
 .rodata._global_impure_ptr
                0x00008764        0x4 C:/NXP/S32DS_ARM_v2018.R1/Cross_Tools/gcc-arm-none-eabi-4_9/arm-none-eabi/newlib/lib/armv7e-m/fpu\libc.a(lib_a-impure.o)
                0x00008764                _global_impure_ptr
 *(.glue_7)
 .glue_7        0x00000000        0x0 linker stubs
 *(.glue_7t)
 .glue_7t       0x00000000        0x0 linker stubs
 *(.eh_frame)
 .eh_frame      0x00008768        0x0 c:/nxp/s32ds_arm_v2018.r1/cross_tools/gcc-arm-none-eabi-4_9/bin/../lib/gcc/arm-none-eabi/4.9.3/armv7e-m/fpu/crtbegin.o
 *(.init)
 .init          0x00008768        0x4 c:/nxp/s32ds_arm_v2018.r1/cross_tools/gcc-arm-none-eabi-4_9/bin/../lib/gcc/arm-none-eabi/4.9.3/armv7e-m/fpu/crti.o
                0x00008768                _init
 .init          0x0000876c        0x8 c:/nxp/s32ds_arm_v2018.r1/cross_tools/gcc-arm-none-eabi-4_9/bin/../lib/gcc/arm-none-eabi/4.9.3/armv7e-m/fpu/crtn.o
 *(.fini)
 .fini          0x00008774        0x4 c:/nxp/s32ds_arm_v2018.r1/cross_tools/gcc-arm-none-eabi-4_9/bin/../lib/gcc/arm-none-eabi/4.9.3/armv7e-m/fpu/crti.o
                0x00008774                _fini
 .fini          0x00008778        0x8 c:/nxp/s32ds_arm_v2018.r1/cross_tools/gcc-arm-none-eabi-4_9/bin/../lib/gcc/arm-none-eabi/4.9.3/armv7e-m/fpu/crtn.o
                0x00008780                . = ALIGN (0x4)

.vfp11_veneer   0x00008780        0x0
 .vfp11_veneer  0x00000000        0x0 linker stubs

.v4_bx          0x00008780        0x0
 .v4_bx         0x00000000        0x0 linker stubs

.iplt           0x00008780        0x0
 .iplt          0x00000000        0x0 c:/nxp/s32ds_arm_v2018.r1/cross_tools/gcc-arm-none-eabi-4_9/bin/../lib/gcc/arm-none-eabi/4.9.3/armv7e-m/fpu/crtbegin.o

.ARM.extab
 *(.ARM.extab* .gnu.linkonce.armextab.*)

.ARM            0x00008780        0x8
                0x00008780                __exidx_start = .
 *(.ARM.exidx*)
 .ARM.exidx     0x00008780        0x8 c:/nxp/s32ds_arm_v2018.r1/cross_tools/gcc-arm-none-eabi-4_9/bin/../lib/gcc/arm-none-eabi/4.9.3/armv7e-m/fpu\libgcc.a(_divdi3.o)
 .ARM.exidx     0x00008788        0x0 c:/nxp/s32ds_arm_v2018.r1/cross_tools/gcc-arm-none-eabi-4_9/bin/../lib/gcc/arm-none-eabi/4.9.3/armv7e-m/fpu\libgcc.a(_udivdi3.o)
                                  0x8 (size before relaxing)
                0x00008788                __exidx_end = .

.rel.dyn        0x00008788        0x0
 .rel.iplt      0x00000000        0x0 c:/nxp/s32ds_arm_v2018.r1/cross_tools/gcc-arm-none-eabi-4_9/bin/../lib/gcc/arm-none-eabi/4.9.3/armv7e-m/fpu/crtbegin.o

.ctors          0x00008788        0x0
                0x00008788                __CTOR_LIST__ = .
 *crtbegin.o(.ctors)
 *crtbegin?.o(.ctors)
 *(EXCLUDE_FILE(*crtend.o *crtend?.o) .ctors)
 *(SORT(.ctors.*))
 *(.ctors)
                0x00008788                __CTOR_END__ = .

.dtors          0x00008788        0x0
                0x00008788                __DTOR_LIST__ = .
 *crtbegin.o(.dtors)
 *crtbegin?.o(.dtors)
 *(EXCLUDE_FILE(*crtend.o *crtend?.o) .dtors)
 *(SORT(.dtors.*))
 *(.dtors)
                0x00008788                __DTOR_END__ = .

.preinit_array  0x00008788        0x0
                0x00008788                PROVIDE (__preinit_array_start, .)
 *(.preinit_array*)
                0x00008788                PROVIDE (__preinit_array_end, .)

.init_array     0x00008788        0x8
                0x00008788                PROVIDE (__init_array_start, .)
 *(SORT(.init_array.*))
 .init_array.00000
                0x00008788        0x4 C:/NXP/S32DS_ARM_v2018.R1/Cross_Tools/gcc-arm-none-eabi-4_9/arm-none-eabi/newlib/lib/armv7e-m/fpu\libc.a(lib_a-__call_atexit.o)
 *(.init_array*)
 .init_array    0x0000878c        0x4 c:/nxp/s32ds_arm_v2018.r1/cross_tools/gcc-arm-none-eabi-4_9/bin/../lib/gcc/arm-none-eabi/4.9.3/armv7e-m/fpu/crtbegin.o
                0x00008790                PROVIDE (__init_array_end, .)

.fini_array     0x00008790        0x4
                0x00008790                PROVIDE (__fini_array_start, .)
 *(SORT(.fini_array.*))
 *(.fini_array*)
 .fini_array    0x00008790        0x4 c:/nxp/s32ds_arm_v2018.r1/cross_tools/gcc-arm-none-eabi-4_9/bin/../lib/gcc/arm-none-eabi/4.9.3/armv7e-m/fpu/crtbegin.o
                0x00008794                PROVIDE (__fini_array_end, .)
                0x00008794                __etext = .
                0x00008794                __DATA_ROM = .

.interrupts_ram
                0x1fff8000      0x400
                0x1fff8000                . = ALIGN (0x4)
                0x1fff8000                __VECTOR_RAM__ = .
                0x1fff8000                __RAM_START = .
                0x1fff8000                __interrupts_ram_start__ = .
 *(.m_interrupts_ram)
                0x1fff8400                . = (. + M_VECTOR_RAM_SIZE)
 *fill*         0x1fff8000      0x400 
                0x1fff8400                . = ALIGN (0x4)
                0x1fff8400                __interrupts_ram_end__ = .
                0x1fff8000                __VECTOR_RAM = DEFINED (__flash_vector_table__)?ORIGIN (m_interrupts):__VECTOR_RAM__
                0x00000400                __RAM_VECTOR_TABLE_SIZE = DEFINED (__flash_vector_table__)?0x0:(__interrupts_ram_end__ - __interrupts_ram_start__)

.data           0x1fff8400      0x4fc load address 0x00008794
                0x1fff8400                . = ALIGN (0x4)
                0x1fff8400                __DATA_RAM = .
                0x1fff8400                __data_start__ = .
 *(.data)
 .data          0x1fff8400       0xa0 clock_S32K1xx.o
 .data          0x1fff84a0        0xc lpuart_irq.o
                0x1fff84a0                g_lpuartIsr
 .data          0x1fff84ac       0x19 pdb0_params.o
                0x1fff84ac                pdb0Ch0UPreTrigConfig1U
                0x1fff84b4                pdb0Ch0UPreTrigConfig0U
                0x1fff84bc                pdb0TimerConfig
 *fill*         0x1fff84c5        0x3 
 .data          0x1fff84c8        0x4 system_S32K144.o
                0x1fff84c8                SystemCoreClock
 *(.data*)
 *fill*         0x1fff84cc        0x4 
 .data.impure_data
                0x1fff84d0      0x428 C:/NXP/S32DS_ARM_v2018.R1/Cross_Tools/gcc-arm-none-eabi-4_9/arm-none-eabi/newlib/lib/armv7e-m/fpu\libc.a(lib_a-impure.o)
 *(.jcr*)
 .jcr           0x1fff88f8        0x0 c:/nxp/s32ds_arm_v2018.r1/cross_tools/gcc-arm-none-eabi-4_9/bin/../lib/gcc/arm-none-eabi/4.9.3/armv7e-m/fpu/crtbegin.o
 .jcr           0x1fff88f8        0x4 c:/nxp/s32ds_arm_v2018.r1/cross_tools/gcc-arm-none-eabi-4_9/bin/../lib/gcc/arm-none-eabi/4.9.3/armv7e-m/fpu/crtend.o
                0x1fff88fc                . = ALIGN (0x4)
                0x1fff88fc                __data_end__ = .
                0x00008c90                __DATA_END = (__DATA_ROM + (__data_end__ - __data_start__))
                0x00008c90                __CODE_ROM = __DATA_END

.igot.plt       0x1fff88fc        0x0 load address 0x00008c90
 .igot.plt      0x00000000        0x0 c:/nxp/s32ds_arm_v2018.r1/cross_tools/gcc-arm-none-eabi-4_9/bin/../lib/gcc/arm-none-eabi/4.9.3/armv7e-m/fpu/crtbegin.o

.code           0x1fff88fc        0x0 load address 0x00008c90
                0x1fff88fc                . = ALIGN (0x4)
                0x1fff88fc                __CODE_RAM = .
                0x1fff88fc                __code_start__ = .
                0x1fff88fc                __code_ram_start__ = .
 *(.code_ram)
                0x1fff88fc                . = ALIGN (0x4)
                0x1fff88fc                __code_end__ = .
                0x1fff88fc                __code_ram_end__ = .
                0x00008c90                __CODE_END = (__CODE_ROM + (__code_end__ - __code_start__))
                0x00008c90                __CUSTOM_ROM = __CODE_END

.customSectionBlock
                0x20000000        0x0 load address 0x00008c90
                0x20000000                __customSection_start__ = .
 *(.customSection)
                0x20000000                __customSection_end__ = .
                0x00008c90                __CUSTOM_END = (__CUSTOM_ROM + (__customSection_end__ - __customSection_start__))

.bss            0x20000000      0x62c
                0x20000000                . = ALIGN (0x4)
                0x20000000                __BSS_START = .
                0x20000000                __bss_start__ = .
 *(.bss)
 .bss           0x20000000       0x1c c:/nxp/s32ds_arm_v2018.r1/cross_tools/gcc-arm-none-eabi-4_9/bin/../lib/gcc/arm-none-eabi/4.9.3/armv7e-m/fpu/crtbegin.o
 .bss           0x2000001c       0x10 clock_S32K1xx.o
 .bss           0x2000002c        0x4 edma_driver.o
 .bss           0x20000030        0x1 freemaster_S32K1xx.o
 *fill*         0x20000031        0x3 
 .bss           0x20000034      0x414 freemaster_rec.o
 .bss           0x20000448       0x2c freemaster_scope.o
 .bss           0x20000474       0x7a freemaster_serial.o
 *fill*         0x200004ee        0x2 
 .bss           0x200004f0        0x4 interrupt_manager.o
 .bss           0x200004f4        0x4 lpit_driver.o
 .bss           0x200004f8        0xc lpuart_driver.o
 .bss           0x20000504       0x80 mbd_adc_irq.o
 .bss           0x20000584        0x4 osif_baremetal.o
 .bss           0x20000588        0xc power_manager_S32K1xx.o
 *(.bss*)
 *(COMMON)
 COMMON         0x20000594       0x2c adc_pdb_trigger_s32k14x.o
                0x20000594                Temperature
                0x20000598                adc_pdb_trigger_s32k14x_B
                0x200005a4                adc_pdb_trigger_s32k14x_DW
                0x200005a8                Potentiometer_Value
                0x200005ac                adc_pdb_trigger_s32k14x_Y
                0x200005b8                adc_pdb_trigger_s32k14x_M_
 COMMON         0x200005c0       0x14 clock_S32K1xx.o
                0x200005c0                g_xtal0ClkFreq
                0x200005c4                g_RtcClkInFreq
                0x200005c8                g_TClkFreq
 COMMON         0x200005d4       0x48 freemaster_rec.o
                0x200005d4                pcm_pRecVarAddr
                0x200005f4                pcm_wRecBuffStartIx
                0x200005f8                pcm_dwRecEndBuffPtr
                0x200005fc                pcm_pRecVarSize
                0x20000604                pcm_wRecTotalSmps
                0x20000606                pcm_nRecVarCount
                0x20000608                pcm_wRecTimeDivCtr
                0x2000060a                pcm_wStoprecCountDown
                0x2000060c                pcm_nRecTriggerMode
                0x20000610                pcm_wRecFlags
                0x20000614                pcm_wRecTimeDiv
                0x20000616                pcm_wRecPostTrigger
                0x20000618                pcm_dwRecWritePtr
 COMMON         0x2000061c       0x10 power_manager_S32K1xx.o
                0x2000061c                gPowerManagerState
                0x2000062c                . = ALIGN (0x4)
                0x2000062c                __bss_end__ = .
                0x2000062c                __BSS_END = .

.heap           0x2000062c      0x404
                0x20000630                . = ALIGN (0x8)
 *fill*         0x2000062c        0x4 
                0x20000630                __end__ = .
                0x20000630                __heap_start__ = .
                0x20000630                PROVIDE (end, .)
                0x20000630                PROVIDE (_end, .)
                0x20000630                PROVIDE (__end, .)
                0x20000630                __HeapBase = .
                0x20000a30                . = (. + HEAP_SIZE)
 *fill*         0x20000630      0x400 
                0x20000a30                __HeapLimit = .
                0x20000a30                __heap_limit = .
                0x20000a30                __heap_end__ = .
                0x20007000                __StackTop = (ORIGIN (m_data_2) + 0x7000)
                0x20006c00                __StackLimit = (__StackTop - STACK_SIZE)
                0x20007000                PROVIDE (__stack, __StackTop)
                0x20007000                __RAM_END = __StackTop

.stack          0x20006c00      0x400
                0x20006c00                . = ALIGN (0x8)
                0x20006c00                __stack_start__ = .
                0x20007000                . = (. + STACK_SIZE)
 *fill*         0x20006c00      0x400 
                0x20007000                __stack_end__ = .

.ARM.attributes
                0x00000000       0x30
 *(.ARM.attributes)
 .ARM.attributes
                0x00000000       0x22 c:/nxp/s32ds_arm_v2018.r1/cross_tools/gcc-arm-none-eabi-4_9/bin/../lib/gcc/arm-none-eabi/4.9.3/armv7e-m/fpu/crti.o
 .ARM.attributes
                0x00000022       0x34 c:/nxp/s32ds_arm_v2018.r1/cross_tools/gcc-arm-none-eabi-4_9/bin/../lib/gcc/arm-none-eabi/4.9.3/armv7e-m/fpu/crtbegin.o
 .ARM.attributes
                0x00000056       0x1f startup_S32K144.o
 .ARM.attributes
                0x00000075       0x39 adc_driver.o
 .ARM.attributes
                0x000000ae       0x39 adc_pdb_trigger_s32k14x.o
 .ARM.attributes
                0x000000e7       0x39 clock_S32K1xx.o
 .ARM.attributes
                0x00000120       0x39 edma_driver.o
 .ARM.attributes
                0x00000159       0x39 edma_hw_access.o
 .ARM.attributes
                0x00000192       0x39 edma_irq.o
 .ARM.attributes
                0x000001cb       0x39 freemaster_S32K1xx.o
 .ARM.attributes
                0x00000204       0x39 freemaster_interface_init.o
 .ARM.attributes
                0x0000023d       0x39 freemaster_protocol.o
 .ARM.attributes
                0x00000276       0x39 freemaster_rec.o
 .ARM.attributes
                0x000002af       0x39 freemaster_scope.o
 .ARM.attributes
                0x000002e8       0x39 freemaster_serial.o
 .ARM.attributes
                0x00000321       0x39 interrupt_manager.o
 .ARM.attributes
                0x0000035a       0x39 lpit_driver.o
 .ARM.attributes
                0x00000393       0x39 lpuart_driver.o
 .ARM.attributes
                0x000003cc       0x39 lpuart_hw_access.o
 .ARM.attributes
                0x00000405       0x39 lpuart_irq.o
 .ARM.attributes
                0x0000043e       0x39 mbd_adc_irq.o
 .ARM.attributes
                0x00000477       0x39 mbd_main.o
 .ARM.attributes
                0x000004b0       0x39 osif_baremetal.o
 .ARM.attributes
                0x000004e9       0x39 pdb0_isr.o
 .ARM.attributes
                0x00000522       0x39 pdb0_params.o
 .ARM.attributes
                0x0000055b       0x39 pdb_driver.o
 .ARM.attributes
                0x00000594       0x39 pdb_hw_access.o
 .ARM.attributes
                0x000005cd       0x39 pins_driver.o
 .ARM.attributes
                0x00000606       0x39 pins_port_hw_access.o
 .ARM.attributes
                0x0000063f       0x39 power_manager.o
 .ARM.attributes
                0x00000678       0x39 power_manager_S32K1xx.o
 .ARM.attributes
                0x000006b1       0x39 power_smc_hw_access.o
 .ARM.attributes
                0x000006ea       0x39 s32k_clock_init.o
 .ARM.attributes
                0x00000723       0x39 startup.o
 .ARM.attributes
                0x0000075c       0x39 system_S32K144.o
 .ARM.attributes
                0x00000795       0x22 c:/nxp/s32ds_arm_v2018.r1/cross_tools/gcc-arm-none-eabi-4_9/bin/../lib/gcc/arm-none-eabi/4.9.3/armv7e-m/fpu\libgcc.a(_arm_addsubdf3.o)
 .ARM.attributes
                0x000007b7       0x22 c:/nxp/s32ds_arm_v2018.r1/cross_tools/gcc-arm-none-eabi-4_9/bin/../lib/gcc/arm-none-eabi/4.9.3/armv7e-m/fpu\libgcc.a(_arm_muldivdf3.o)
 .ARM.attributes
                0x000007d9       0x22 c:/nxp/s32ds_arm_v2018.r1/cross_tools/gcc-arm-none-eabi-4_9/bin/../lib/gcc/arm-none-eabi/4.9.3/armv7e-m/fpu\libgcc.a(_arm_cmpdf2.o)
 .ARM.attributes
                0x000007fb       0x22 c:/nxp/s32ds_arm_v2018.r1/cross_tools/gcc-arm-none-eabi-4_9/bin/../lib/gcc/arm-none-eabi/4.9.3/armv7e-m/fpu\libgcc.a(_aeabi_uldivmod.o)
 .ARM.attributes
                0x0000081d       0x34 c:/nxp/s32ds_arm_v2018.r1/cross_tools/gcc-arm-none-eabi-4_9/bin/../lib/gcc/arm-none-eabi/4.9.3/armv7e-m/fpu\libgcc.a(bpabi.o)
 .ARM.attributes
                0x00000851       0x22 c:/nxp/s32ds_arm_v2018.r1/cross_tools/gcc-arm-none-eabi-4_9/bin/../lib/gcc/arm-none-eabi/4.9.3/armv7e-m/fpu\libgcc.a(_dvmd_tls.o)
 .ARM.attributes
                0x00000873       0x34 c:/nxp/s32ds_arm_v2018.r1/cross_tools/gcc-arm-none-eabi-4_9/bin/../lib/gcc/arm-none-eabi/4.9.3/armv7e-m/fpu\libgcc.a(_divdi3.o)
 .ARM.attributes
                0x000008a7       0x34 c:/nxp/s32ds_arm_v2018.r1/cross_tools/gcc-arm-none-eabi-4_9/bin/../lib/gcc/arm-none-eabi/4.9.3/armv7e-m/fpu\libgcc.a(_udivdi3.o)
 .ARM.attributes
                0x000008db       0x34 C:/NXP/S32DS_ARM_v2018.R1/Cross_Tools/gcc-arm-none-eabi-4_9/arm-none-eabi/newlib/lib/armv7e-m/fpu\libc.a(lib_a-impure.o)
 .ARM.attributes
                0x0000090f       0x34 C:/NXP/S32DS_ARM_v2018.R1/Cross_Tools/gcc-arm-none-eabi-4_9/arm-none-eabi/newlib/lib/armv7e-m/fpu\libc.a(lib_a-memset.o)
 .ARM.attributes
                0x00000943       0x34 C:/NXP/S32DS_ARM_v2018.R1/Cross_Tools/gcc-arm-none-eabi-4_9/arm-none-eabi/newlib/lib/armv7e-m/fpu\libc.a(lib_a-__call_atexit.o)
 .ARM.attributes
                0x00000977       0x34 C:/NXP/S32DS_ARM_v2018.R1/Cross_Tools/gcc-arm-none-eabi-4_9/arm-none-eabi/newlib/lib/armv7e-m/fpu\libc.a(lib_a-atexit.o)
 .ARM.attributes
                0x000009ab       0x34 C:/NXP/S32DS_ARM_v2018.R1/Cross_Tools/gcc-arm-none-eabi-4_9/arm-none-eabi/newlib/lib/armv7e-m/fpu\libc.a(lib_a-fini.o)
 .ARM.attributes
                0x000009df       0x34 C:/NXP/S32DS_ARM_v2018.R1/Cross_Tools/gcc-arm-none-eabi-4_9/arm-none-eabi/newlib/lib/armv7e-m/fpu\libc.a(lib_a-__atexit.o)
 .ARM.attributes
                0x00000a13       0x34 c:/nxp/s32ds_arm_v2018.r1/cross_tools/gcc-arm-none-eabi-4_9/bin/../lib/gcc/arm-none-eabi/4.9.3/armv7e-m/fpu/crtend.o
 .ARM.attributes
                0x00000a47       0x22 c:/nxp/s32ds_arm_v2018.r1/cross_tools/gcc-arm-none-eabi-4_9/bin/../lib/gcc/arm-none-eabi/4.9.3/armv7e-m/fpu/crtn.o
                0x00000001                ASSERT ((__StackLimit >= __HeapLimit), region m_data_2 overflowed with stack and heap)
OUTPUT(adc_pdb_trigger_s32k14x.elf elf32-littlearm)

.debug_line     0x00000000     0x51ec
 .debug_line    0x00000000       0x71 startup_S32K144.o
 .debug_line    0x00000071      0x4ac adc_driver.o
 .debug_line    0x0000051d      0x2bc adc_pdb_trigger_s32k14x.o
 .debug_line    0x000007d9      0xdec clock_S32K1xx.o
 .debug_line    0x000015c5      0x575 edma_driver.o
 .debug_line    0x00001b3a      0x1fe edma_hw_access.o
 .debug_line    0x00001d38      0x177 edma_irq.o
 .debug_line    0x00001eaf       0xb2 freemaster_S32K1xx.o
 .debug_line    0x00001f61      0x229 freemaster_interface_init.o
 .debug_line    0x0000218a      0x11d freemaster_protocol.o
 .debug_line    0x000022a7      0x187 freemaster_rec.o
 .debug_line    0x0000242e       0xa0 freemaster_scope.o
 .debug_line    0x000024ce      0x14f freemaster_serial.o
 .debug_line    0x0000261d      0x1cd interrupt_manager.o
 .debug_line    0x000027ea      0x3c1 lpit_driver.o
 .debug_line    0x00002bab      0x602 lpuart_driver.o
 .debug_line    0x000031ad      0x228 lpuart_hw_access.o
 .debug_line    0x000033d5       0x5e lpuart_irq.o
 .debug_line    0x00003433      0x152 mbd_adc_irq.o
 .debug_line    0x00003585      0x1e2 mbd_main.o
 .debug_line    0x00003767      0x201 osif_baremetal.o
 .debug_line    0x00003968      0x168 pdb0_isr.o
 .debug_line    0x00003ad0      0x137 pdb0_params.o
 .debug_line    0x00003c07      0x280 pdb_driver.o
 .debug_line    0x00003e87      0x1e2 pdb_hw_access.o
 .debug_line    0x00004069      0x2c2 pins_driver.o
 .debug_line    0x0000432b      0x1e3 pins_port_hw_access.o
 .debug_line    0x0000450e      0x204 power_manager.o
 .debug_line    0x00004712      0x437 power_manager_S32K1xx.o
 .debug_line    0x00004b49      0x21a power_smc_hw_access.o
 .debug_line    0x00004d63      0x1e6 s32k_clock_init.o
 .debug_line    0x00004f49      0x14c startup.o
 .debug_line    0x00005095      0x157 system_S32K144.o

.debug_info     0x00000000    0x1e18a
 .debug_info    0x00000000       0xb5 startup_S32K144.o
 .debug_info    0x000000b5     0x2e22 adc_driver.o
 .debug_info    0x00002ed7     0x14b5 adc_pdb_trigger_s32k14x.o
 .debug_info    0x0000438c     0x518d clock_S32K1xx.o
 .debug_info    0x00009519     0x319a edma_driver.o
 .debug_info    0x0000c6b3      0x951 edma_hw_access.o
 .debug_info    0x0000d004      0x54e edma_irq.o
 .debug_info    0x0000d552      0x414 freemaster_S32K1xx.o
 .debug_info    0x0000d966      0xe51 freemaster_interface_init.o
 .debug_info    0x0000e7b7      0x416 freemaster_protocol.o
 .debug_info    0x0000ebcd      0x6c2 freemaster_rec.o
 .debug_info    0x0000f28f      0x18c freemaster_scope.o
 .debug_info    0x0000f41b      0x4e7 freemaster_serial.o
 .debug_info    0x0000f902      0x8fb interrupt_manager.o
 .debug_info    0x000101fd     0x1ae4 lpit_driver.o
 .debug_info    0x00011ce1     0x2315 lpuart_driver.o
 .debug_info    0x00013ff6      0x8b1 lpuart_hw_access.o
 .debug_info    0x000148a7       0xd9 lpuart_irq.o
 .debug_info    0x00014980      0x35e mbd_adc_irq.o
 .debug_info    0x00014cde      0xb2f mbd_main.o
 .debug_info    0x0001580d      0x9b7 osif_baremetal.o
 .debug_info    0x000161c4      0x16c pdb0_isr.o
 .debug_info    0x00016330      0x411 pdb0_params.o
 .debug_info    0x00016741     0x1673 pdb_driver.o
 .debug_info    0x00017db4      0x6e3 pdb_hw_access.o
 .debug_info    0x00018497     0x12fc pins_driver.o
 .debug_info    0x00019793      0x881 pins_port_hw_access.o
 .debug_info    0x0001a014      0x7c3 power_manager.o
 .debug_info    0x0001a7d7     0x14b1 power_manager_S32K1xx.o
 .debug_info    0x0001bc88      0x9e4 power_smc_hw_access.o
 .debug_info    0x0001c66c     0x1331 s32k_clock_init.o
 .debug_info    0x0001d99d      0x2d8 startup.o
 .debug_info    0x0001dc75      0x515 system_S32K144.o

.debug_abbrev   0x00000000     0x3caa
 .debug_abbrev  0x00000000       0x14 startup_S32K144.o
 .debug_abbrev  0x00000014      0x305 adc_driver.o
 .debug_abbrev  0x00000319      0x272 adc_pdb_trigger_s32k14x.o
 .debug_abbrev  0x0000058b      0x34f clock_S32K1xx.o
 .debug_abbrev  0x000008da      0x366 edma_driver.o
 .debug_abbrev  0x00000c40      0x1cb edma_hw_access.o
 .debug_abbrev  0x00000e0b      0x17b edma_irq.o
 .debug_abbrev  0x00000f86       0xe3 freemaster_S32K1xx.o
 .debug_abbrev  0x00001069      0x1bd freemaster_interface_init.o
 .debug_abbrev  0x00001226       0xe8 freemaster_protocol.o
 .debug_abbrev  0x0000130e      0x25d freemaster_rec.o
 .debug_abbrev  0x0000156b       0xb1 freemaster_scope.o
 .debug_abbrev  0x0000161c      0x233 freemaster_serial.o
 .debug_abbrev  0x0000184f      0x1b1 interrupt_manager.o
 .debug_abbrev  0x00001a00      0x335 lpit_driver.o
 .debug_abbrev  0x00001d35      0x301 lpuart_driver.o
 .debug_abbrev  0x00002036      0x172 lpuart_hw_access.o
 .debug_abbrev  0x000021a8       0x7f lpuart_irq.o
 .debug_abbrev  0x00002227      0x114 mbd_adc_irq.o
 .debug_abbrev  0x0000233b      0x1fa mbd_main.o
 .debug_abbrev  0x00002535      0x236 osif_baremetal.o
 .debug_abbrev  0x0000276b       0xa3 pdb0_isr.o
 .debug_abbrev  0x0000280e       0x83 pdb0_params.o
 .debug_abbrev  0x00002891      0x2d9 pdb_driver.o
 .debug_abbrev  0x00002b6a      0x242 pdb_hw_access.o
 .debug_abbrev  0x00002dac      0x2a4 pins_driver.o
 .debug_abbrev  0x00003050      0x1de pins_port_hw_access.o
 .debug_abbrev  0x0000322e      0x1dd power_manager.o
 .debug_abbrev  0x0000340b      0x35d power_manager_S32K1xx.o
 .debug_abbrev  0x00003768      0x1fa power_smc_hw_access.o
 .debug_abbrev  0x00003962      0x145 s32k_clock_init.o
 .debug_abbrev  0x00003aa7       0xd6 startup.o
 .debug_abbrev  0x00003b7d      0x12d system_S32K144.o

.debug_aranges  0x00000000      0x418
 .debug_aranges
                0x00000000       0x20 startup_S32K144.o
 .debug_aranges
                0x00000020       0x20 adc_driver.o
 .debug_aranges
                0x00000040       0x20 adc_pdb_trigger_s32k14x.o
 .debug_aranges
                0x00000060       0x20 clock_S32K1xx.o
 .debug_aranges
                0x00000080       0x20 edma_driver.o
 .debug_aranges
                0x000000a0       0x20 edma_hw_access.o
 .debug_aranges
                0x000000c0       0x20 edma_irq.o
 .debug_aranges
                0x000000e0       0x20 freemaster_S32K1xx.o
 .debug_aranges
                0x00000100       0x20 freemaster_interface_init.o
 .debug_aranges
                0x00000120       0x20 freemaster_protocol.o
 .debug_aranges
                0x00000140       0x20 freemaster_rec.o
 .debug_aranges
                0x00000160       0x20 freemaster_scope.o
 .debug_aranges
                0x00000180       0x20 freemaster_serial.o
 .debug_aranges
                0x000001a0       0x20 interrupt_manager.o
 .debug_aranges
                0x000001c0       0x20 lpit_driver.o
 .debug_aranges
                0x000001e0       0x20 lpuart_driver.o
 .debug_aranges
                0x00000200       0x20 lpuart_hw_access.o
 .debug_aranges
                0x00000220       0x20 lpuart_irq.o
 .debug_aranges
                0x00000240       0x20 mbd_adc_irq.o
 .debug_aranges
                0x00000260       0x20 mbd_main.o
 .debug_aranges
                0x00000280       0x20 osif_baremetal.o
 .debug_aranges
                0x000002a0       0x20 pdb0_isr.o
 .debug_aranges
                0x000002c0       0x18 pdb0_params.o
 .debug_aranges
                0x000002d8       0x20 pdb_driver.o
 .debug_aranges
                0x000002f8       0x20 pdb_hw_access.o
 .debug_aranges
                0x00000318       0x20 pins_driver.o
 .debug_aranges
                0x00000338       0x20 pins_port_hw_access.o
 .debug_aranges
                0x00000358       0x20 power_manager.o
 .debug_aranges
                0x00000378       0x20 power_manager_S32K1xx.o
 .debug_aranges
                0x00000398       0x20 power_smc_hw_access.o
 .debug_aranges
                0x000003b8       0x20 s32k_clock_init.o
 .debug_aranges
                0x000003d8       0x20 startup.o
 .debug_aranges
                0x000003f8       0x20 system_S32K144.o

.debug_loc      0x00000000     0xdbf6
 .debug_loc     0x00000000     0x14b8 adc_driver.o
 .debug_loc     0x000014b8       0x2a adc_pdb_trigger_s32k14x.o
 .debug_loc     0x000014e2     0x44cc clock_S32K1xx.o
 .debug_loc     0x000059ae     0x1e06 edma_driver.o
 .debug_loc     0x000077b4      0x557 edma_hw_access.o
 .debug_loc     0x00007d0b       0x3d edma_irq.o
 .debug_loc     0x00007d48      0x448 freemaster_S32K1xx.o
 .debug_loc     0x00008190      0x5d2 freemaster_protocol.o
 .debug_loc     0x00008762      0x420 freemaster_rec.o
 .debug_loc     0x00008b82      0x1ab freemaster_scope.o
 .debug_loc     0x00008d2d      0x184 freemaster_serial.o
 .debug_loc     0x00008eb1      0x23c interrupt_manager.o
 .debug_loc     0x000090ed      0xad4 lpit_driver.o
 .debug_loc     0x00009bc1     0x181b lpuart_driver.o
 .debug_loc     0x0000b3dc      0x47b lpuart_hw_access.o
 .debug_loc     0x0000b857       0x50 mbd_adc_irq.o
 .debug_loc     0x0000b8a7      0x1e7 osif_baremetal.o
 .debug_loc     0x0000ba8e       0x5a pdb0_isr.o
 .debug_loc     0x0000bae8      0x597 pdb_driver.o
 .debug_loc     0x0000c07f      0x336 pdb_hw_access.o
 .debug_loc     0x0000c3b5      0x31a pins_driver.o
 .debug_loc     0x0000c6cf      0x47d pins_port_hw_access.o
 .debug_loc     0x0000cb4c      0x2d7 power_manager.o
 .debug_loc     0x0000ce23      0x84e power_manager_S32K1xx.o
 .debug_loc     0x0000d671      0x379 power_smc_hw_access.o
 .debug_loc     0x0000d9ea       0x20 s32k_clock_init.o
 .debug_loc     0x0000da0a       0xec startup.o
 .debug_loc     0x0000daf6      0x100 system_S32K144.o

.debug_ranges   0x00000000      0x458
 .debug_ranges  0x00000000       0x40 adc_driver.o
 .debug_ranges  0x00000040      0x1d8 clock_S32K1xx.o
 .debug_ranges  0x00000218       0x18 edma_hw_access.o
 .debug_ranges  0x00000230       0x18 freemaster_rec.o
 .debug_ranges  0x00000248       0x18 interrupt_manager.o
 .debug_ranges  0x00000260       0x48 lpit_driver.o
 .debug_ranges  0x000002a8       0x30 lpuart_driver.o
 .debug_ranges  0x000002d8       0x50 osif_baremetal.o
 .debug_ranges  0x00000328       0x18 pdb_hw_access.o
 .debug_ranges  0x00000340       0x18 power_manager.o
 .debug_ranges  0x00000358      0x100 power_manager_S32K1xx.o

.debug_str      0x00000000     0xafd3
 .debug_str     0x00000000     0x2457 adc_driver.o
                               0x2515 (size before relaxing)
 .debug_str     0x00002457      0xb09 adc_pdb_trigger_s32k14x.o
                               0x1d99 (size before relaxing)
 .debug_str     0x00002f60     0x28b4 clock_S32K1xx.o
                               0x38bc (size before relaxing)
 .debug_str     0x00005814     0x1736 edma_driver.o
                               0x284f (size before relaxing)
 .debug_str     0x00006f4a      0x155 edma_hw_access.o
                                0x7a8 (size before relaxing)
 .debug_str     0x0000709f      0x141 edma_irq.o
                                0x475 (size before relaxing)
 .debug_str     0x000071e0      0x1b8 freemaster_S32K1xx.o
                                0x36a (size before relaxing)
 .debug_str     0x00007398      0x3b0 freemaster_interface_init.o
                               0x1961 (size before relaxing)
 .debug_str     0x00007748       0xf6 freemaster_protocol.o
                                0x2e6 (size before relaxing)
 .debug_str     0x0000783e      0x3ba freemaster_rec.o
                                0x5e2 (size before relaxing)
 .debug_str     0x00007bf8       0x83 freemaster_scope.o
                                0x26b (size before relaxing)
 .debug_str     0x00007c7b      0x1f1 freemaster_serial.o
                                0x3fb (size before relaxing)
 .debug_str     0x00007e6c      0x200 interrupt_manager.o
                                0xa38 (size before relaxing)
 .debug_str     0x0000806c      0x803 lpit_driver.o
                               0x1c91 (size before relaxing)
 .debug_str     0x0000886f      0x933 lpuart_driver.o
                               0x2226 (size before relaxing)
 .debug_str     0x000091a2      0x188 lpuart_hw_access.o
                               0x1039 (size before relaxing)
 .debug_str     0x0000932a       0x46 lpuart_irq.o
                                0x22d (size before relaxing)
 .debug_str     0x00009370       0x99 mbd_adc_irq.o
                                0x32b (size before relaxing)
 .debug_str     0x00009409       0x6f mbd_main.o
                                0xf8a (size before relaxing)
 .debug_str     0x00009478      0x1a3 osif_baremetal.o
                               0x1020 (size before relaxing)
 .debug_str     0x0000961b       0x29 pdb0_isr.o
                                0x2af (size before relaxing)
 .debug_str     0x00009644        0xe pdb0_params.o
                                0x920 (size before relaxing)
 .debug_str     0x00009652      0x42a pdb_driver.o
                               0x1c9c (size before relaxing)
 .debug_str     0x00009a7c       0xe6 pdb_hw_access.o
                                0x681 (size before relaxing)
 .debug_str     0x00009b62      0x576 pins_driver.o
                               0x13b3 (size before relaxing)
 .debug_str     0x0000a0d8      0x1c0 pins_port_hw_access.o
                                0x8ea (size before relaxing)
 .debug_str     0x0000a298      0x4d3 power_manager.o
                                0xfd2 (size before relaxing)
 .debug_str     0x0000a76b      0x4b1 power_manager_S32K1xx.o
                               0x1855 (size before relaxing)
 .debug_str     0x0000ac1c      0x130 power_smc_hw_access.o
                                0xe62 (size before relaxing)
 .debug_str     0x0000ad4c       0xa9 s32k_clock_init.o
                               0x2158 (size before relaxing)
 .debug_str     0x0000adf5      0x14f startup.o
                                0x357 (size before relaxing)
 .debug_str     0x0000af44       0x8f system_S32K144.o
                                0x3f0 (size before relaxing)

.comment        0x00000000       0x70
 .comment       0x00000000       0x70 adc_driver.o
                                 0x71 (size before relaxing)
 .comment       0x00000000       0x71 adc_pdb_trigger_s32k14x.o
 .comment       0x00000000       0x71 clock_S32K1xx.o
 .comment       0x00000000       0x71 edma_driver.o
 .comment       0x00000000       0x71 edma_hw_access.o
 .comment       0x00000000       0x71 edma_irq.o
 .comment       0x00000000       0x71 freemaster_S32K1xx.o
 .comment       0x00000000       0x71 freemaster_interface_init.o
 .comment       0x00000000       0x71 freemaster_protocol.o
 .comment       0x00000000       0x71 freemaster_rec.o
 .comment       0x00000000       0x71 freemaster_scope.o
 .comment       0x00000000       0x71 freemaster_serial.o
 .comment       0x00000000       0x71 interrupt_manager.o
 .comment       0x00000000       0x71 lpit_driver.o
 .comment       0x00000000       0x71 lpuart_driver.o
 .comment       0x00000000       0x71 lpuart_hw_access.o
 .comment       0x00000000       0x71 lpuart_irq.o
 .comment       0x00000000       0x71 mbd_adc_irq.o
 .comment       0x00000000       0x71 mbd_main.o
 .comment       0x00000000       0x71 osif_baremetal.o
 .comment       0x00000000       0x71 pdb0_isr.o
 .comment       0x00000000       0x71 pdb0_params.o
 .comment       0x00000000       0x71 pdb_driver.o
 .comment       0x00000000       0x71 pdb_hw_access.o
 .comment       0x00000000       0x71 pins_driver.o
 .comment       0x00000000       0x71 pins_port_hw_access.o
 .comment       0x00000000       0x71 power_manager.o
 .comment       0x00000000       0x71 power_manager_S32K1xx.o
 .comment       0x00000000       0x71 power_smc_hw_access.o
 .comment       0x00000000       0x71 s32k_clock_init.o
 .comment       0x00000000       0x71 startup.o
 .comment       0x00000000       0x71 system_S32K144.o

.debug_frame    0x00000000     0x2534
 .debug_frame   0x00000000      0x218 adc_driver.o
 .debug_frame   0x00000218       0xc4 adc_pdb_trigger_s32k14x.o
 .debug_frame   0x000002dc      0x35c clock_S32K1xx.o
 .debug_frame   0x00000638      0x384 edma_driver.o
 .debug_frame   0x000009bc      0x134 edma_hw_access.o
 .debug_frame   0x00000af0      0x1ac edma_irq.o
 .debug_frame   0x00000c9c      0x14c freemaster_S32K1xx.o
 .debug_frame   0x00000de8       0x4c freemaster_interface_init.o
 .debug_frame   0x00000e34      0x134 freemaster_protocol.o
 .debug_frame   0x00000f68      0x168 freemaster_rec.o
 .debug_frame   0x000010d0       0x60 freemaster_scope.o
 .debug_frame   0x00001130       0xc4 freemaster_serial.o
 .debug_frame   0x000011f4       0xe8 interrupt_manager.o
 .debug_frame   0x000012dc      0x1b0 lpit_driver.o
 .debug_frame   0x0000148c      0x380 lpuart_driver.o
 .debug_frame   0x0000180c       0xf4 lpuart_hw_access.o
 .debug_frame   0x00001900       0x58 lpuart_irq.o
 .debug_frame   0x00001958       0x74 mbd_adc_irq.o
 .debug_frame   0x000019cc       0x90 mbd_main.o
 .debug_frame   0x00001a5c       0xf8 osif_baremetal.o
 .debug_frame   0x00001b54       0x2c pdb0_isr.o
 .debug_frame   0x00001b80      0x1b0 pdb_driver.o
 .debug_frame   0x00001d30       0xe0 pdb_hw_access.o
 .debug_frame   0x00001e10      0x1e4 pins_driver.o
 .debug_frame   0x00001ff4       0xa0 pins_port_hw_access.o
 .debug_frame   0x00002094       0xe0 power_manager.o
 .debug_frame   0x00002174       0xc8 power_manager_S32K1xx.o
 .debug_frame   0x0000223c       0x58 power_smc_hw_access.o
 .debug_frame   0x00002294       0x44 s32k_clock_init.o
 .debug_frame   0x000022d8       0x34 startup.o
 .debug_frame   0x0000230c       0x40 system_S32K144.o
 .debug_frame   0x0000234c       0x28 c:/nxp/s32ds_arm_v2018.r1/cross_tools/gcc-arm-none-eabi-4_9/bin/../lib/gcc/arm-none-eabi/4.9.3/armv7e-m/fpu\libgcc.a(_aeabi_uldivmod.o)
 .debug_frame   0x00002374       0x50 c:/nxp/s32ds_arm_v2018.r1/cross_tools/gcc-arm-none-eabi-4_9/bin/../lib/gcc/arm-none-eabi/4.9.3/armv7e-m/fpu\libgcc.a(bpabi.o)
 .debug_frame   0x000023c4       0x34 c:/nxp/s32ds_arm_v2018.r1/cross_tools/gcc-arm-none-eabi-4_9/bin/../lib/gcc/arm-none-eabi/4.9.3/armv7e-m/fpu\libgcc.a(_divdi3.o)
 .debug_frame   0x000023f8       0x30 c:/nxp/s32ds_arm_v2018.r1/cross_tools/gcc-arm-none-eabi-4_9/bin/../lib/gcc/arm-none-eabi/4.9.3/armv7e-m/fpu\libgcc.a(_udivdi3.o)
 .debug_frame   0x00002428       0x34 C:/NXP/S32DS_ARM_v2018.R1/Cross_Tools/gcc-arm-none-eabi-4_9/arm-none-eabi/newlib/lib/armv7e-m/fpu\libc.a(lib_a-memset.o)
 .debug_frame   0x0000245c       0x50 C:/NXP/S32DS_ARM_v2018.R1/Cross_Tools/gcc-arm-none-eabi-4_9/arm-none-eabi/newlib/lib/armv7e-m/fpu\libc.a(lib_a-__call_atexit.o)
 .debug_frame   0x000024ac       0x20 C:/NXP/S32DS_ARM_v2018.R1/Cross_Tools/gcc-arm-none-eabi-4_9/arm-none-eabi/newlib/lib/armv7e-m/fpu\libc.a(lib_a-atexit.o)
 .debug_frame   0x000024cc       0x34 C:/NXP/S32DS_ARM_v2018.R1/Cross_Tools/gcc-arm-none-eabi-4_9/arm-none-eabi/newlib/lib/armv7e-m/fpu\libc.a(lib_a-fini.o)
 .debug_frame   0x00002500       0x34 C:/NXP/S32DS_ARM_v2018.R1/Cross_Tools/gcc-arm-none-eabi-4_9/arm-none-eabi/newlib/lib/armv7e-m/fpu\libc.a(lib_a-__atexit.o)
