Archive member included because of file (symbol)

c:/nxp/s32ds_arm_v2018.r1/cross_tools/gcc-arm-none-eabi-4_9/bin/../lib/gcc/arm-none-eabi/4.9.3/armv7e-m/fpu\libgcc.a(_aeabi_uldivmod.o)
                              lpit_driver.o (__aeabi_uldivmod)
c:/nxp/s32ds_arm_v2018.r1/cross_tools/gcc-arm-none-eabi-4_9/bin/../lib/gcc/arm-none-eabi/4.9.3/armv7e-m/fpu\libgcc.a(bpabi.o)
                              c:/nxp/s32ds_arm_v2018.r1/cross_tools/gcc-arm-none-eabi-4_9/bin/../lib/gcc/arm-none-eabi/4.9.3/armv7e-m/fpu\libgcc.a(_aeabi_uldivmod.o) (__gnu_uldivmod_helper)
c:/nxp/s32ds_arm_v2018.r1/cross_tools/gcc-arm-none-eabi-4_9/bin/../lib/gcc/arm-none-eabi/4.9.3/armv7e-m/fpu\libgcc.a(_dvmd_tls.o)
                              c:/nxp/s32ds_arm_v2018.r1/cross_tools/gcc-arm-none-eabi-4_9/bin/../lib/gcc/arm-none-eabi/4.9.3/armv7e-m/fpu\libgcc.a(_aeabi_uldivmod.o) (__aeabi_ldiv0)
c:/nxp/s32ds_arm_v2018.r1/cross_tools/gcc-arm-none-eabi-4_9/bin/../lib/gcc/arm-none-eabi/4.9.3/armv7e-m/fpu\libgcc.a(_divdi3.o)
                              c:/nxp/s32ds_arm_v2018.r1/cross_tools/gcc-arm-none-eabi-4_9/bin/../lib/gcc/arm-none-eabi/4.9.3/armv7e-m/fpu\libgcc.a(bpabi.o) (__divdi3)
c:/nxp/s32ds_arm_v2018.r1/cross_tools/gcc-arm-none-eabi-4_9/bin/../lib/gcc/arm-none-eabi/4.9.3/armv7e-m/fpu\libgcc.a(_udivdi3.o)
                              c:/nxp/s32ds_arm_v2018.r1/cross_tools/gcc-arm-none-eabi-4_9/bin/../lib/gcc/arm-none-eabi/4.9.3/armv7e-m/fpu\libgcc.a(bpabi.o) (__udivdi3)
C:/NXP/S32DS_ARM_v2018.R1/Cross_Tools/gcc-arm-none-eabi-4_9/arm-none-eabi/newlib/lib/armv7e-m/fpu\libc.a(lib_a-exit.o)
                              C:/NXP/S32DS_ARM_v2018.R1/Cross_Tools/gcc-arm-none-eabi-4_9/arm-none-eabi/newlib/lib/armv7e-m/fpu/crt0.o (exit)
C:/NXP/S32DS_ARM_v2018.R1/Cross_Tools/gcc-arm-none-eabi-4_9/arm-none-eabi/newlib/lib/armv7e-m/fpu\libc.a(lib_a-impure.o)
                              C:/NXP/S32DS_ARM_v2018.R1/Cross_Tools/gcc-arm-none-eabi-4_9/arm-none-eabi/newlib/lib/armv7e-m/fpu\libc.a(lib_a-exit.o) (_global_impure_ptr)
C:/NXP/S32DS_ARM_v2018.R1/Cross_Tools/gcc-arm-none-eabi-4_9/arm-none-eabi/newlib/lib/armv7e-m/fpu\libc.a(lib_a-init.o)
                              C:/NXP/S32DS_ARM_v2018.R1/Cross_Tools/gcc-arm-none-eabi-4_9/arm-none-eabi/newlib/lib/armv7e-m/fpu/crt0.o (__libc_init_array)
C:/NXP/S32DS_ARM_v2018.R1/Cross_Tools/gcc-arm-none-eabi-4_9/arm-none-eabi/newlib/lib/armv7e-m/fpu\libc.a(lib_a-memset.o)
                              C:/NXP/S32DS_ARM_v2018.R1/Cross_Tools/gcc-arm-none-eabi-4_9/arm-none-eabi/newlib/lib/armv7e-m/fpu/crt0.o (memset)
C:/NXP/S32DS_ARM_v2018.R1/Cross_Tools/gcc-arm-none-eabi-4_9/arm-none-eabi/newlib/lib/armv7e-m/fpu\libc.a(lib_a-__call_atexit.o)
                              C:/NXP/S32DS_ARM_v2018.R1/Cross_Tools/gcc-arm-none-eabi-4_9/arm-none-eabi/newlib/lib/armv7e-m/fpu\libc.a(lib_a-exit.o) (__call_exitprocs)
C:/NXP/S32DS_ARM_v2018.R1/Cross_Tools/gcc-arm-none-eabi-4_9/arm-none-eabi/newlib/lib/armv7e-m/fpu\libc.a(lib_a-atexit.o)
                              C:/NXP/S32DS_ARM_v2018.R1/Cross_Tools/gcc-arm-none-eabi-4_9/arm-none-eabi/newlib/lib/armv7e-m/fpu\libc.a(lib_a-__call_atexit.o) (atexit)
C:/NXP/S32DS_ARM_v2018.R1/Cross_Tools/gcc-arm-none-eabi-4_9/arm-none-eabi/newlib/lib/armv7e-m/fpu\libc.a(lib_a-fini.o)
                              C:/NXP/S32DS_ARM_v2018.R1/Cross_Tools/gcc-arm-none-eabi-4_9/arm-none-eabi/newlib/lib/armv7e-m/fpu\libc.a(lib_a-__call_atexit.o) (__libc_fini_array)
C:/NXP/S32DS_ARM_v2018.R1/Cross_Tools/gcc-arm-none-eabi-4_9/arm-none-eabi/newlib/lib/armv7e-m/fpu\libc.a(lib_a-__atexit.o)
                              C:/NXP/S32DS_ARM_v2018.R1/Cross_Tools/gcc-arm-none-eabi-4_9/arm-none-eabi/newlib/lib/armv7e-m/fpu\libc.a(lib_a-atexit.o) (__register_exitproc)
C:/NXP/S32DS_ARM_v2018.R1/Cross_Tools/gcc-arm-none-eabi-4_9/arm-none-eabi/newlib/lib/armv7e-m/fpu\libnosys.a(_exit.o)
                              C:/NXP/S32DS_ARM_v2018.R1/Cross_Tools/gcc-arm-none-eabi-4_9/arm-none-eabi/newlib/lib/armv7e-m/fpu\libc.a(lib_a-exit.o) (_exit)

Allocating common symbols
Common symbol       size              file

gpio_s32k144_B      0x3               gpio_s32k144.o
gpio_s32k144_M_     0x4               gpio_s32k144.o
g_xtal0ClkFreq      0x4               clock_S32K1xx.o
gpio_s32k144_DW     0x2               gpio_s32k144.o
g_RtcClkInFreq      0x4               clock_S32K1xx.o
gPowerManagerState  0x10              power_manager_S32K1xx.o
g_TClkFreq          0xc               clock_S32K1xx.o

Discarded input sections

 .text          0x00000000        0x0 c:/nxp/s32ds_arm_v2018.r1/cross_tools/gcc-arm-none-eabi-4_9/bin/../lib/gcc/arm-none-eabi/4.9.3/armv7e-m/fpu/crti.o
 .data          0x00000000        0x0 c:/nxp/s32ds_arm_v2018.r1/cross_tools/gcc-arm-none-eabi-4_9/bin/../lib/gcc/arm-none-eabi/4.9.3/armv7e-m/fpu/crti.o
 .bss           0x00000000        0x0 c:/nxp/s32ds_arm_v2018.r1/cross_tools/gcc-arm-none-eabi-4_9/bin/../lib/gcc/arm-none-eabi/4.9.3/armv7e-m/fpu/crti.o
 .data          0x00000000        0x4 c:/nxp/s32ds_arm_v2018.r1/cross_tools/gcc-arm-none-eabi-4_9/bin/../lib/gcc/arm-none-eabi/4.9.3/armv7e-m/fpu/crtbegin.o
 .text          0x00000000       0x74 C:/NXP/S32DS_ARM_v2018.R1/Cross_Tools/gcc-arm-none-eabi-4_9/arm-none-eabi/newlib/lib/armv7e-m/fpu/crt0.o
 .data          0x00000000        0x0 C:/NXP/S32DS_ARM_v2018.R1/Cross_Tools/gcc-arm-none-eabi-4_9/arm-none-eabi/newlib/lib/armv7e-m/fpu/crt0.o
 .bss           0x00000000        0x0 C:/NXP/S32DS_ARM_v2018.R1/Cross_Tools/gcc-arm-none-eabi-4_9/arm-none-eabi/newlib/lib/armv7e-m/fpu/crt0.o
 .ARM.extab     0x00000000        0x0 C:/NXP/S32DS_ARM_v2018.R1/Cross_Tools/gcc-arm-none-eabi-4_9/arm-none-eabi/newlib/lib/armv7e-m/fpu/crt0.o
 .ARM.exidx     0x00000000        0x8 C:/NXP/S32DS_ARM_v2018.R1/Cross_Tools/gcc-arm-none-eabi-4_9/arm-none-eabi/newlib/lib/armv7e-m/fpu/crt0.o
 .ARM.attributes
                0x00000000       0x20 C:/NXP/S32DS_ARM_v2018.R1/Cross_Tools/gcc-arm-none-eabi-4_9/arm-none-eabi/newlib/lib/armv7e-m/fpu/crt0.o
 .data          0x00000000        0x0 startup_S32K144.o
 .bss           0x00000000        0x0 startup_S32K144.o
 .data          0x00000000        0x0 gpio_s32k144.o
 .bss           0x00000000        0x0 gpio_s32k144.o
 .rodata        0x00000000        0x4 gpio_s32k144.o
 .data          0x00000000        0x0 interrupt_manager.o
 .data          0x00000000        0x0 lpit_driver.o
 .data          0x00000000        0x0 mbd_main.o
 .bss           0x00000000        0x0 mbd_main.o
 .data          0x00000000        0x0 pins_driver.o
 .bss           0x00000000        0x0 pins_driver.o
 .data          0x00000000        0x0 pins_port_hw_access.o
 .bss           0x00000000        0x0 pins_port_hw_access.o
 .data          0x00000000        0x0 power_manager.o
 .bss           0x00000000        0x0 power_manager.o
 .data          0x00000000        0x0 power_manager_S32K1xx.o
 .data          0x00000000        0x0 power_smc_hw_access.o
 .bss           0x00000000        0x0 power_smc_hw_access.o
 .data          0x00000000        0x0 s32k_clock_init.o
 .bss           0x00000000        0x0 s32k_clock_init.o
 .data          0x00000000        0x0 startup.o
 .bss           0x00000000        0x0 startup.o
 .bss           0x00000000        0x0 system_S32K144.o
 .data          0x00000000        0x0 c:/nxp/s32ds_arm_v2018.r1/cross_tools/gcc-arm-none-eabi-4_9/bin/../lib/gcc/arm-none-eabi/4.9.3/armv7e-m/fpu\libgcc.a(_aeabi_uldivmod.o)
 .bss           0x00000000        0x0 c:/nxp/s32ds_arm_v2018.r1/cross_tools/gcc-arm-none-eabi-4_9/bin/../lib/gcc/arm-none-eabi/4.9.3/armv7e-m/fpu\libgcc.a(_aeabi_uldivmod.o)
 .data          0x00000000        0x0 c:/nxp/s32ds_arm_v2018.r1/cross_tools/gcc-arm-none-eabi-4_9/bin/../lib/gcc/arm-none-eabi/4.9.3/armv7e-m/fpu\libgcc.a(bpabi.o)
 .bss           0x00000000        0x0 c:/nxp/s32ds_arm_v2018.r1/cross_tools/gcc-arm-none-eabi-4_9/bin/../lib/gcc/arm-none-eabi/4.9.3/armv7e-m/fpu\libgcc.a(bpabi.o)
 .data          0x00000000        0x0 c:/nxp/s32ds_arm_v2018.r1/cross_tools/gcc-arm-none-eabi-4_9/bin/../lib/gcc/arm-none-eabi/4.9.3/armv7e-m/fpu\libgcc.a(_dvmd_tls.o)
 .bss           0x00000000        0x0 c:/nxp/s32ds_arm_v2018.r1/cross_tools/gcc-arm-none-eabi-4_9/bin/../lib/gcc/arm-none-eabi/4.9.3/armv7e-m/fpu\libgcc.a(_dvmd_tls.o)
 .data          0x00000000        0x0 c:/nxp/s32ds_arm_v2018.r1/cross_tools/gcc-arm-none-eabi-4_9/bin/../lib/gcc/arm-none-eabi/4.9.3/armv7e-m/fpu\libgcc.a(_divdi3.o)
 .bss           0x00000000        0x0 c:/nxp/s32ds_arm_v2018.r1/cross_tools/gcc-arm-none-eabi-4_9/bin/../lib/gcc/arm-none-eabi/4.9.3/armv7e-m/fpu\libgcc.a(_divdi3.o)
 .ARM.extab     0x00000000        0x0 c:/nxp/s32ds_arm_v2018.r1/cross_tools/gcc-arm-none-eabi-4_9/bin/../lib/gcc/arm-none-eabi/4.9.3/armv7e-m/fpu\libgcc.a(_divdi3.o)
 .data          0x00000000        0x0 c:/nxp/s32ds_arm_v2018.r1/cross_tools/gcc-arm-none-eabi-4_9/bin/../lib/gcc/arm-none-eabi/4.9.3/armv7e-m/fpu\libgcc.a(_udivdi3.o)
 .bss           0x00000000        0x0 c:/nxp/s32ds_arm_v2018.r1/cross_tools/gcc-arm-none-eabi-4_9/bin/../lib/gcc/arm-none-eabi/4.9.3/armv7e-m/fpu\libgcc.a(_udivdi3.o)
 .ARM.extab     0x00000000        0x0 c:/nxp/s32ds_arm_v2018.r1/cross_tools/gcc-arm-none-eabi-4_9/bin/../lib/gcc/arm-none-eabi/4.9.3/armv7e-m/fpu\libgcc.a(_udivdi3.o)
 .text          0x00000000        0x0 C:/NXP/S32DS_ARM_v2018.R1/Cross_Tools/gcc-arm-none-eabi-4_9/arm-none-eabi/newlib/lib/armv7e-m/fpu\libc.a(lib_a-exit.o)
 .data          0x00000000        0x0 C:/NXP/S32DS_ARM_v2018.R1/Cross_Tools/gcc-arm-none-eabi-4_9/arm-none-eabi/newlib/lib/armv7e-m/fpu\libc.a(lib_a-exit.o)
 .bss           0x00000000        0x0 C:/NXP/S32DS_ARM_v2018.R1/Cross_Tools/gcc-arm-none-eabi-4_9/arm-none-eabi/newlib/lib/armv7e-m/fpu\libc.a(lib_a-exit.o)
 .text.exit     0x00000000       0x20 C:/NXP/S32DS_ARM_v2018.R1/Cross_Tools/gcc-arm-none-eabi-4_9/arm-none-eabi/newlib/lib/armv7e-m/fpu\libc.a(lib_a-exit.o)
 .debug_frame   0x00000000       0x28 C:/NXP/S32DS_ARM_v2018.R1/Cross_Tools/gcc-arm-none-eabi-4_9/arm-none-eabi/newlib/lib/armv7e-m/fpu\libc.a(lib_a-exit.o)
 .ARM.attributes
                0x00000000       0x34 C:/NXP/S32DS_ARM_v2018.R1/Cross_Tools/gcc-arm-none-eabi-4_9/arm-none-eabi/newlib/lib/armv7e-m/fpu\libc.a(lib_a-exit.o)
 .text          0x00000000        0x0 C:/NXP/S32DS_ARM_v2018.R1/Cross_Tools/gcc-arm-none-eabi-4_9/arm-none-eabi/newlib/lib/armv7e-m/fpu\libc.a(lib_a-impure.o)
 .data          0x00000000        0x0 C:/NXP/S32DS_ARM_v2018.R1/Cross_Tools/gcc-arm-none-eabi-4_9/arm-none-eabi/newlib/lib/armv7e-m/fpu\libc.a(lib_a-impure.o)
 .bss           0x00000000        0x0 C:/NXP/S32DS_ARM_v2018.R1/Cross_Tools/gcc-arm-none-eabi-4_9/arm-none-eabi/newlib/lib/armv7e-m/fpu\libc.a(lib_a-impure.o)
 .data._impure_ptr
                0x00000000        0x4 C:/NXP/S32DS_ARM_v2018.R1/Cross_Tools/gcc-arm-none-eabi-4_9/arm-none-eabi/newlib/lib/armv7e-m/fpu\libc.a(lib_a-impure.o)
 .text          0x00000000        0x0 C:/NXP/S32DS_ARM_v2018.R1/Cross_Tools/gcc-arm-none-eabi-4_9/arm-none-eabi/newlib/lib/armv7e-m/fpu\libc.a(lib_a-init.o)
 .data          0x00000000        0x0 C:/NXP/S32DS_ARM_v2018.R1/Cross_Tools/gcc-arm-none-eabi-4_9/arm-none-eabi/newlib/lib/armv7e-m/fpu\libc.a(lib_a-init.o)
 .bss           0x00000000        0x0 C:/NXP/S32DS_ARM_v2018.R1/Cross_Tools/gcc-arm-none-eabi-4_9/arm-none-eabi/newlib/lib/armv7e-m/fpu\libc.a(lib_a-init.o)
 .text.__libc_init_array
                0x00000000       0x50 C:/NXP/S32DS_ARM_v2018.R1/Cross_Tools/gcc-arm-none-eabi-4_9/arm-none-eabi/newlib/lib/armv7e-m/fpu\libc.a(lib_a-init.o)
 .debug_frame   0x00000000       0x2c C:/NXP/S32DS_ARM_v2018.R1/Cross_Tools/gcc-arm-none-eabi-4_9/arm-none-eabi/newlib/lib/armv7e-m/fpu\libc.a(lib_a-init.o)
 .ARM.attributes
                0x00000000       0x34 C:/NXP/S32DS_ARM_v2018.R1/Cross_Tools/gcc-arm-none-eabi-4_9/arm-none-eabi/newlib/lib/armv7e-m/fpu\libc.a(lib_a-init.o)
 .text          0x00000000        0x0 C:/NXP/S32DS_ARM_v2018.R1/Cross_Tools/gcc-arm-none-eabi-4_9/arm-none-eabi/newlib/lib/armv7e-m/fpu\libc.a(lib_a-memset.o)
 .data          0x00000000        0x0 C:/NXP/S32DS_ARM_v2018.R1/Cross_Tools/gcc-arm-none-eabi-4_9/arm-none-eabi/newlib/lib/armv7e-m/fpu\libc.a(lib_a-memset.o)
 .bss           0x00000000        0x0 C:/NXP/S32DS_ARM_v2018.R1/Cross_Tools/gcc-arm-none-eabi-4_9/arm-none-eabi/newlib/lib/armv7e-m/fpu\libc.a(lib_a-memset.o)
 .text          0x00000000        0x0 C:/NXP/S32DS_ARM_v2018.R1/Cross_Tools/gcc-arm-none-eabi-4_9/arm-none-eabi/newlib/lib/armv7e-m/fpu\libc.a(lib_a-__call_atexit.o)
 .data          0x00000000        0x0 C:/NXP/S32DS_ARM_v2018.R1/Cross_Tools/gcc-arm-none-eabi-4_9/arm-none-eabi/newlib/lib/armv7e-m/fpu\libc.a(lib_a-__call_atexit.o)
 .bss           0x00000000        0x0 C:/NXP/S32DS_ARM_v2018.R1/Cross_Tools/gcc-arm-none-eabi-4_9/arm-none-eabi/newlib/lib/armv7e-m/fpu\libc.a(lib_a-__call_atexit.o)
 .text.__call_exitprocs
                0x00000000       0xd4 C:/NXP/S32DS_ARM_v2018.R1/Cross_Tools/gcc-arm-none-eabi-4_9/arm-none-eabi/newlib/lib/armv7e-m/fpu\libc.a(lib_a-__call_atexit.o)
 .text          0x00000000        0x0 C:/NXP/S32DS_ARM_v2018.R1/Cross_Tools/gcc-arm-none-eabi-4_9/arm-none-eabi/newlib/lib/armv7e-m/fpu\libc.a(lib_a-atexit.o)
 .data          0x00000000        0x0 C:/NXP/S32DS_ARM_v2018.R1/Cross_Tools/gcc-arm-none-eabi-4_9/arm-none-eabi/newlib/lib/armv7e-m/fpu\libc.a(lib_a-atexit.o)
 .bss           0x00000000        0x0 C:/NXP/S32DS_ARM_v2018.R1/Cross_Tools/gcc-arm-none-eabi-4_9/arm-none-eabi/newlib/lib/armv7e-m/fpu\libc.a(lib_a-atexit.o)
 .text          0x00000000        0x0 C:/NXP/S32DS_ARM_v2018.R1/Cross_Tools/gcc-arm-none-eabi-4_9/arm-none-eabi/newlib/lib/armv7e-m/fpu\libc.a(lib_a-fini.o)
 .data          0x00000000        0x0 C:/NXP/S32DS_ARM_v2018.R1/Cross_Tools/gcc-arm-none-eabi-4_9/arm-none-eabi/newlib/lib/armv7e-m/fpu\libc.a(lib_a-fini.o)
 .bss           0x00000000        0x0 C:/NXP/S32DS_ARM_v2018.R1/Cross_Tools/gcc-arm-none-eabi-4_9/arm-none-eabi/newlib/lib/armv7e-m/fpu\libc.a(lib_a-fini.o)
 .text          0x00000000        0x0 C:/NXP/S32DS_ARM_v2018.R1/Cross_Tools/gcc-arm-none-eabi-4_9/arm-none-eabi/newlib/lib/armv7e-m/fpu\libc.a(lib_a-__atexit.o)
 .data          0x00000000        0x0 C:/NXP/S32DS_ARM_v2018.R1/Cross_Tools/gcc-arm-none-eabi-4_9/arm-none-eabi/newlib/lib/armv7e-m/fpu\libc.a(lib_a-__atexit.o)
 .bss           0x00000000        0x0 C:/NXP/S32DS_ARM_v2018.R1/Cross_Tools/gcc-arm-none-eabi-4_9/arm-none-eabi/newlib/lib/armv7e-m/fpu\libc.a(lib_a-__atexit.o)
 .text          0x00000000        0x0 C:/NXP/S32DS_ARM_v2018.R1/Cross_Tools/gcc-arm-none-eabi-4_9/arm-none-eabi/newlib/lib/armv7e-m/fpu\libnosys.a(_exit.o)
 .data          0x00000000        0x0 C:/NXP/S32DS_ARM_v2018.R1/Cross_Tools/gcc-arm-none-eabi-4_9/arm-none-eabi/newlib/lib/armv7e-m/fpu\libnosys.a(_exit.o)
 .bss           0x00000000        0x0 C:/NXP/S32DS_ARM_v2018.R1/Cross_Tools/gcc-arm-none-eabi-4_9/arm-none-eabi/newlib/lib/armv7e-m/fpu\libnosys.a(_exit.o)
 .text._exit    0x00000000        0x4 C:/NXP/S32DS_ARM_v2018.R1/Cross_Tools/gcc-arm-none-eabi-4_9/arm-none-eabi/newlib/lib/armv7e-m/fpu\libnosys.a(_exit.o)
 .debug_frame   0x00000000       0x20 C:/NXP/S32DS_ARM_v2018.R1/Cross_Tools/gcc-arm-none-eabi-4_9/arm-none-eabi/newlib/lib/armv7e-m/fpu\libnosys.a(_exit.o)
 .ARM.attributes
                0x00000000       0x34 C:/NXP/S32DS_ARM_v2018.R1/Cross_Tools/gcc-arm-none-eabi-4_9/arm-none-eabi/newlib/lib/armv7e-m/fpu\libnosys.a(_exit.o)
 .text          0x00000000        0x0 c:/nxp/s32ds_arm_v2018.r1/cross_tools/gcc-arm-none-eabi-4_9/bin/../lib/gcc/arm-none-eabi/4.9.3/armv7e-m/fpu/crtend.o
 .data          0x00000000        0x0 c:/nxp/s32ds_arm_v2018.r1/cross_tools/gcc-arm-none-eabi-4_9/bin/../lib/gcc/arm-none-eabi/4.9.3/armv7e-m/fpu/crtend.o
 .bss           0x00000000        0x0 c:/nxp/s32ds_arm_v2018.r1/cross_tools/gcc-arm-none-eabi-4_9/bin/../lib/gcc/arm-none-eabi/4.9.3/armv7e-m/fpu/crtend.o
 .eh_frame      0x00000000        0x4 c:/nxp/s32ds_arm_v2018.r1/cross_tools/gcc-arm-none-eabi-4_9/bin/../lib/gcc/arm-none-eabi/4.9.3/armv7e-m/fpu/crtend.o
 .text          0x00000000        0x0 c:/nxp/s32ds_arm_v2018.r1/cross_tools/gcc-arm-none-eabi-4_9/bin/../lib/gcc/arm-none-eabi/4.9.3/armv7e-m/fpu/crtn.o
 .data          0x00000000        0x0 c:/nxp/s32ds_arm_v2018.r1/cross_tools/gcc-arm-none-eabi-4_9/bin/../lib/gcc/arm-none-eabi/4.9.3/armv7e-m/fpu/crtn.o
 .bss           0x00000000        0x0 c:/nxp/s32ds_arm_v2018.r1/cross_tools/gcc-arm-none-eabi-4_9/bin/../lib/gcc/arm-none-eabi/4.9.3/armv7e-m/fpu/crtn.o

Memory Configuration

Name             Origin             Length             Attributes
m_interrupts     0x00000000         0x00000400         xr
m_flash_config   0x00000400         0x00000010         xr
m_text           0x00000410         0x0007fbf0         xr
m_data           0x1fff8000         0x00008000         rw
m_data_2         0x20000000         0x00007000         rw
*default*        0x00000000         0xffffffff

Linker script and memory map

LOAD c:/nxp/s32ds_arm_v2018.r1/cross_tools/gcc-arm-none-eabi-4_9/bin/../lib/gcc/arm-none-eabi/4.9.3/armv7e-m/fpu/crti.o
LOAD c:/nxp/s32ds_arm_v2018.r1/cross_tools/gcc-arm-none-eabi-4_9/bin/../lib/gcc/arm-none-eabi/4.9.3/armv7e-m/fpu/crtbegin.o
LOAD C:/NXP/S32DS_ARM_v2018.R1/Cross_Tools/gcc-arm-none-eabi-4_9/arm-none-eabi/newlib/lib/armv7e-m/fpu/crt0.o
                0x00000001                __ram_vector_table__ = 0x1
LOAD startup_S32K144.o
LOAD clock_S32K1xx.o
LOAD gpio_s32k144.o
LOAD interrupt_manager.o
LOAD lpit_driver.o
LOAD mbd_main.o
LOAD pins_driver.o
LOAD pins_port_hw_access.o
LOAD power_manager.o
LOAD power_manager_S32K1xx.o
LOAD power_smc_hw_access.o
LOAD s32k_clock_init.o
LOAD startup.o
LOAD system_S32K144.o
LOAD C:/NXP/S32DS_ARM_v2018.R1/Cross_Tools/gcc-arm-none-eabi-4_9/arm-none-eabi/newlib/lib/armv7e-m/fpu\libm.a
LOAD S32K14x_AMMCLIB.a
START GROUP
LOAD c:/nxp/s32ds_arm_v2018.r1/cross_tools/gcc-arm-none-eabi-4_9/bin/../lib/gcc/arm-none-eabi/4.9.3/armv7e-m/fpu\libgcc.a
LOAD C:/NXP/S32DS_ARM_v2018.R1/Cross_Tools/gcc-arm-none-eabi-4_9/arm-none-eabi/newlib/lib/armv7e-m/fpu\libc.a
END GROUP
START GROUP
LOAD c:/nxp/s32ds_arm_v2018.r1/cross_tools/gcc-arm-none-eabi-4_9/bin/../lib/gcc/arm-none-eabi/4.9.3/armv7e-m/fpu\libgcc.a
LOAD C:/NXP/S32DS_ARM_v2018.R1/Cross_Tools/gcc-arm-none-eabi-4_9/arm-none-eabi/newlib/lib/armv7e-m/fpu\libc.a
LOAD C:/NXP/S32DS_ARM_v2018.R1/Cross_Tools/gcc-arm-none-eabi-4_9/arm-none-eabi/newlib/lib/armv7e-m/fpu\libnosys.a
END GROUP
LOAD c:/nxp/s32ds_arm_v2018.r1/cross_tools/gcc-arm-none-eabi-4_9/bin/../lib/gcc/arm-none-eabi/4.9.3/armv7e-m/fpu/crtend.o
LOAD c:/nxp/s32ds_arm_v2018.r1/cross_tools/gcc-arm-none-eabi-4_9/bin/../lib/gcc/arm-none-eabi/4.9.3/armv7e-m/fpu/crtn.o
                0x00000400                HEAP_SIZE = DEFINED (__heap_size__)?__heap_size__:0x400
                0x00000400                STACK_SIZE = DEFINED (__stack_size__)?__stack_size__:0x400
                0x00000400                M_VECTOR_RAM_SIZE = DEFINED (__flash_vector_table__)?0x0:0x400

.interrupts     0x00000000      0x400
                0x00000000                __VECTOR_TABLE = .
                0x00000000                __interrupts_start__ = .
                0x00000000                . = ALIGN (0x4)
 *(.isr_vector)
 .isr_vector    0x00000000      0x400 startup_S32K144.o
                0x00000000                __isr_vector
                0x00000400                __interrupts_end__ = .
                0x00000400                . = ALIGN (0x4)

.flash_config   0x00000400       0x10
                0x00000400                . = ALIGN (0x4)
 *(.FlashConfig)
 .FlashConfig   0x00000400       0x10 startup_S32K144.o
                0x00000410                . = ALIGN (0x4)

.text           0x00000410     0x3e04
                0x00000410                . = ALIGN (0x4)
 *(.text)
 .text          0x00000410       0x5c c:/nxp/s32ds_arm_v2018.r1/cross_tools/gcc-arm-none-eabi-4_9/bin/../lib/gcc/arm-none-eabi/4.9.3/armv7e-m/fpu/crtbegin.o
 .text          0x0000046c       0x60 startup_S32K144.o
                0x0000046c                Reset_Handler
                0x000004c8                DebugMon_Handler
                0x000004c8                Reserved88_IRQHandler
                0x000004c8                CAN0_ORed_IRQHandler
                0x000004c8                HardFault_Handler
                0x000004c8                Reserved86_IRQHandler
                0x000004c8                Reserved103_IRQHandler
                0x000004c8                SysTick_Handler
                0x000004c8                FTM2_Ovf_Reload_IRQHandler
                0x000004c8                Reserved50_IRQHandler
                0x000004c8                FTFC_Fault_IRQHandler
                0x000004c8                FTM0_Ch6_Ch7_IRQHandler
                0x000004c8                Reserved114_IRQHandler
                0x000004c8                PendSV_Handler
                0x000004c8                NMI_Handler
                0x000004c8                Reserved89_IRQHandler
                0x000004c8                ERM_double_fault_IRQHandler
                0x000004c8                DMA2_IRQHandler
                0x000004c8                Reserved59_IRQHandler
                0x000004c8                Reserved99_IRQHandler
                0x000004c8                FTM3_Ch6_Ch7_IRQHandler
                0x000004c8                CAN2_ORed_0_15_MB_IRQHandler
                0x000004c8                LPIT0_Ch3_IRQHandler
                0x000004c8                Reserved92_IRQHandler
                0x000004c8                FTM0_Ch4_Ch5_IRQHandler
                0x000004c8                CAN1_Error_IRQHandler
                0x000004c8                FTM3_Ch0_Ch1_IRQHandler
                0x000004c8                SWI_IRQHandler
                0x000004c8                ADC0_IRQHandler
                0x000004c8                FTM2_Ch4_Ch5_IRQHandler
                0x000004c8                UsageFault_Handler
                0x000004c8                FTM0_Ovf_Reload_IRQHandler
                0x000004c8                DefaultISR
                0x000004c8                DMA9_IRQHandler
                0x000004c8                Reserved58_IRQHandler
                0x000004c8                CAN1_ORed_0_15_MB_IRQHandler
                0x000004c8                FTM1_Ch2_Ch3_IRQHandler
                0x000004c8                DMA14_IRQHandler
                0x000004c8                Reserved82_IRQHandler
                0x000004c8                CAN0_ORed_16_31_MB_IRQHandler
                0x000004c8                LPI2C0_Slave_IRQHandler
                0x000004c8                Reserved71_IRQHandler
                0x000004c8                PORTD_IRQHandler
                0x000004c8                Reserved69_IRQHandler
                0x000004c8                PORTB_IRQHandler
                0x000004c8                Reserved70_IRQHandler
                0x000004c8                ADC1_IRQHandler
                0x000004c8                FTM2_Ch2_Ch3_IRQHandler
                0x000004c8                Reserved53_IRQHandler
                0x000004c8                DMA5_IRQHandler
                0x000004c8                RTC_IRQHandler
                0x000004c8                PDB0_IRQHandler
                0x000004c8                Reserved54_IRQHandler
                0x000004c8                FTM2_Ch6_Ch7_IRQHandler
                0x000004c8                FTM3_Ch2_Ch3_IRQHandler
                0x000004c8                FTM2_Ch0_Ch1_IRQHandler
                0x000004c8                LPSPI1_IRQHandler
                0x000004c8                LPUART1_RxTx_IRQHandler
                0x000004c8                RTC_Seconds_IRQHandler
                0x000004c8                CAN2_ORed_IRQHandler
                0x000004c8                Reserved72_IRQHandler
                0x000004c8                Reserved110_IRQHandler
                0x000004c8                DMA11_IRQHandler
                0x000004c8                Reserved107_IRQHandler
                0x000004c8                Read_Collision_IRQHandler
                0x000004c8                CAN2_Error_IRQHandler
                0x000004c8                FTFC_IRQHandler
                0x000004c8                DMA7_IRQHandler
                0x000004c8                FTM1_Ch6_Ch7_IRQHandler
                0x000004c8                Reserved105_IRQHandler
                0x000004c8                LPIT0_Ch1_IRQHandler
                0x000004c8                FTM1_Ch4_Ch5_IRQHandler
                0x000004c8                FTM3_Ovf_Reload_IRQHandler
                0x000004c8                LPUART2_RxTx_IRQHandler
                0x000004c8                LPSPI0_IRQHandler
                0x000004c8                WDOG_EWM_IRQHandler
                0x000004c8                MemManage_Handler
                0x000004c8                Reserved90_IRQHandler
                0x000004c8                Reserved83_IRQHandler
                0x000004c8                FTM0_Fault_IRQHandler
                0x000004c8                Reserved48_IRQHandler
                0x000004c8                SVC_Handler
                0x000004c8                ERM_single_fault_IRQHandler
                0x000004c8                FTM2_Fault_IRQHandler
                0x000004c8                FTM0_Ch2_Ch3_IRQHandler
                0x000004c8                DMA13_IRQHandler
                0x000004c8                FTM0_Ch0_Ch1_IRQHandler
                0x000004c8                FTM3_Fault_IRQHandler
                0x000004c8                RCM_IRQHandler
                0x000004c8                DMA3_IRQHandler
                0x000004c8                Reserved100_IRQHandler
                0x000004c8                DMA0_IRQHandler
                0x000004c8                Reserved91_IRQHandler
                0x000004c8                CAN1_ORed_IRQHandler
                0x000004c8                DMA15_IRQHandler
                0x000004c8                SCG_IRQHandler
                0x000004c8                PDB1_IRQHandler
                0x000004c8                Reserved81_IRQHandler
                0x000004c8                Reserved46_IRQHandler
                0x000004c8                Reserved45_IRQHandler
                0x000004c8                CAN0_Error_IRQHandler
                0x000004c8                Reserved112_IRQHandler
                0x000004c8                LPI2C0_Master_IRQHandler
                0x000004c8                DMA4_IRQHandler
                0x000004c8                FTM1_Fault_IRQHandler
                0x000004c8                Reserved106_IRQHandler
                0x000004c8                DMA_Error_IRQHandler
                0x000004c8                LVD_LVW_IRQHandler
                0x000004c8                LPIT0_Ch2_IRQHandler
                0x000004c8                PORTA_IRQHandler
                0x000004c8                MCM_IRQHandler
                0x000004c8                LPSPI2_IRQHandler
                0x000004c8                DMA12_IRQHandler
                0x000004c8                FTM3_Ch4_Ch5_IRQHandler
                0x000004c8                CAN0_ORed_0_15_MB_IRQHandler
                0x000004c8                PORTE_IRQHandler
                0x000004c8                LPUART0_RxTx_IRQHandler
                0x000004c8                LPTMR0_IRQHandler
                0x000004c8                BusFault_Handler
                0x000004c8                Reserved87_IRQHandler
                0x000004c8                FTM1_Ovf_Reload_IRQHandler
                0x000004c8                DMA8_IRQHandler
                0x000004c8                Reserved93_IRQHandler
                0x000004c8                DMA10_IRQHandler
                0x000004c8                CAN0_Wake_Up_IRQHandler
                0x000004c8                CMP0_IRQHandler
                0x000004c8                Reserved52_IRQHandler
                0x000004c8                PORTC_IRQHandler
                0x000004c8                DMA6_IRQHandler
                0x000004c8                FTM1_Ch0_Ch1_IRQHandler
                0x000004c8                FLEXIO_IRQHandler
                0x000004c8                DMA1_IRQHandler
                0x000004c8                Reserved113_IRQHandler
 .text          0x000004cc     0x1b98 clock_S32K1xx.o
                0x0000104c                CLOCK_DRV_Init
                0x000015e0                CLOCK_DRV_GetFreq
                0x00001998                CLOCK_DRV_SetModuleClock
                0x00001b10                CLOCK_DRV_SetSystemClock
                0x00001c20                CLOCK_DRV_GetSystemClockSource
                0x00001c7c                CLOCK_DRV_SetClockSource
                0x00001f30                CLOCK_SYS_Init
                0x00001f4c                CLOCK_SYS_UpdateConfiguration
                0x0000202c                CLOCK_SYS_GetCurrentConfiguration
                0x00002038                CLOCK_SYS_GetErrorCallback
                0x00002054                CLOCK_SYS_GetFreq
                0x0000205c                CLOCK_SYS_SetConfiguration
 .text          0x00002064      0x18c gpio_s32k144.o
                0x00002064                gpio_s32k144_step
                0x000020e8                gpio_s32k144_initialize
                0x000021ec                gpio_s32k144_terminate
 .text          0x000021f0      0x194 interrupt_manager.o
                0x000021f0                INT_SYS_InstallHandler
                0x00002220                INT_SYS_EnableIRQ
                0x00002238                INT_SYS_DisableIRQ
                0x00002250                INT_SYS_EnableIRQGlobal
                0x0000226c                INT_SYS_DisableIRQGlobal
                0x0000227c                INT_SYS_SetPriority
                0x000022d8                INT_SYS_GetPriority
                0x0000231c                INT_SYS_ClearPending
                0x00002334                INT_SYS_SetPending
                0x0000234c                INT_SYS_GetPending
                0x00002368                INT_SYS_GetActive
 .text          0x00002384      0x658 lpit_driver.o
                0x00002384                LPIT_DRV_GetDefaultConfig
                0x0000238c                LPIT_DRV_GetDefaultChanConfig
                0x000023ac                LPIT_DRV_Init
                0x00002458                LPIT_DRV_Deinit
                0x00002468                LPIT_DRV_StartTimerChannels
                0x00002478                LPIT_DRV_StopTimerChannels
                0x00002488                LPIT_DRV_SetTimerPeriodByUs
                0x00002534                LPIT_DRV_InitChannel
                0x000026b8                LPIT_DRV_SetTimerPeriodInDual16ModeByUs
                0x00002740                LPIT_DRV_GetTimerPeriodByUs
                0x00002850                LPIT_DRV_GetCurrentTimerUs
                0x00002938                LPIT_DRV_SetTimerPeriodByCount
                0x00002948                LPIT_DRV_SetTimerPeriodInDual16ModeByCount
                0x0000295c                LPIT_DRV_GetTimerPeriodByCount
                0x00002980                LPIT_DRV_GetCurrentTimerCount
                0x000029a4                LPIT_DRV_EnableTimerChannelInterrupt
                0x000029b4                LPIT_DRV_DisableTimerChannelInterrupt
                0x000029c4                LPIT_DRV_GetInterruptFlagTimerChannels
                0x000029d0                LPIT_DRV_ClearInterruptFlagTimerChannels
 .text          0x000029dc       0xbc mbd_main.o
                0x000029dc                LPIT0_Ch0_IRQHandler
                0x000029ec                SYSTEM_INIT_TASK
                0x000029f4                SYSTEM_TASK
                0x000029fc                lpit0_init
                0x00002a70                main
 .text          0x00002a98      0x150 pins_driver.o
                0x00002a98                PINS_DRV_Init
                0x00002ab8                PINS_DRV_SetPullSel
                0x00002af4                PINS_DRV_SetMuxModeSel
                0x00002afc                PINS_DRV_SetPinIntSel
                0x00002b14                PINS_DRV_GetPinIntSel
                0x00002b20                PINS_DRV_ClearPinIntFlagCmd
                0x00002b30                PINS_DRV_EnableDigitalFilter
                0x00002b40                PINS_DRV_DisableDigitalFilter
                0x00002b54                PINS_DRV_ConfigDigitalFilter
                0x00002b6c                PINS_DRV_GetPortIntFlag
                0x00002b74                PINS_DRV_ClearPortIntFlagCmd
                0x00002b80                PINS_DRV_GetPinsDirection
                0x00002b84                PINS_DRV_SetPinDirection
                0x00002b9c                PINS_DRV_SetPinsDirection
                0x00002ba0                PINS_DRV_SetPortInputDisable
                0x00002ba4                PINS_DRV_GetPortInputDisable
                0x00002ba8                PINS_DRV_SetGlobalPinControl
                0x00002bb0                PINS_DRV_SetGlobalIntControl
                0x00002bb8                PINS_DRV_WritePin
                0x00002bd0                PINS_DRV_WritePins
                0x00002bd4                PINS_DRV_GetPinsOutput
                0x00002bd8                PINS_DRV_SetPins
                0x00002bdc                PINS_DRV_ClearPins
                0x00002be0                PINS_DRV_TogglePins
                0x00002be4                PINS_DRV_ReadPins
 .text          0x00002be8      0x224 pins_port_hw_access.o
                0x00002c5c                PINS_Init
                0x00002d6c                PINS_SetMuxModeSel
                0x00002dbc                PINS_SetGlobalPinControl
                0x00002de8                PINS_SetGlobalIntControl
 .text          0x00002e0c      0x1c8 power_manager.o
                0x00002ea8                POWER_SYS_Init
                0x00002ed4                POWER_SYS_Deinit
                0x00002eec                POWER_SYS_GetLastMode
                0x00002f04                POWER_SYS_GetLastModeConfig
                0x00002f20                POWER_SYS_GetErrorCallbackIndex
                0x00002f2c                POWER_SYS_GetErrorCallback
                0x00002f48                POWER_SYS_SetMode
                0x00002fc8                POWER_SYS_GetDefaultConfig
 .text          0x00002fd4      0x4c8 power_manager_S32K1xx.o
                0x00003088                POWER_SYS_DoInit
                0x00003108                POWER_SYS_DoDeinit
                0x0000310c                POWER_SYS_GetCurrentMode
                0x00003130                POWER_SYS_DoSetMode
                0x0000343c                POWER_SYS_GetResetSrcStatusCmd
 .text          0x0000349c      0x140 power_smc_hw_access.o
                0x00003510                SMC_SetPowerMode
                0x000035c4                SMC_SetProtectionMode
 .text          0x000035dc      0x114 s32k_clock_init.o
                0x000035dc                Clock_Setup
                0x000036d8                UpdateSystickConfig
 .text          0x000036f0       0xd8 startup.o
                0x000036f0                init_data_bss
 .text          0x000037c8       0xd4 system_S32K144.o
                0x000037c8                SystemInit
                0x00003804                SystemCoreClockUpdate
                0x00003884                SystemSoftwareReset
 .text          0x0000389c       0x30 c:/nxp/s32ds_arm_v2018.r1/cross_tools/gcc-arm-none-eabi-4_9/bin/../lib/gcc/arm-none-eabi/4.9.3/armv7e-m/fpu\libgcc.a(_aeabi_uldivmod.o)
                0x0000389c                __aeabi_uldivmod
 .text          0x000038cc       0x60 c:/nxp/s32ds_arm_v2018.r1/cross_tools/gcc-arm-none-eabi-4_9/bin/../lib/gcc/arm-none-eabi/4.9.3/armv7e-m/fpu\libgcc.a(bpabi.o)
                0x000038cc                __gnu_ldivmod_helper
                0x000038fc                __gnu_uldivmod_helper
 .text          0x0000392c        0x4 c:/nxp/s32ds_arm_v2018.r1/cross_tools/gcc-arm-none-eabi-4_9/bin/../lib/gcc/arm-none-eabi/4.9.3/armv7e-m/fpu\libgcc.a(_dvmd_tls.o)
                0x0000392c                __aeabi_idiv0
                0x0000392c                __aeabi_ldiv0
 .text          0x00003930      0x29c c:/nxp/s32ds_arm_v2018.r1/cross_tools/gcc-arm-none-eabi-4_9/bin/../lib/gcc/arm-none-eabi/4.9.3/armv7e-m/fpu\libgcc.a(_divdi3.o)
                0x00003930                __divdi3
 .text          0x00003bcc      0x26c c:/nxp/s32ds_arm_v2018.r1/cross_tools/gcc-arm-none-eabi-4_9/bin/../lib/gcc/arm-none-eabi/4.9.3/armv7e-m/fpu\libgcc.a(_udivdi3.o)
                0x00003bcc                __udivdi3
 *(.text*)
 .text.memset   0x00003e38       0x9c C:/NXP/S32DS_ARM_v2018.R1/Cross_Tools/gcc-arm-none-eabi-4_9/arm-none-eabi/newlib/lib/armv7e-m/fpu\libc.a(lib_a-memset.o)
                0x00003e38                memset
 .text.startup.register_fini
                0x00003ed4       0x14 C:/NXP/S32DS_ARM_v2018.R1/Cross_Tools/gcc-arm-none-eabi-4_9/arm-none-eabi/newlib/lib/armv7e-m/fpu\libc.a(lib_a-__call_atexit.o)
 .text.atexit   0x00003ee8        0xc C:/NXP/S32DS_ARM_v2018.R1/Cross_Tools/gcc-arm-none-eabi-4_9/arm-none-eabi/newlib/lib/armv7e-m/fpu\libc.a(lib_a-atexit.o)
                0x00003ee8                atexit
 .text.__libc_fini_array
                0x00003ef4       0x2c C:/NXP/S32DS_ARM_v2018.R1/Cross_Tools/gcc-arm-none-eabi-4_9/arm-none-eabi/newlib/lib/armv7e-m/fpu\libc.a(lib_a-fini.o)
                0x00003ef4                __libc_fini_array
 .text.__register_exitproc
                0x00003f20       0xa4 C:/NXP/S32DS_ARM_v2018.R1/Cross_Tools/gcc-arm-none-eabi-4_9/arm-none-eabi/newlib/lib/armv7e-m/fpu\libc.a(lib_a-__atexit.o)
                0x00003f20                __register_exitproc
 *(.rodata)
 .rodata        0x00003fc4      0x20d clock_S32K1xx.o
                0x000040c0                clockNameMappings
                0x00004170                peripheralFeaturesList
 *fill*         0x000041d1        0x3 
 .rodata        0x000041d4        0x4 lpit_driver.o
 .rodata        0x000041d8       0x1c mbd_main.o
 *(.rodata*)
 .rodata.str1.4
                0x000041f4        0x4 C:/NXP/S32DS_ARM_v2018.R1/Cross_Tools/gcc-arm-none-eabi-4_9/arm-none-eabi/newlib/lib/armv7e-m/fpu\libc.a(lib_a-impure.o)
                                  0x2 (size before relaxing)
 .rodata._global_impure_ptr
                0x000041f8        0x4 C:/NXP/S32DS_ARM_v2018.R1/Cross_Tools/gcc-arm-none-eabi-4_9/arm-none-eabi/newlib/lib/armv7e-m/fpu\libc.a(lib_a-impure.o)
                0x000041f8                _global_impure_ptr
 *(.glue_7)
 .glue_7        0x00000000        0x0 linker stubs
 *(.glue_7t)
 .glue_7t       0x00000000        0x0 linker stubs
 *(.eh_frame)
 .eh_frame      0x000041fc        0x0 c:/nxp/s32ds_arm_v2018.r1/cross_tools/gcc-arm-none-eabi-4_9/bin/../lib/gcc/arm-none-eabi/4.9.3/armv7e-m/fpu/crtbegin.o
 *(.init)
 .init          0x000041fc        0x4 c:/nxp/s32ds_arm_v2018.r1/cross_tools/gcc-arm-none-eabi-4_9/bin/../lib/gcc/arm-none-eabi/4.9.3/armv7e-m/fpu/crti.o
                0x000041fc                _init
 .init          0x00004200        0x8 c:/nxp/s32ds_arm_v2018.r1/cross_tools/gcc-arm-none-eabi-4_9/bin/../lib/gcc/arm-none-eabi/4.9.3/armv7e-m/fpu/crtn.o
 *(.fini)
 .fini          0x00004208        0x4 c:/nxp/s32ds_arm_v2018.r1/cross_tools/gcc-arm-none-eabi-4_9/bin/../lib/gcc/arm-none-eabi/4.9.3/armv7e-m/fpu/crti.o
                0x00004208                _fini
 .fini          0x0000420c        0x8 c:/nxp/s32ds_arm_v2018.r1/cross_tools/gcc-arm-none-eabi-4_9/bin/../lib/gcc/arm-none-eabi/4.9.3/armv7e-m/fpu/crtn.o
                0x00004214                . = ALIGN (0x4)

.vfp11_veneer   0x00004214        0x0
 .vfp11_veneer  0x00000000        0x0 linker stubs

.v4_bx          0x00004214        0x0
 .v4_bx         0x00000000        0x0 linker stubs

.iplt           0x00004214        0x0
 .iplt          0x00000000        0x0 c:/nxp/s32ds_arm_v2018.r1/cross_tools/gcc-arm-none-eabi-4_9/bin/../lib/gcc/arm-none-eabi/4.9.3/armv7e-m/fpu/crtbegin.o

.ARM.extab
 *(.ARM.extab* .gnu.linkonce.armextab.*)

.ARM            0x00004214        0x8
                0x00004214                __exidx_start = .
 *(.ARM.exidx*)
 .ARM.exidx     0x00004214        0x8 c:/nxp/s32ds_arm_v2018.r1/cross_tools/gcc-arm-none-eabi-4_9/bin/../lib/gcc/arm-none-eabi/4.9.3/armv7e-m/fpu\libgcc.a(_divdi3.o)
 .ARM.exidx     0x0000421c        0x0 c:/nxp/s32ds_arm_v2018.r1/cross_tools/gcc-arm-none-eabi-4_9/bin/../lib/gcc/arm-none-eabi/4.9.3/armv7e-m/fpu\libgcc.a(_udivdi3.o)
                                  0x8 (size before relaxing)
                0x0000421c                __exidx_end = .

.rel.dyn        0x0000421c        0x0
 .rel.iplt      0x00000000        0x0 c:/nxp/s32ds_arm_v2018.r1/cross_tools/gcc-arm-none-eabi-4_9/bin/../lib/gcc/arm-none-eabi/4.9.3/armv7e-m/fpu/crtbegin.o

.ctors          0x0000421c        0x0
                0x0000421c                __CTOR_LIST__ = .
 *crtbegin.o(.ctors)
 *crtbegin?.o(.ctors)
 *(EXCLUDE_FILE(*crtend.o *crtend?.o) .ctors)
 *(SORT(.ctors.*))
 *(.ctors)
                0x0000421c                __CTOR_END__ = .

.dtors          0x0000421c        0x0
                0x0000421c                __DTOR_LIST__ = .
 *crtbegin.o(.dtors)
 *crtbegin?.o(.dtors)
 *(EXCLUDE_FILE(*crtend.o *crtend?.o) .dtors)
 *(SORT(.dtors.*))
 *(.dtors)
                0x0000421c                __DTOR_END__ = .

.preinit_array  0x0000421c        0x0
                0x0000421c                PROVIDE (__preinit_array_start, .)
 *(.preinit_array*)
                0x0000421c                PROVIDE (__preinit_array_end, .)

.init_array     0x0000421c        0x8
                0x0000421c                PROVIDE (__init_array_start, .)
 *(SORT(.init_array.*))
 .init_array.00000
                0x0000421c        0x4 C:/NXP/S32DS_ARM_v2018.R1/Cross_Tools/gcc-arm-none-eabi-4_9/arm-none-eabi/newlib/lib/armv7e-m/fpu\libc.a(lib_a-__call_atexit.o)
 *(.init_array*)
 .init_array    0x00004220        0x4 c:/nxp/s32ds_arm_v2018.r1/cross_tools/gcc-arm-none-eabi-4_9/bin/../lib/gcc/arm-none-eabi/4.9.3/armv7e-m/fpu/crtbegin.o
                0x00004224                PROVIDE (__init_array_end, .)

.fini_array     0x00004224        0x4
                0x00004224                PROVIDE (__fini_array_start, .)
 *(SORT(.fini_array.*))
 *(.fini_array*)
 .fini_array    0x00004224        0x4 c:/nxp/s32ds_arm_v2018.r1/cross_tools/gcc-arm-none-eabi-4_9/bin/../lib/gcc/arm-none-eabi/4.9.3/armv7e-m/fpu/crtbegin.o
                0x00004228                PROVIDE (__fini_array_end, .)
                0x00004228                __etext = .
                0x00004228                __DATA_ROM = .

.interrupts_ram
                0x1fff8000      0x400
                0x1fff8000                . = ALIGN (0x4)
                0x1fff8000                __VECTOR_RAM__ = .
                0x1fff8000                __RAM_START = .
                0x1fff8000                __interrupts_ram_start__ = .
 *(.m_interrupts_ram)
                0x1fff8400                . = (. + M_VECTOR_RAM_SIZE)
 *fill*         0x1fff8000      0x400 
                0x1fff8400                . = ALIGN (0x4)
                0x1fff8400                __interrupts_ram_end__ = .
                0x1fff8000                __VECTOR_RAM = DEFINED (__flash_vector_table__)?ORIGIN (m_interrupts):__VECTOR_RAM__
                0x00000400                __RAM_VECTOR_TABLE_SIZE = DEFINED (__flash_vector_table__)?0x0:(__interrupts_ram_end__ - __interrupts_ram_start__)

.data           0x1fff8400      0x4d4 load address 0x00004228
                0x1fff8400                . = ALIGN (0x4)
                0x1fff8400                __DATA_RAM = .
                0x1fff8400                __data_start__ = .
 *(.data)
 .data          0x1fff8400       0xa0 clock_S32K1xx.o
 .data          0x1fff84a0        0x4 system_S32K144.o
                0x1fff84a0                SystemCoreClock
 *(.data*)
 *fill*         0x1fff84a4        0x4 
 .data.impure_data
                0x1fff84a8      0x428 C:/NXP/S32DS_ARM_v2018.R1/Cross_Tools/gcc-arm-none-eabi-4_9/arm-none-eabi/newlib/lib/armv7e-m/fpu\libc.a(lib_a-impure.o)
 *(.jcr*)
 .jcr           0x1fff88d0        0x0 c:/nxp/s32ds_arm_v2018.r1/cross_tools/gcc-arm-none-eabi-4_9/bin/../lib/gcc/arm-none-eabi/4.9.3/armv7e-m/fpu/crtbegin.o
 .jcr           0x1fff88d0        0x4 c:/nxp/s32ds_arm_v2018.r1/cross_tools/gcc-arm-none-eabi-4_9/bin/../lib/gcc/arm-none-eabi/4.9.3/armv7e-m/fpu/crtend.o
                0x1fff88d4                . = ALIGN (0x4)
                0x1fff88d4                __data_end__ = .
                0x000046fc                __DATA_END = (__DATA_ROM + (__data_end__ - __data_start__))
                0x000046fc                __CODE_ROM = __DATA_END

.igot.plt       0x1fff88d4        0x0 load address 0x000046fc
 .igot.plt      0x00000000        0x0 c:/nxp/s32ds_arm_v2018.r1/cross_tools/gcc-arm-none-eabi-4_9/bin/../lib/gcc/arm-none-eabi/4.9.3/armv7e-m/fpu/crtbegin.o

.code           0x1fff88d4        0x0 load address 0x000046fc
                0x1fff88d4                . = ALIGN (0x4)
                0x1fff88d4                __CODE_RAM = .
                0x1fff88d4                __code_start__ = .
                0x1fff88d4                __code_ram_start__ = .
 *(.code_ram)
                0x1fff88d4                . = ALIGN (0x4)
                0x1fff88d4                __code_end__ = .
                0x1fff88d4                __code_ram_end__ = .
                0x000046fc                __CODE_END = (__CODE_ROM + (__code_end__ - __code_start__))
                0x000046fc                __CUSTOM_ROM = __CODE_END

.customSectionBlock
                0x20000000        0x0 load address 0x000046fc
                0x20000000                __customSection_start__ = .
 *(.customSection)
                0x20000000                __customSection_end__ = .
                0x000046fc                __CUSTOM_END = (__CUSTOM_ROM + (__customSection_end__ - __customSection_start__))

.bss            0x20000000       0x70
                0x20000000                . = ALIGN (0x4)
                0x20000000                __BSS_START = .
                0x20000000                __bss_start__ = .
 *(.bss)
 .bss           0x20000000       0x1c c:/nxp/s32ds_arm_v2018.r1/cross_tools/gcc-arm-none-eabi-4_9/bin/../lib/gcc/arm-none-eabi/4.9.3/armv7e-m/fpu/crtbegin.o
 .bss           0x2000001c       0x10 clock_S32K1xx.o
 .bss           0x2000002c        0x4 interrupt_manager.o
 .bss           0x20000030        0x4 lpit_driver.o
 .bss           0x20000034        0xc power_manager_S32K1xx.o
 *(.bss*)
 *(COMMON)
 COMMON         0x20000040       0x14 clock_S32K1xx.o
                0x20000040                g_xtal0ClkFreq
                0x20000044                g_RtcClkInFreq
                0x20000048                g_TClkFreq
 COMMON         0x20000054        0xa gpio_s32k144.o
                0x20000054                gpio_s32k144_B
                0x20000058                gpio_s32k144_M_
                0x2000005c                gpio_s32k144_DW
 *fill*         0x2000005e        0x2 
 COMMON         0x20000060       0x10 power_manager_S32K1xx.o
                0x20000060                gPowerManagerState
                0x20000070                . = ALIGN (0x4)
                0x20000070                __bss_end__ = .
                0x20000070                __BSS_END = .

.heap           0x20000070      0x400
                0x20000070                . = ALIGN (0x8)
                0x20000070                __end__ = .
                0x20000070                __heap_start__ = .
                0x20000070                PROVIDE (end, .)
                0x20000070                PROVIDE (_end, .)
                0x20000070                PROVIDE (__end, .)
                0x20000070                __HeapBase = .
                0x20000470                . = (. + HEAP_SIZE)
 *fill*         0x20000070      0x400 
                0x20000470                __HeapLimit = .
                0x20000470                __heap_limit = .
                0x20000470                __heap_end__ = .
                0x20007000                __StackTop = (ORIGIN (m_data_2) + 0x7000)
                0x20006c00                __StackLimit = (__StackTop - STACK_SIZE)
                0x20007000                PROVIDE (__stack, __StackTop)
                0x20007000                __RAM_END = __StackTop

.stack          0x20006c00      0x400
                0x20006c00                . = ALIGN (0x8)
                0x20006c00                __stack_start__ = .
                0x20007000                . = (. + STACK_SIZE)
 *fill*         0x20006c00      0x400 
                0x20007000                __stack_end__ = .

.ARM.attributes
                0x00000000       0x30
 *(.ARM.attributes)
 .ARM.attributes
                0x00000000       0x22 c:/nxp/s32ds_arm_v2018.r1/cross_tools/gcc-arm-none-eabi-4_9/bin/../lib/gcc/arm-none-eabi/4.9.3/armv7e-m/fpu/crti.o
 .ARM.attributes
                0x00000022       0x34 c:/nxp/s32ds_arm_v2018.r1/cross_tools/gcc-arm-none-eabi-4_9/bin/../lib/gcc/arm-none-eabi/4.9.3/armv7e-m/fpu/crtbegin.o
 .ARM.attributes
                0x00000056       0x1f startup_S32K144.o
 .ARM.attributes
                0x00000075       0x39 clock_S32K1xx.o
 .ARM.attributes
                0x000000ae       0x39 gpio_s32k144.o
 .ARM.attributes
                0x000000e7       0x39 interrupt_manager.o
 .ARM.attributes
                0x00000120       0x39 lpit_driver.o
 .ARM.attributes
                0x00000159       0x39 mbd_main.o
 .ARM.attributes
                0x00000192       0x39 pins_driver.o
 .ARM.attributes
                0x000001cb       0x39 pins_port_hw_access.o
 .ARM.attributes
                0x00000204       0x39 power_manager.o
 .ARM.attributes
                0x0000023d       0x39 power_manager_S32K1xx.o
 .ARM.attributes
                0x00000276       0x39 power_smc_hw_access.o
 .ARM.attributes
                0x000002af       0x39 s32k_clock_init.o
 .ARM.attributes
                0x000002e8       0x39 startup.o
 .ARM.attributes
                0x00000321       0x39 system_S32K144.o
 .ARM.attributes
                0x0000035a       0x22 c:/nxp/s32ds_arm_v2018.r1/cross_tools/gcc-arm-none-eabi-4_9/bin/../lib/gcc/arm-none-eabi/4.9.3/armv7e-m/fpu\libgcc.a(_aeabi_uldivmod.o)
 .ARM.attributes
                0x0000037c       0x34 c:/nxp/s32ds_arm_v2018.r1/cross_tools/gcc-arm-none-eabi-4_9/bin/../lib/gcc/arm-none-eabi/4.9.3/armv7e-m/fpu\libgcc.a(bpabi.o)
 .ARM.attributes
                0x000003b0       0x22 c:/nxp/s32ds_arm_v2018.r1/cross_tools/gcc-arm-none-eabi-4_9/bin/../lib/gcc/arm-none-eabi/4.9.3/armv7e-m/fpu\libgcc.a(_dvmd_tls.o)
 .ARM.attributes
                0x000003d2       0x34 c:/nxp/s32ds_arm_v2018.r1/cross_tools/gcc-arm-none-eabi-4_9/bin/../lib/gcc/arm-none-eabi/4.9.3/armv7e-m/fpu\libgcc.a(_divdi3.o)
 .ARM.attributes
                0x00000406       0x34 c:/nxp/s32ds_arm_v2018.r1/cross_tools/gcc-arm-none-eabi-4_9/bin/../lib/gcc/arm-none-eabi/4.9.3/armv7e-m/fpu\libgcc.a(_udivdi3.o)
 .ARM.attributes
                0x0000043a       0x34 C:/NXP/S32DS_ARM_v2018.R1/Cross_Tools/gcc-arm-none-eabi-4_9/arm-none-eabi/newlib/lib/armv7e-m/fpu\libc.a(lib_a-impure.o)
 .ARM.attributes
                0x0000046e       0x34 C:/NXP/S32DS_ARM_v2018.R1/Cross_Tools/gcc-arm-none-eabi-4_9/arm-none-eabi/newlib/lib/armv7e-m/fpu\libc.a(lib_a-memset.o)
 .ARM.attributes
                0x000004a2       0x34 C:/NXP/S32DS_ARM_v2018.R1/Cross_Tools/gcc-arm-none-eabi-4_9/arm-none-eabi/newlib/lib/armv7e-m/fpu\libc.a(lib_a-__call_atexit.o)
 .ARM.attributes
                0x000004d6       0x34 C:/NXP/S32DS_ARM_v2018.R1/Cross_Tools/gcc-arm-none-eabi-4_9/arm-none-eabi/newlib/lib/armv7e-m/fpu\libc.a(lib_a-atexit.o)
 .ARM.attributes
                0x0000050a       0x34 C:/NXP/S32DS_ARM_v2018.R1/Cross_Tools/gcc-arm-none-eabi-4_9/arm-none-eabi/newlib/lib/armv7e-m/fpu\libc.a(lib_a-fini.o)
 .ARM.attributes
                0x0000053e       0x34 C:/NXP/S32DS_ARM_v2018.R1/Cross_Tools/gcc-arm-none-eabi-4_9/arm-none-eabi/newlib/lib/armv7e-m/fpu\libc.a(lib_a-__atexit.o)
 .ARM.attributes
                0x00000572       0x34 c:/nxp/s32ds_arm_v2018.r1/cross_tools/gcc-arm-none-eabi-4_9/bin/../lib/gcc/arm-none-eabi/4.9.3/armv7e-m/fpu/crtend.o
 .ARM.attributes
                0x000005a6       0x22 c:/nxp/s32ds_arm_v2018.r1/cross_tools/gcc-arm-none-eabi-4_9/bin/../lib/gcc/arm-none-eabi/4.9.3/armv7e-m/fpu/crtn.o
                0x00000001                ASSERT ((__StackLimit >= __HeapLimit), region m_data_2 overflowed with stack and heap)
OUTPUT(gpio_s32k144.elf elf32-littlearm)

.debug_line     0x00000000     0x294e
 .debug_line    0x00000000       0x71 startup_S32K144.o
 .debug_line    0x00000071      0xdec clock_S32K1xx.o
 .debug_line    0x00000e5d      0x203 gpio_s32k144.o
 .debug_line    0x00001060      0x1cd interrupt_manager.o
 .debug_line    0x0000122d      0x3c1 lpit_driver.o
 .debug_line    0x000015ee      0x1dd mbd_main.o
 .debug_line    0x000017cb      0x2c2 pins_driver.o
 .debug_line    0x00001a8d      0x1e3 pins_port_hw_access.o
 .debug_line    0x00001c70      0x204 power_manager.o
 .debug_line    0x00001e74      0x437 power_manager_S32K1xx.o
 .debug_line    0x000022ab      0x21a power_smc_hw_access.o
 .debug_line    0x000024c5      0x1e6 s32k_clock_init.o
 .debug_line    0x000026ab      0x14c startup.o
 .debug_line    0x000027f7      0x157 system_S32K144.o

.debug_info     0x00000000     0xe6af
 .debug_info    0x00000000       0xaa startup_S32K144.o
 .debug_info    0x000000aa     0x518d clock_S32K1xx.o
 .debug_info    0x00005237      0x877 gpio_s32k144.o
 .debug_info    0x00005aae      0x8fb interrupt_manager.o
 .debug_info    0x000063a9     0x1ae4 lpit_driver.o
 .debug_info    0x00007e8d      0xb2f mbd_main.o
 .debug_info    0x000089bc     0x12fc pins_driver.o
 .debug_info    0x00009cb8      0x881 pins_port_hw_access.o
 .debug_info    0x0000a539      0x7c3 power_manager.o
 .debug_info    0x0000acfc     0x14b1 power_manager_S32K1xx.o
 .debug_info    0x0000c1ad      0x9e4 power_smc_hw_access.o
 .debug_info    0x0000cb91     0x1331 s32k_clock_init.o
 .debug_info    0x0000dec2      0x2d8 startup.o
 .debug_info    0x0000e19a      0x515 system_S32K144.o

.debug_abbrev   0x00000000     0x1af3
 .debug_abbrev  0x00000000       0x14 startup_S32K144.o
 .debug_abbrev  0x00000014      0x34f clock_S32K1xx.o
 .debug_abbrev  0x00000363      0x1b2 gpio_s32k144.o
 .debug_abbrev  0x00000515      0x1b1 interrupt_manager.o
 .debug_abbrev  0x000006c6      0x335 lpit_driver.o
 .debug_abbrev  0x000009fb      0x1fa mbd_main.o
 .debug_abbrev  0x00000bf5      0x2a4 pins_driver.o
 .debug_abbrev  0x00000e99      0x1de pins_port_hw_access.o
 .debug_abbrev  0x00001077      0x1dd power_manager.o
 .debug_abbrev  0x00001254      0x35d power_manager_S32K1xx.o
 .debug_abbrev  0x000015b1      0x1fa power_smc_hw_access.o
 .debug_abbrev  0x000017ab      0x145 s32k_clock_init.o
 .debug_abbrev  0x000018f0       0xd6 startup.o
 .debug_abbrev  0x000019c6      0x12d system_S32K144.o

.debug_aranges  0x00000000      0x1c0
 .debug_aranges
                0x00000000       0x20 startup_S32K144.o
 .debug_aranges
                0x00000020       0x20 clock_S32K1xx.o
 .debug_aranges
                0x00000040       0x20 gpio_s32k144.o
 .debug_aranges
                0x00000060       0x20 interrupt_manager.o
 .debug_aranges
                0x00000080       0x20 lpit_driver.o
 .debug_aranges
                0x000000a0       0x20 mbd_main.o
 .debug_aranges
                0x000000c0       0x20 pins_driver.o
 .debug_aranges
                0x000000e0       0x20 pins_port_hw_access.o
 .debug_aranges
                0x00000100       0x20 power_manager.o
 .debug_aranges
                0x00000120       0x20 power_manager_S32K1xx.o
 .debug_aranges
                0x00000140       0x20 power_smc_hw_access.o
 .debug_aranges
                0x00000160       0x20 s32k_clock_init.o
 .debug_aranges
                0x00000180       0x20 startup.o
 .debug_aranges
                0x000001a0       0x20 system_S32K144.o

.debug_loc      0x00000000     0x6a1d
 .debug_loc     0x00000000     0x44cc clock_S32K1xx.o
 .debug_loc     0x000044cc      0x23c interrupt_manager.o
 .debug_loc     0x00004708      0xad4 lpit_driver.o
 .debug_loc     0x000051dc      0x31a pins_driver.o
 .debug_loc     0x000054f6      0x47d pins_port_hw_access.o
 .debug_loc     0x00005973      0x2d7 power_manager.o
 .debug_loc     0x00005c4a      0x84e power_manager_S32K1xx.o
 .debug_loc     0x00006498      0x379 power_smc_hw_access.o
 .debug_loc     0x00006811       0x20 s32k_clock_init.o
 .debug_loc     0x00006831       0xec startup.o
 .debug_loc     0x0000691d      0x100 system_S32K144.o

.debug_ranges   0x00000000      0x350
 .debug_ranges  0x00000000      0x1d8 clock_S32K1xx.o
 .debug_ranges  0x000001d8       0x18 interrupt_manager.o
 .debug_ranges  0x000001f0       0x48 lpit_driver.o
 .debug_ranges  0x00000238       0x18 power_manager.o
 .debug_ranges  0x00000250      0x100 power_manager_S32K1xx.o

.debug_str      0x00000000     0x6235
 .debug_str     0x00000000     0x37f2 clock_S32K1xx.o
                               0x38b1 (size before relaxing)
 .debug_str     0x000037f2      0x502 gpio_s32k144.o
                                0xb43 (size before relaxing)
 .debug_str     0x00003cf4      0x7ea interrupt_manager.o
                                0xa2d (size before relaxing)
 .debug_str     0x000044de      0x83e lpit_driver.o
                               0x1c86 (size before relaxing)
 .debug_str     0x00004d1c       0x6f mbd_main.o
                                0xf7f (size before relaxing)
 .debug_str     0x00004d8b      0x576 pins_driver.o
                               0x13a8 (size before relaxing)
 .debug_str     0x00005301      0x1cb pins_port_hw_access.o
                                0x8df (size before relaxing)
 .debug_str     0x000054cc      0x4dd power_manager.o
                                0xfc7 (size before relaxing)
 .debug_str     0x000059a9      0x4b8 power_manager_S32K1xx.o
                               0x184a (size before relaxing)
 .debug_str     0x00005e61      0x130 power_smc_hw_access.o
                                0xe57 (size before relaxing)
 .debug_str     0x00005f91       0xc6 s32k_clock_init.o
                               0x214d (size before relaxing)
 .debug_str     0x00006057      0x14f startup.o
                                0x34c (size before relaxing)
 .debug_str     0x000061a6       0x8f system_S32K144.o
                                0x3e5 (size before relaxing)

.comment        0x00000000       0x70
 .comment       0x00000000       0x70 clock_S32K1xx.o
                                 0x71 (size before relaxing)
 .comment       0x00000000       0x71 gpio_s32k144.o
 .comment       0x00000000       0x71 interrupt_manager.o
 .comment       0x00000000       0x71 lpit_driver.o
 .comment       0x00000000       0x71 mbd_main.o
 .comment       0x00000000       0x71 pins_driver.o
 .comment       0x00000000       0x71 pins_port_hw_access.o
 .comment       0x00000000       0x71 power_manager.o
 .comment       0x00000000       0x71 power_manager_S32K1xx.o
 .comment       0x00000000       0x71 power_smc_hw_access.o
 .comment       0x00000000       0x71 s32k_clock_init.o
 .comment       0x00000000       0x71 startup.o
 .comment       0x00000000       0x71 system_S32K144.o

.debug_frame    0x00000000      0xe0c
 .debug_frame   0x00000000      0x35c clock_S32K1xx.o
 .debug_frame   0x0000035c       0x64 gpio_s32k144.o
 .debug_frame   0x000003c0       0xe8 interrupt_manager.o
 .debug_frame   0x000004a8      0x1b0 lpit_driver.o
 .debug_frame   0x00000658       0x90 mbd_main.o
 .debug_frame   0x000006e8      0x1e4 pins_driver.o
 .debug_frame   0x000008cc       0xa0 pins_port_hw_access.o
 .debug_frame   0x0000096c       0xe0 power_manager.o
 .debug_frame   0x00000a4c       0xc8 power_manager_S32K1xx.o
 .debug_frame   0x00000b14       0x58 power_smc_hw_access.o
 .debug_frame   0x00000b6c       0x44 s32k_clock_init.o
 .debug_frame   0x00000bb0       0x34 startup.o
 .debug_frame   0x00000be4       0x40 system_S32K144.o
 .debug_frame   0x00000c24       0x28 c:/nxp/s32ds_arm_v2018.r1/cross_tools/gcc-arm-none-eabi-4_9/bin/../lib/gcc/arm-none-eabi/4.9.3/armv7e-m/fpu\libgcc.a(_aeabi_uldivmod.o)
 .debug_frame   0x00000c4c       0x50 c:/nxp/s32ds_arm_v2018.r1/cross_tools/gcc-arm-none-eabi-4_9/bin/../lib/gcc/arm-none-eabi/4.9.3/armv7e-m/fpu\libgcc.a(bpabi.o)
 .debug_frame   0x00000c9c       0x34 c:/nxp/s32ds_arm_v2018.r1/cross_tools/gcc-arm-none-eabi-4_9/bin/../lib/gcc/arm-none-eabi/4.9.3/armv7e-m/fpu\libgcc.a(_divdi3.o)
 .debug_frame   0x00000cd0       0x30 c:/nxp/s32ds_arm_v2018.r1/cross_tools/gcc-arm-none-eabi-4_9/bin/../lib/gcc/arm-none-eabi/4.9.3/armv7e-m/fpu\libgcc.a(_udivdi3.o)
 .debug_frame   0x00000d00       0x34 C:/NXP/S32DS_ARM_v2018.R1/Cross_Tools/gcc-arm-none-eabi-4_9/arm-none-eabi/newlib/lib/armv7e-m/fpu\libc.a(lib_a-memset.o)
 .debug_frame   0x00000d34       0x50 C:/NXP/S32DS_ARM_v2018.R1/Cross_Tools/gcc-arm-none-eabi-4_9/arm-none-eabi/newlib/lib/armv7e-m/fpu\libc.a(lib_a-__call_atexit.o)
 .debug_frame   0x00000d84       0x20 C:/NXP/S32DS_ARM_v2018.R1/Cross_Tools/gcc-arm-none-eabi-4_9/arm-none-eabi/newlib/lib/armv7e-m/fpu\libc.a(lib_a-atexit.o)
 .debug_frame   0x00000da4       0x34 C:/NXP/S32DS_ARM_v2018.R1/Cross_Tools/gcc-arm-none-eabi-4_9/arm-none-eabi/newlib/lib/armv7e-m/fpu\libc.a(lib_a-fini.o)
 .debug_frame   0x00000dd8       0x34 C:/NXP/S32DS_ARM_v2018.R1/Cross_Tools/gcc-arm-none-eabi-4_9/arm-none-eabi/newlib/lib/armv7e-m/fpu\libc.a(lib_a-__atexit.o)
