Archive member included because of file (symbol)

c:/nxp/s32ds_arm_v2018.r1/cross_tools/gcc-arm-none-eabi-4_9/bin/../lib/gcc/arm-none-eabi/4.9.3/armv7e-m/fpu\libgcc.a(_aeabi_uldivmod.o)
                              lpit_driver.o (__aeabi_uldivmod)
c:/nxp/s32ds_arm_v2018.r1/cross_tools/gcc-arm-none-eabi-4_9/bin/../lib/gcc/arm-none-eabi/4.9.3/armv7e-m/fpu\libgcc.a(bpabi.o)
                              c:/nxp/s32ds_arm_v2018.r1/cross_tools/gcc-arm-none-eabi-4_9/bin/../lib/gcc/arm-none-eabi/4.9.3/armv7e-m/fpu\libgcc.a(_aeabi_uldivmod.o) (__gnu_uldivmod_helper)
c:/nxp/s32ds_arm_v2018.r1/cross_tools/gcc-arm-none-eabi-4_9/bin/../lib/gcc/arm-none-eabi/4.9.3/armv7e-m/fpu\libgcc.a(_dvmd_tls.o)
                              c:/nxp/s32ds_arm_v2018.r1/cross_tools/gcc-arm-none-eabi-4_9/bin/../lib/gcc/arm-none-eabi/4.9.3/armv7e-m/fpu\libgcc.a(_aeabi_uldivmod.o) (__aeabi_ldiv0)
c:/nxp/s32ds_arm_v2018.r1/cross_tools/gcc-arm-none-eabi-4_9/bin/../lib/gcc/arm-none-eabi/4.9.3/armv7e-m/fpu\libgcc.a(_divdi3.o)
                              c:/nxp/s32ds_arm_v2018.r1/cross_tools/gcc-arm-none-eabi-4_9/bin/../lib/gcc/arm-none-eabi/4.9.3/armv7e-m/fpu\libgcc.a(bpabi.o) (__divdi3)
c:/nxp/s32ds_arm_v2018.r1/cross_tools/gcc-arm-none-eabi-4_9/bin/../lib/gcc/arm-none-eabi/4.9.3/armv7e-m/fpu\libgcc.a(_udivdi3.o)
                              c:/nxp/s32ds_arm_v2018.r1/cross_tools/gcc-arm-none-eabi-4_9/bin/../lib/gcc/arm-none-eabi/4.9.3/armv7e-m/fpu\libgcc.a(bpabi.o) (__udivdi3)
C:/NXP/S32DS_ARM_v2018.R1/Cross_Tools/gcc-arm-none-eabi-4_9/arm-none-eabi/newlib/lib/armv7e-m/fpu\libc.a(lib_a-exit.o)
                              C:/NXP/S32DS_ARM_v2018.R1/Cross_Tools/gcc-arm-none-eabi-4_9/arm-none-eabi/newlib/lib/armv7e-m/fpu/crt0.o (exit)
C:/NXP/S32DS_ARM_v2018.R1/Cross_Tools/gcc-arm-none-eabi-4_9/arm-none-eabi/newlib/lib/armv7e-m/fpu\libc.a(lib_a-impure.o)
                              C:/NXP/S32DS_ARM_v2018.R1/Cross_Tools/gcc-arm-none-eabi-4_9/arm-none-eabi/newlib/lib/armv7e-m/fpu\libc.a(lib_a-exit.o) (_global_impure_ptr)
C:/NXP/S32DS_ARM_v2018.R1/Cross_Tools/gcc-arm-none-eabi-4_9/arm-none-eabi/newlib/lib/armv7e-m/fpu\libc.a(lib_a-init.o)
                              C:/NXP/S32DS_ARM_v2018.R1/Cross_Tools/gcc-arm-none-eabi-4_9/arm-none-eabi/newlib/lib/armv7e-m/fpu/crt0.o (__libc_init_array)
C:/NXP/S32DS_ARM_v2018.R1/Cross_Tools/gcc-arm-none-eabi-4_9/arm-none-eabi/newlib/lib/armv7e-m/fpu\libc.a(lib_a-memset.o)
                              C:/NXP/S32DS_ARM_v2018.R1/Cross_Tools/gcc-arm-none-eabi-4_9/arm-none-eabi/newlib/lib/armv7e-m/fpu/crt0.o (memset)
C:/NXP/S32DS_ARM_v2018.R1/Cross_Tools/gcc-arm-none-eabi-4_9/arm-none-eabi/newlib/lib/armv7e-m/fpu\libc.a(lib_a-__call_atexit.o)
                              C:/NXP/S32DS_ARM_v2018.R1/Cross_Tools/gcc-arm-none-eabi-4_9/arm-none-eabi/newlib/lib/armv7e-m/fpu\libc.a(lib_a-exit.o) (__call_exitprocs)
C:/NXP/S32DS_ARM_v2018.R1/Cross_Tools/gcc-arm-none-eabi-4_9/arm-none-eabi/newlib/lib/armv7e-m/fpu\libc.a(lib_a-atexit.o)
                              C:/NXP/S32DS_ARM_v2018.R1/Cross_Tools/gcc-arm-none-eabi-4_9/arm-none-eabi/newlib/lib/armv7e-m/fpu\libc.a(lib_a-__call_atexit.o) (atexit)
C:/NXP/S32DS_ARM_v2018.R1/Cross_Tools/gcc-arm-none-eabi-4_9/arm-none-eabi/newlib/lib/armv7e-m/fpu\libc.a(lib_a-fini.o)
                              C:/NXP/S32DS_ARM_v2018.R1/Cross_Tools/gcc-arm-none-eabi-4_9/arm-none-eabi/newlib/lib/armv7e-m/fpu\libc.a(lib_a-__call_atexit.o) (__libc_fini_array)
C:/NXP/S32DS_ARM_v2018.R1/Cross_Tools/gcc-arm-none-eabi-4_9/arm-none-eabi/newlib/lib/armv7e-m/fpu\libc.a(lib_a-__atexit.o)
                              C:/NXP/S32DS_ARM_v2018.R1/Cross_Tools/gcc-arm-none-eabi-4_9/arm-none-eabi/newlib/lib/armv7e-m/fpu\libc.a(lib_a-atexit.o) (__register_exitproc)
C:/NXP/S32DS_ARM_v2018.R1/Cross_Tools/gcc-arm-none-eabi-4_9/arm-none-eabi/newlib/lib/armv7e-m/fpu\libnosys.a(_exit.o)
                              C:/NXP/S32DS_ARM_v2018.R1/Cross_Tools/gcc-arm-none-eabi-4_9/arm-none-eabi/newlib/lib/armv7e-m/fpu\libc.a(lib_a-exit.o) (_exit)

Allocating common symbols
Common symbol       size              file

flexcan_echo_s32k14x_B
                    0x1c              flexcan_echo_s32k14x.o
flexcan_echo_s32k14x_Y
                    0x6               flexcan_echo_s32k14x.o
g_xtal0ClkFreq      0x4               clock_S32K1xx.o
flexcan_echo_s32k14x_M_
                    0x4               flexcan_echo_s32k14x.o
canCom0_recvBuffFifo
                    0x4c              flexcan_echo_s32k14x.o
g_RtcClkInFreq      0x4               clock_S32K1xx.o
gPowerManagerState  0x10              power_manager_S32K1xx.o
flexcan_echo_s32k14x_DW
                    0x8               flexcan_echo_s32k14x.o
g_TClkFreq          0xc               clock_S32K1xx.o
canCom0_State       0x114             flexcan_echo_s32k14x.o
canCom0_recvBuff14  0x4c              flexcan_echo_s32k14x.o

Discarded input sections

 .text          0x00000000        0x0 c:/nxp/s32ds_arm_v2018.r1/cross_tools/gcc-arm-none-eabi-4_9/bin/../lib/gcc/arm-none-eabi/4.9.3/armv7e-m/fpu/crti.o
 .data          0x00000000        0x0 c:/nxp/s32ds_arm_v2018.r1/cross_tools/gcc-arm-none-eabi-4_9/bin/../lib/gcc/arm-none-eabi/4.9.3/armv7e-m/fpu/crti.o
 .bss           0x00000000        0x0 c:/nxp/s32ds_arm_v2018.r1/cross_tools/gcc-arm-none-eabi-4_9/bin/../lib/gcc/arm-none-eabi/4.9.3/armv7e-m/fpu/crti.o
 .data          0x00000000        0x4 c:/nxp/s32ds_arm_v2018.r1/cross_tools/gcc-arm-none-eabi-4_9/bin/../lib/gcc/arm-none-eabi/4.9.3/armv7e-m/fpu/crtbegin.o
 .text          0x00000000       0x74 C:/NXP/S32DS_ARM_v2018.R1/Cross_Tools/gcc-arm-none-eabi-4_9/arm-none-eabi/newlib/lib/armv7e-m/fpu/crt0.o
 .data          0x00000000        0x0 C:/NXP/S32DS_ARM_v2018.R1/Cross_Tools/gcc-arm-none-eabi-4_9/arm-none-eabi/newlib/lib/armv7e-m/fpu/crt0.o
 .bss           0x00000000        0x0 C:/NXP/S32DS_ARM_v2018.R1/Cross_Tools/gcc-arm-none-eabi-4_9/arm-none-eabi/newlib/lib/armv7e-m/fpu/crt0.o
 .ARM.extab     0x00000000        0x0 C:/NXP/S32DS_ARM_v2018.R1/Cross_Tools/gcc-arm-none-eabi-4_9/arm-none-eabi/newlib/lib/armv7e-m/fpu/crt0.o
 .ARM.exidx     0x00000000        0x8 C:/NXP/S32DS_ARM_v2018.R1/Cross_Tools/gcc-arm-none-eabi-4_9/arm-none-eabi/newlib/lib/armv7e-m/fpu/crt0.o
 .ARM.attributes
                0x00000000       0x20 C:/NXP/S32DS_ARM_v2018.R1/Cross_Tools/gcc-arm-none-eabi-4_9/arm-none-eabi/newlib/lib/armv7e-m/fpu/crt0.o
 .data          0x00000000        0x0 startup_S32K144.o
 .bss           0x00000000        0x0 startup_S32K144.o
 .data          0x00000000        0x0 edma_driver.o
 .data          0x00000000        0x0 edma_hw_access.o
 .bss           0x00000000        0x0 edma_hw_access.o
 .data          0x00000000        0x0 edma_irq.o
 .bss           0x00000000        0x0 edma_irq.o
 .data          0x00000000        0x0 fcan0_s32k_rx_isr.o
 .bss           0x00000000        0x0 fcan0_s32k_rx_isr.o
 .data          0x00000000        0x0 flexcan_driver.o
 .data          0x00000000        0x0 flexcan_echo_s32k14x.o
 .bss           0x00000000        0x0 flexcan_echo_s32k14x.o
 .data          0x00000000        0x0 flexcan_hw_access.o
 .bss           0x00000000        0x0 flexcan_hw_access.o
 .data          0x00000000        0x0 flexcan_irq.o
 .bss           0x00000000        0x0 flexcan_irq.o
 .data          0x00000000        0x0 interrupt_manager.o
 .data          0x00000000        0x0 lpit_driver.o
 .data          0x00000000        0x0 mbd_main.o
 .bss           0x00000000        0x0 mbd_main.o
 .data          0x00000000        0x0 osif_baremetal.o
 .data          0x00000000        0x0 pins_driver.o
 .bss           0x00000000        0x0 pins_driver.o
 .data          0x00000000        0x0 pins_port_hw_access.o
 .bss           0x00000000        0x0 pins_port_hw_access.o
 .data          0x00000000        0x0 power_manager.o
 .bss           0x00000000        0x0 power_manager.o
 .data          0x00000000        0x0 power_manager_S32K1xx.o
 .data          0x00000000        0x0 power_smc_hw_access.o
 .bss           0x00000000        0x0 power_smc_hw_access.o
 .data          0x00000000        0x0 s32k_clock_init.o
 .bss           0x00000000        0x0 s32k_clock_init.o
 .data          0x00000000        0x0 startup.o
 .bss           0x00000000        0x0 startup.o
 .bss           0x00000000        0x0 system_S32K144.o
 .data          0x00000000        0x0 c:/nxp/s32ds_arm_v2018.r1/cross_tools/gcc-arm-none-eabi-4_9/bin/../lib/gcc/arm-none-eabi/4.9.3/armv7e-m/fpu\libgcc.a(_aeabi_uldivmod.o)
 .bss           0x00000000        0x0 c:/nxp/s32ds_arm_v2018.r1/cross_tools/gcc-arm-none-eabi-4_9/bin/../lib/gcc/arm-none-eabi/4.9.3/armv7e-m/fpu\libgcc.a(_aeabi_uldivmod.o)
 .data          0x00000000        0x0 c:/nxp/s32ds_arm_v2018.r1/cross_tools/gcc-arm-none-eabi-4_9/bin/../lib/gcc/arm-none-eabi/4.9.3/armv7e-m/fpu\libgcc.a(bpabi.o)
 .bss           0x00000000        0x0 c:/nxp/s32ds_arm_v2018.r1/cross_tools/gcc-arm-none-eabi-4_9/bin/../lib/gcc/arm-none-eabi/4.9.3/armv7e-m/fpu\libgcc.a(bpabi.o)
 .data          0x00000000        0x0 c:/nxp/s32ds_arm_v2018.r1/cross_tools/gcc-arm-none-eabi-4_9/bin/../lib/gcc/arm-none-eabi/4.9.3/armv7e-m/fpu\libgcc.a(_dvmd_tls.o)
 .bss           0x00000000        0x0 c:/nxp/s32ds_arm_v2018.r1/cross_tools/gcc-arm-none-eabi-4_9/bin/../lib/gcc/arm-none-eabi/4.9.3/armv7e-m/fpu\libgcc.a(_dvmd_tls.o)
 .data          0x00000000        0x0 c:/nxp/s32ds_arm_v2018.r1/cross_tools/gcc-arm-none-eabi-4_9/bin/../lib/gcc/arm-none-eabi/4.9.3/armv7e-m/fpu\libgcc.a(_divdi3.o)
 .bss           0x00000000        0x0 c:/nxp/s32ds_arm_v2018.r1/cross_tools/gcc-arm-none-eabi-4_9/bin/../lib/gcc/arm-none-eabi/4.9.3/armv7e-m/fpu\libgcc.a(_divdi3.o)
 .ARM.extab     0x00000000        0x0 c:/nxp/s32ds_arm_v2018.r1/cross_tools/gcc-arm-none-eabi-4_9/bin/../lib/gcc/arm-none-eabi/4.9.3/armv7e-m/fpu\libgcc.a(_divdi3.o)
 .data          0x00000000        0x0 c:/nxp/s32ds_arm_v2018.r1/cross_tools/gcc-arm-none-eabi-4_9/bin/../lib/gcc/arm-none-eabi/4.9.3/armv7e-m/fpu\libgcc.a(_udivdi3.o)
 .bss           0x00000000        0x0 c:/nxp/s32ds_arm_v2018.r1/cross_tools/gcc-arm-none-eabi-4_9/bin/../lib/gcc/arm-none-eabi/4.9.3/armv7e-m/fpu\libgcc.a(_udivdi3.o)
 .ARM.extab     0x00000000        0x0 c:/nxp/s32ds_arm_v2018.r1/cross_tools/gcc-arm-none-eabi-4_9/bin/../lib/gcc/arm-none-eabi/4.9.3/armv7e-m/fpu\libgcc.a(_udivdi3.o)
 .text          0x00000000        0x0 C:/NXP/S32DS_ARM_v2018.R1/Cross_Tools/gcc-arm-none-eabi-4_9/arm-none-eabi/newlib/lib/armv7e-m/fpu\libc.a(lib_a-exit.o)
 .data          0x00000000        0x0 C:/NXP/S32DS_ARM_v2018.R1/Cross_Tools/gcc-arm-none-eabi-4_9/arm-none-eabi/newlib/lib/armv7e-m/fpu\libc.a(lib_a-exit.o)
 .bss           0x00000000        0x0 C:/NXP/S32DS_ARM_v2018.R1/Cross_Tools/gcc-arm-none-eabi-4_9/arm-none-eabi/newlib/lib/armv7e-m/fpu\libc.a(lib_a-exit.o)
 .text.exit     0x00000000       0x20 C:/NXP/S32DS_ARM_v2018.R1/Cross_Tools/gcc-arm-none-eabi-4_9/arm-none-eabi/newlib/lib/armv7e-m/fpu\libc.a(lib_a-exit.o)
 .debug_frame   0x00000000       0x28 C:/NXP/S32DS_ARM_v2018.R1/Cross_Tools/gcc-arm-none-eabi-4_9/arm-none-eabi/newlib/lib/armv7e-m/fpu\libc.a(lib_a-exit.o)
 .ARM.attributes
                0x00000000       0x34 C:/NXP/S32DS_ARM_v2018.R1/Cross_Tools/gcc-arm-none-eabi-4_9/arm-none-eabi/newlib/lib/armv7e-m/fpu\libc.a(lib_a-exit.o)
 .text          0x00000000        0x0 C:/NXP/S32DS_ARM_v2018.R1/Cross_Tools/gcc-arm-none-eabi-4_9/arm-none-eabi/newlib/lib/armv7e-m/fpu\libc.a(lib_a-impure.o)
 .data          0x00000000        0x0 C:/NXP/S32DS_ARM_v2018.R1/Cross_Tools/gcc-arm-none-eabi-4_9/arm-none-eabi/newlib/lib/armv7e-m/fpu\libc.a(lib_a-impure.o)
 .bss           0x00000000        0x0 C:/NXP/S32DS_ARM_v2018.R1/Cross_Tools/gcc-arm-none-eabi-4_9/arm-none-eabi/newlib/lib/armv7e-m/fpu\libc.a(lib_a-impure.o)
 .data._impure_ptr
                0x00000000        0x4 C:/NXP/S32DS_ARM_v2018.R1/Cross_Tools/gcc-arm-none-eabi-4_9/arm-none-eabi/newlib/lib/armv7e-m/fpu\libc.a(lib_a-impure.o)
 .text          0x00000000        0x0 C:/NXP/S32DS_ARM_v2018.R1/Cross_Tools/gcc-arm-none-eabi-4_9/arm-none-eabi/newlib/lib/armv7e-m/fpu\libc.a(lib_a-init.o)
 .data          0x00000000        0x0 C:/NXP/S32DS_ARM_v2018.R1/Cross_Tools/gcc-arm-none-eabi-4_9/arm-none-eabi/newlib/lib/armv7e-m/fpu\libc.a(lib_a-init.o)
 .bss           0x00000000        0x0 C:/NXP/S32DS_ARM_v2018.R1/Cross_Tools/gcc-arm-none-eabi-4_9/arm-none-eabi/newlib/lib/armv7e-m/fpu\libc.a(lib_a-init.o)
 .text.__libc_init_array
                0x00000000       0x50 C:/NXP/S32DS_ARM_v2018.R1/Cross_Tools/gcc-arm-none-eabi-4_9/arm-none-eabi/newlib/lib/armv7e-m/fpu\libc.a(lib_a-init.o)
 .debug_frame   0x00000000       0x2c C:/NXP/S32DS_ARM_v2018.R1/Cross_Tools/gcc-arm-none-eabi-4_9/arm-none-eabi/newlib/lib/armv7e-m/fpu\libc.a(lib_a-init.o)
 .ARM.attributes
                0x00000000       0x34 C:/NXP/S32DS_ARM_v2018.R1/Cross_Tools/gcc-arm-none-eabi-4_9/arm-none-eabi/newlib/lib/armv7e-m/fpu\libc.a(lib_a-init.o)
 .text          0x00000000        0x0 C:/NXP/S32DS_ARM_v2018.R1/Cross_Tools/gcc-arm-none-eabi-4_9/arm-none-eabi/newlib/lib/armv7e-m/fpu\libc.a(lib_a-memset.o)
 .data          0x00000000        0x0 C:/NXP/S32DS_ARM_v2018.R1/Cross_Tools/gcc-arm-none-eabi-4_9/arm-none-eabi/newlib/lib/armv7e-m/fpu\libc.a(lib_a-memset.o)
 .bss           0x00000000        0x0 C:/NXP/S32DS_ARM_v2018.R1/Cross_Tools/gcc-arm-none-eabi-4_9/arm-none-eabi/newlib/lib/armv7e-m/fpu\libc.a(lib_a-memset.o)
 .text          0x00000000        0x0 C:/NXP/S32DS_ARM_v2018.R1/Cross_Tools/gcc-arm-none-eabi-4_9/arm-none-eabi/newlib/lib/armv7e-m/fpu\libc.a(lib_a-__call_atexit.o)
 .data          0x00000000        0x0 C:/NXP/S32DS_ARM_v2018.R1/Cross_Tools/gcc-arm-none-eabi-4_9/arm-none-eabi/newlib/lib/armv7e-m/fpu\libc.a(lib_a-__call_atexit.o)
 .bss           0x00000000        0x0 C:/NXP/S32DS_ARM_v2018.R1/Cross_Tools/gcc-arm-none-eabi-4_9/arm-none-eabi/newlib/lib/armv7e-m/fpu\libc.a(lib_a-__call_atexit.o)
 .text.__call_exitprocs
                0x00000000       0xd4 C:/NXP/S32DS_ARM_v2018.R1/Cross_Tools/gcc-arm-none-eabi-4_9/arm-none-eabi/newlib/lib/armv7e-m/fpu\libc.a(lib_a-__call_atexit.o)
 .text          0x00000000        0x0 C:/NXP/S32DS_ARM_v2018.R1/Cross_Tools/gcc-arm-none-eabi-4_9/arm-none-eabi/newlib/lib/armv7e-m/fpu\libc.a(lib_a-atexit.o)
 .data          0x00000000        0x0 C:/NXP/S32DS_ARM_v2018.R1/Cross_Tools/gcc-arm-none-eabi-4_9/arm-none-eabi/newlib/lib/armv7e-m/fpu\libc.a(lib_a-atexit.o)
 .bss           0x00000000        0x0 C:/NXP/S32DS_ARM_v2018.R1/Cross_Tools/gcc-arm-none-eabi-4_9/arm-none-eabi/newlib/lib/armv7e-m/fpu\libc.a(lib_a-atexit.o)
 .text          0x00000000        0x0 C:/NXP/S32DS_ARM_v2018.R1/Cross_Tools/gcc-arm-none-eabi-4_9/arm-none-eabi/newlib/lib/armv7e-m/fpu\libc.a(lib_a-fini.o)
 .data          0x00000000        0x0 C:/NXP/S32DS_ARM_v2018.R1/Cross_Tools/gcc-arm-none-eabi-4_9/arm-none-eabi/newlib/lib/armv7e-m/fpu\libc.a(lib_a-fini.o)
 .bss           0x00000000        0x0 C:/NXP/S32DS_ARM_v2018.R1/Cross_Tools/gcc-arm-none-eabi-4_9/arm-none-eabi/newlib/lib/armv7e-m/fpu\libc.a(lib_a-fini.o)
 .text          0x00000000        0x0 C:/NXP/S32DS_ARM_v2018.R1/Cross_Tools/gcc-arm-none-eabi-4_9/arm-none-eabi/newlib/lib/armv7e-m/fpu\libc.a(lib_a-__atexit.o)
 .data          0x00000000        0x0 C:/NXP/S32DS_ARM_v2018.R1/Cross_Tools/gcc-arm-none-eabi-4_9/arm-none-eabi/newlib/lib/armv7e-m/fpu\libc.a(lib_a-__atexit.o)
 .bss           0x00000000        0x0 C:/NXP/S32DS_ARM_v2018.R1/Cross_Tools/gcc-arm-none-eabi-4_9/arm-none-eabi/newlib/lib/armv7e-m/fpu\libc.a(lib_a-__atexit.o)
 .text          0x00000000        0x0 C:/NXP/S32DS_ARM_v2018.R1/Cross_Tools/gcc-arm-none-eabi-4_9/arm-none-eabi/newlib/lib/armv7e-m/fpu\libnosys.a(_exit.o)
 .data          0x00000000        0x0 C:/NXP/S32DS_ARM_v2018.R1/Cross_Tools/gcc-arm-none-eabi-4_9/arm-none-eabi/newlib/lib/armv7e-m/fpu\libnosys.a(_exit.o)
 .bss           0x00000000        0x0 C:/NXP/S32DS_ARM_v2018.R1/Cross_Tools/gcc-arm-none-eabi-4_9/arm-none-eabi/newlib/lib/armv7e-m/fpu\libnosys.a(_exit.o)
 .text._exit    0x00000000        0x4 C:/NXP/S32DS_ARM_v2018.R1/Cross_Tools/gcc-arm-none-eabi-4_9/arm-none-eabi/newlib/lib/armv7e-m/fpu\libnosys.a(_exit.o)
 .debug_frame   0x00000000       0x20 C:/NXP/S32DS_ARM_v2018.R1/Cross_Tools/gcc-arm-none-eabi-4_9/arm-none-eabi/newlib/lib/armv7e-m/fpu\libnosys.a(_exit.o)
 .ARM.attributes
                0x00000000       0x34 C:/NXP/S32DS_ARM_v2018.R1/Cross_Tools/gcc-arm-none-eabi-4_9/arm-none-eabi/newlib/lib/armv7e-m/fpu\libnosys.a(_exit.o)
 .text          0x00000000        0x0 c:/nxp/s32ds_arm_v2018.r1/cross_tools/gcc-arm-none-eabi-4_9/bin/../lib/gcc/arm-none-eabi/4.9.3/armv7e-m/fpu/crtend.o
 .data          0x00000000        0x0 c:/nxp/s32ds_arm_v2018.r1/cross_tools/gcc-arm-none-eabi-4_9/bin/../lib/gcc/arm-none-eabi/4.9.3/armv7e-m/fpu/crtend.o
 .bss           0x00000000        0x0 c:/nxp/s32ds_arm_v2018.r1/cross_tools/gcc-arm-none-eabi-4_9/bin/../lib/gcc/arm-none-eabi/4.9.3/armv7e-m/fpu/crtend.o
 .eh_frame      0x00000000        0x4 c:/nxp/s32ds_arm_v2018.r1/cross_tools/gcc-arm-none-eabi-4_9/bin/../lib/gcc/arm-none-eabi/4.9.3/armv7e-m/fpu/crtend.o
 .text          0x00000000        0x0 c:/nxp/s32ds_arm_v2018.r1/cross_tools/gcc-arm-none-eabi-4_9/bin/../lib/gcc/arm-none-eabi/4.9.3/armv7e-m/fpu/crtn.o
 .data          0x00000000        0x0 c:/nxp/s32ds_arm_v2018.r1/cross_tools/gcc-arm-none-eabi-4_9/bin/../lib/gcc/arm-none-eabi/4.9.3/armv7e-m/fpu/crtn.o
 .bss           0x00000000        0x0 c:/nxp/s32ds_arm_v2018.r1/cross_tools/gcc-arm-none-eabi-4_9/bin/../lib/gcc/arm-none-eabi/4.9.3/armv7e-m/fpu/crtn.o

Memory Configuration

Name             Origin             Length             Attributes
m_interrupts     0x00000000         0x00000400         xr
m_flash_config   0x00000400         0x00000010         xr
m_text           0x00000410         0x0007fbf0         xr
m_data           0x1fff8000         0x00008000         rw
m_data_2         0x20000000         0x00007000         rw
*default*        0x00000000         0xffffffff

Linker script and memory map

LOAD c:/nxp/s32ds_arm_v2018.r1/cross_tools/gcc-arm-none-eabi-4_9/bin/../lib/gcc/arm-none-eabi/4.9.3/armv7e-m/fpu/crti.o
LOAD c:/nxp/s32ds_arm_v2018.r1/cross_tools/gcc-arm-none-eabi-4_9/bin/../lib/gcc/arm-none-eabi/4.9.3/armv7e-m/fpu/crtbegin.o
LOAD C:/NXP/S32DS_ARM_v2018.R1/Cross_Tools/gcc-arm-none-eabi-4_9/arm-none-eabi/newlib/lib/armv7e-m/fpu/crt0.o
                0x00000001                __ram_vector_table__ = 0x1
LOAD startup_S32K144.o
LOAD clock_S32K1xx.o
LOAD edma_driver.o
LOAD edma_hw_access.o
LOAD edma_irq.o
LOAD fcan0_s32k_rx_isr.o
LOAD flexcan_driver.o
LOAD flexcan_echo_s32k14x.o
LOAD flexcan_hw_access.o
LOAD flexcan_irq.o
LOAD interrupt_manager.o
LOAD lpit_driver.o
LOAD mbd_main.o
LOAD osif_baremetal.o
LOAD pins_driver.o
LOAD pins_port_hw_access.o
LOAD power_manager.o
LOAD power_manager_S32K1xx.o
LOAD power_smc_hw_access.o
LOAD s32k_clock_init.o
LOAD startup.o
LOAD system_S32K144.o
LOAD C:/NXP/S32DS_ARM_v2018.R1/Cross_Tools/gcc-arm-none-eabi-4_9/arm-none-eabi/newlib/lib/armv7e-m/fpu\libm.a
LOAD S32K14x_AMMCLIB.a
START GROUP
LOAD c:/nxp/s32ds_arm_v2018.r1/cross_tools/gcc-arm-none-eabi-4_9/bin/../lib/gcc/arm-none-eabi/4.9.3/armv7e-m/fpu\libgcc.a
LOAD C:/NXP/S32DS_ARM_v2018.R1/Cross_Tools/gcc-arm-none-eabi-4_9/arm-none-eabi/newlib/lib/armv7e-m/fpu\libc.a
END GROUP
START GROUP
LOAD c:/nxp/s32ds_arm_v2018.r1/cross_tools/gcc-arm-none-eabi-4_9/bin/../lib/gcc/arm-none-eabi/4.9.3/armv7e-m/fpu\libgcc.a
LOAD C:/NXP/S32DS_ARM_v2018.R1/Cross_Tools/gcc-arm-none-eabi-4_9/arm-none-eabi/newlib/lib/armv7e-m/fpu\libc.a
LOAD C:/NXP/S32DS_ARM_v2018.R1/Cross_Tools/gcc-arm-none-eabi-4_9/arm-none-eabi/newlib/lib/armv7e-m/fpu\libnosys.a
END GROUP
LOAD c:/nxp/s32ds_arm_v2018.r1/cross_tools/gcc-arm-none-eabi-4_9/bin/../lib/gcc/arm-none-eabi/4.9.3/armv7e-m/fpu/crtend.o
LOAD c:/nxp/s32ds_arm_v2018.r1/cross_tools/gcc-arm-none-eabi-4_9/bin/../lib/gcc/arm-none-eabi/4.9.3/armv7e-m/fpu/crtn.o
                0x00000400                HEAP_SIZE = DEFINED (__heap_size__)?__heap_size__:0x400
                0x00000400                STACK_SIZE = DEFINED (__stack_size__)?__stack_size__:0x400
                0x00000400                M_VECTOR_RAM_SIZE = DEFINED (__flash_vector_table__)?0x0:0x400

.interrupts     0x00000000      0x400
                0x00000000                __VECTOR_TABLE = .
                0x00000000                __interrupts_start__ = .
                0x00000000                . = ALIGN (0x4)
 *(.isr_vector)
 .isr_vector    0x00000000      0x400 startup_S32K144.o
                0x00000000                __isr_vector
                0x00000400                __interrupts_end__ = .
                0x00000400                . = ALIGN (0x4)

.flash_config   0x00000400       0x10
                0x00000400                . = ALIGN (0x4)
 *(.FlashConfig)
 .FlashConfig   0x00000400       0x10 startup_S32K144.o
                0x00000410                . = ALIGN (0x4)

.text           0x00000410     0x70bc
                0x00000410                . = ALIGN (0x4)
 *(.text)
 .text          0x00000410       0x5c c:/nxp/s32ds_arm_v2018.r1/cross_tools/gcc-arm-none-eabi-4_9/bin/../lib/gcc/arm-none-eabi/4.9.3/armv7e-m/fpu/crtbegin.o
 .text          0x0000046c       0x60 startup_S32K144.o
                0x0000046c                Reset_Handler
                0x000004c8                DebugMon_Handler
                0x000004c8                Reserved88_IRQHandler
                0x000004c8                HardFault_Handler
                0x000004c8                Reserved86_IRQHandler
                0x000004c8                Reserved103_IRQHandler
                0x000004c8                FTM2_Ovf_Reload_IRQHandler
                0x000004c8                Reserved50_IRQHandler
                0x000004c8                FTFC_Fault_IRQHandler
                0x000004c8                FTM0_Ch6_Ch7_IRQHandler
                0x000004c8                Reserved114_IRQHandler
                0x000004c8                PendSV_Handler
                0x000004c8                NMI_Handler
                0x000004c8                Reserved89_IRQHandler
                0x000004c8                ERM_double_fault_IRQHandler
                0x000004c8                Reserved59_IRQHandler
                0x000004c8                Reserved99_IRQHandler
                0x000004c8                FTM3_Ch6_Ch7_IRQHandler
                0x000004c8                LPIT0_Ch3_IRQHandler
                0x000004c8                Reserved92_IRQHandler
                0x000004c8                FTM0_Ch4_Ch5_IRQHandler
                0x000004c8                FTM3_Ch0_Ch1_IRQHandler
                0x000004c8                SWI_IRQHandler
                0x000004c8                ADC0_IRQHandler
                0x000004c8                FTM2_Ch4_Ch5_IRQHandler
                0x000004c8                UsageFault_Handler
                0x000004c8                FTM0_Ovf_Reload_IRQHandler
                0x000004c8                DefaultISR
                0x000004c8                Reserved58_IRQHandler
                0x000004c8                FTM1_Ch2_Ch3_IRQHandler
                0x000004c8                Reserved82_IRQHandler
                0x000004c8                LPI2C0_Slave_IRQHandler
                0x000004c8                Reserved71_IRQHandler
                0x000004c8                PORTD_IRQHandler
                0x000004c8                Reserved69_IRQHandler
                0x000004c8                PORTB_IRQHandler
                0x000004c8                Reserved70_IRQHandler
                0x000004c8                ADC1_IRQHandler
                0x000004c8                FTM2_Ch2_Ch3_IRQHandler
                0x000004c8                Reserved53_IRQHandler
                0x000004c8                RTC_IRQHandler
                0x000004c8                PDB0_IRQHandler
                0x000004c8                Reserved54_IRQHandler
                0x000004c8                FTM2_Ch6_Ch7_IRQHandler
                0x000004c8                FTM3_Ch2_Ch3_IRQHandler
                0x000004c8                FTM2_Ch0_Ch1_IRQHandler
                0x000004c8                LPSPI1_IRQHandler
                0x000004c8                LPUART1_RxTx_IRQHandler
                0x000004c8                RTC_Seconds_IRQHandler
                0x000004c8                Reserved72_IRQHandler
                0x000004c8                Reserved110_IRQHandler
                0x000004c8                Reserved107_IRQHandler
                0x000004c8                Read_Collision_IRQHandler
                0x000004c8                FTFC_IRQHandler
                0x000004c8                FTM1_Ch6_Ch7_IRQHandler
                0x000004c8                Reserved105_IRQHandler
                0x000004c8                LPIT0_Ch1_IRQHandler
                0x000004c8                FTM1_Ch4_Ch5_IRQHandler
                0x000004c8                FTM3_Ovf_Reload_IRQHandler
                0x000004c8                LPUART2_RxTx_IRQHandler
                0x000004c8                LPSPI0_IRQHandler
                0x000004c8                WDOG_EWM_IRQHandler
                0x000004c8                MemManage_Handler
                0x000004c8                Reserved90_IRQHandler
                0x000004c8                Reserved83_IRQHandler
                0x000004c8                FTM0_Fault_IRQHandler
                0x000004c8                Reserved48_IRQHandler
                0x000004c8                SVC_Handler
                0x000004c8                ERM_single_fault_IRQHandler
                0x000004c8                FTM2_Fault_IRQHandler
                0x000004c8                FTM0_Ch2_Ch3_IRQHandler
                0x000004c8                FTM0_Ch0_Ch1_IRQHandler
                0x000004c8                FTM3_Fault_IRQHandler
                0x000004c8                RCM_IRQHandler
                0x000004c8                Reserved100_IRQHandler
                0x000004c8                Reserved91_IRQHandler
                0x000004c8                SCG_IRQHandler
                0x000004c8                PDB1_IRQHandler
                0x000004c8                Reserved81_IRQHandler
                0x000004c8                Reserved46_IRQHandler
                0x000004c8                Reserved45_IRQHandler
                0x000004c8                Reserved112_IRQHandler
                0x000004c8                LPI2C0_Master_IRQHandler
                0x000004c8                FTM1_Fault_IRQHandler
                0x000004c8                Reserved106_IRQHandler
                0x000004c8                LVD_LVW_IRQHandler
                0x000004c8                LPIT0_Ch2_IRQHandler
                0x000004c8                PORTA_IRQHandler
                0x000004c8                MCM_IRQHandler
                0x000004c8                LPSPI2_IRQHandler
                0x000004c8                FTM3_Ch4_Ch5_IRQHandler
                0x000004c8                PORTE_IRQHandler
                0x000004c8                LPUART0_RxTx_IRQHandler
                0x000004c8                LPTMR0_IRQHandler
                0x000004c8                BusFault_Handler
                0x000004c8                Reserved87_IRQHandler
                0x000004c8                FTM1_Ovf_Reload_IRQHandler
                0x000004c8                Reserved93_IRQHandler
                0x000004c8                CMP0_IRQHandler
                0x000004c8                Reserved52_IRQHandler
                0x000004c8                PORTC_IRQHandler
                0x000004c8                FTM1_Ch0_Ch1_IRQHandler
                0x000004c8                FLEXIO_IRQHandler
                0x000004c8                Reserved113_IRQHandler
 .text          0x000004cc     0x1b98 clock_S32K1xx.o
                0x0000104c                CLOCK_DRV_Init
                0x000015e0                CLOCK_DRV_GetFreq
                0x00001998                CLOCK_DRV_SetModuleClock
                0x00001b10                CLOCK_DRV_SetSystemClock
                0x00001c20                CLOCK_DRV_GetSystemClockSource
                0x00001c7c                CLOCK_DRV_SetClockSource
                0x00001f30                CLOCK_SYS_Init
                0x00001f4c                CLOCK_SYS_UpdateConfiguration
                0x0000202c                CLOCK_SYS_GetCurrentConfiguration
                0x00002038                CLOCK_SYS_GetErrorCallback
                0x00002054                CLOCK_SYS_GetFreq
                0x0000205c                CLOCK_SYS_SetConfiguration
 .text          0x00002064      0xa70 edma_driver.o
                0x00002074                EDMA_DRV_InstallCallback
                0x00002094                EDMA_DRV_ReleaseChannel
                0x000020c8                EDMA_DRV_Deinit
                0x00002110                EDMA_DRV_IRQHandler
                0x0000213c                EDMA_DRV_ErrorIRQHandler
                0x00002178                EDMA_DRV_ConfigSingleBlockTransfer
                0x000022a0                EDMA_DRV_ConfigMultiBlockTransfer
                0x000022fc                EDMA_DRV_StartChannel
                0x00002314                EDMA_DRV_StopChannel
                0x0000232c                EDMA_DRV_SetChannelRequestAndTrigger
                0x00002370                EDMA_DRV_ChannelInit
                0x0000240c                EDMA_DRV_Init
                0x000024c4                EDMA_DRV_ClearTCD
                0x000024d8                EDMA_DRV_SetSrcAddr
                0x000024ec                EDMA_DRV_SetSrcOffset
                0x00002500                EDMA_DRV_SetSrcReadChunkSize
                0x00002528                EDMA_DRV_SetSrcLastAddrAdjustment
                0x00002538                EDMA_DRV_SetDestLastAddrAdjustment
                0x00002550                EDMA_DRV_SetDestAddr
                0x00002568                EDMA_DRV_SetDestOffset
                0x0000257c                EDMA_DRV_SetDestWriteChunkSize
                0x000025a0                EDMA_DRV_SetMinorLoopBlockSize
                0x000025b4                EDMA_DRV_SetMajorLoopIterationCount
                0x000025c8                EDMA_DRV_GetRemainingMajorIterationsCount
                0x000025dc                EDMA_DRV_SetScatterGatherLink
                0x000025f0                EDMA_DRV_DisableRequestsOnTransferComplete
                0x00002618                EDMA_DRV_ConfigureInterrupt
                0x00002678                EDMA_DRV_CancelTransfer
                0x00002690                EDMA_DRV_TriggerSwRequest
                0x000026a0                EDMA_DRV_PushConfigToSTCD
                0x0000272c                EDMA_DRV_PushConfigToReg
                0x00002900                EDMA_DRV_ConfigLoopTransfer
                0x00002928                EDMA_DRV_ConfigScatterGatherTransfer
                0x00002abc                EDMA_DRV_GetChannelStatus
                0x00002acc                EDMA_DRV_GetDmaRegBaseAddr
 .text          0x00002ad4      0x290 edma_hw_access.o
                0x00002ad4                EDMA_CancelTransfer
                0x00002ae8                EDMA_CancelTransferWithError
                0x00002afc                EDMA_SetErrorIntCmd
                0x00002b08                EDMA_SetDmaRequestCmd
                0x00002b14                EDMA_TCDClearReg
                0x00002b50                EDMA_Init
                0x00002b74                EDMA_TCDSetAttribute
                0x00002ba4                EDMA_TCDSetNbytes
                0x00002c00                EDMA_TCDSetMinorLoopOffset
                0x00002c44                EDMA_TCDSetScatterGatherLink
                0x00002c50                EDMA_TCDSetChannelMinorLink
                0x00002cc0                EDMA_TCDSetMajorCount
                0x00002d20                EDMA_TCDGetCurrentMajorCount
                0x00002d54                DMAMUX_Init
 .text          0x00002d64       0xe4 edma_irq.o
                0x00002d64                DMA0_IRQHandler
                0x00002d70                DMA1_IRQHandler
                0x00002d7c                DMA2_IRQHandler
                0x00002d88                DMA3_IRQHandler
                0x00002d94                DMA4_IRQHandler
                0x00002da0                DMA5_IRQHandler
                0x00002dac                DMA6_IRQHandler
                0x00002db8                DMA7_IRQHandler
                0x00002dc4                DMA8_IRQHandler
                0x00002dd0                DMA9_IRQHandler
                0x00002ddc                DMA10_IRQHandler
                0x00002de8                DMA11_IRQHandler
                0x00002df4                DMA12_IRQHandler
                0x00002e00                DMA13_IRQHandler
                0x00002e0c                DMA14_IRQHandler
                0x00002e18                DMA15_IRQHandler
                0x00002e24                DMA_Error_IRQHandler
 .text          0x00002e48       0x8c fcan0_s32k_rx_isr.o
                0x00002e48                fcan0_s32k_rx_isr
 .text          0x00002ed4     0x14c0 flexcan_driver.o
                0x00003210                FLEXCAN_DRV_SetBitrate
                0x000032b4                FLEXCAN_DRV_SetBitrateCbt
                0x00003320                FLEXCAN_DRV_GetBitrate
                0x00003354                FLEXCAN_DRV_GetBitrateFD
                0x00003394                FLEXCAN_DRV_SetRxMaskType
                0x000033c4                FLEXCAN_DRV_SetRxFifoGlobalMask
                0x00003448                FLEXCAN_DRV_SetRxMbGlobalMask
                0x00003480                FLEXCAN_DRV_SetRxMb14Mask
                0x000034b8                FLEXCAN_DRV_SetRxMb15Mask
                0x000034f0                FLEXCAN_DRV_SetRxIndividualMask
                0x00003608                FLEXCAN_DRV_Init
                0x000038c0                FLEXCAN_DRV_ConfigTxMb
                0x00003900                FLEXCAN_DRV_ConfigRemoteResponseMb
                0x00003938                FLEXCAN_DRV_SendBlocking
                0x000039fc                FLEXCAN_DRV_Send
                0x00003a30                FLEXCAN_DRV_ConfigRxMb
                0x00003a94                FLEXCAN_DRV_ConfigRxFifo
                0x00003abc                FLEXCAN_DRV_ReceiveBlocking
                0x00003b3c                FLEXCAN_DRV_Receive
                0x00003b48                FLEXCAN_DRV_RxFifoBlocking
                0x00003bc4                FLEXCAN_DRV_RxFifo
                0x00003bd0                FLEXCAN_DRV_Deinit
                0x00003cb4                FLEXCAN_DRV_SetTDCOffset
                0x00003cec                FLEXCAN_DRV_GetTDCValue
                0x00003d00                FLEXCAN_DRV_GetTDCFail
                0x00003d14                FLEXCAN_DRV_ClearTDCFail
                0x00003d2c                FLEXCAN_Error_IRQHandler
                0x00003d54                FLEXCAN_WakeUpHandler
                0x00003dc0                FLEXCAN_IRQHandler
                0x00003f6c                FLEXCAN_DRV_GetTransferStatus
                0x00003f94                FLEXCAN_DRV_GetErrorStatus
                0x00003fa4                FLEXCAN_DRV_AbortTransfer
                0x00004108                FLEXCAN_DRV_InstallEventCallback
                0x0000411c                FLEXCAN_DRV_InstallErrorCallback
                0x000041b0                FLEXCAN_DRV_ConfigPN
                0x000041f0                FLEXCAN_DRV_GetWMB
                0x00004230                FLEXCAN_DRV_GetDefaultConfig
 .text          0x00004394      0x3ac flexcan_echo_s32k14x.o
                0x00004394                flexcan_echo_s32k14x_Chart_Init
                0x000043a0                flexcan_echo_s32k14x_Chart
                0x000043c8                flexcan__RX_Complete_Event_Init
                0x000043e0                flexcan_RX_Complete_Event_Start
                0x00004474                flexcan_echo__RX_Complete_Event
                0x00004508                fle_RX_FIFO_Complete_Event_Init
                0x00004520                fl_RX_FIFO_Complete_Event_Start
                0x00004578                flexcan__RX_FIFO_Complete_Event
                0x00004608                flexcan_echo_s32k14x_step
                0x00004638                flexcan_echo_s32k14x_initialize
                0x0000473c                flexcan_echo_s32k14x_terminate
 .text          0x00004740      0xadc flexcan_hw_access.o
                0x00004778                FLEXCAN_GetRxFifoMask
                0x000047d8                FLEXCAN_GetMaxMbNum
                0x00004800                FLEXCAN_Enable
                0x0000482c                FLEXCAN_Disable
                0x00004844                FLEXCAN_Init
                0x000048a4                FLEXCAN_EnableRxFifo
                0x000048f0                FLEXCAN_SetRxFifoFilter
                0x00004a9c                FLEXCAN_SetMsgBuffIntCmd
                0x00004adc                FLEXCAN_SetErrIntCmd
                0x00004b30                FLEXCAN_ExitFreezeMode
                0x00004b4c                FLEXCAN_EnterFreezeMode
                0x00004b8c                FLEXCAN_ClearErrIntStatusFlag
                0x00004ba0                FLEXCAN_ReadRxFifo
                0x00004bec                FLEXCAN_SetOperationMode
                0x00004c4c                FLEXCAN_SetPayloadSize
                0x00004c68                FLEXCAN_GetPayloadSize
                0x00004c88                FLEXCAN_GetMsgBuffRegion
                0x00004cb8                FLEXCAN_SetTxMsgBuff
                0x00004e40                FLEXCAN_AbortTxMsgBuff
                0x00004e54                FLEXCAN_ResetRxMsgBuff
                0x00004e6c                FLEXCAN_SetRxMsgBuff
                0x00004f34                FLEXCAN_GetMsgBuff
                0x00004fcc                FLEXCAN_LockRxMsgBuff
                0x00004fd8                FLEXCAN_SetMaxMsgBuffNum
                0x00005078                FLEXCAN_ConfigPN
 .text          0x0000521c       0x9c flexcan_irq.o
                0x0000521c                CAN0_ORed_IRQHandler
                0x00005228                CAN0_Error_IRQHandler
                0x00005234                CAN0_Wake_Up_IRQHandler
                0x00005240                CAN0_ORed_0_15_MB_IRQHandler
                0x0000524c                CAN0_ORed_16_31_MB_IRQHandler
                0x00005258                CAN1_ORed_IRQHandler
                0x00005264                CAN1_Error_IRQHandler
                0x00005270                CAN1_ORed_0_15_MB_IRQHandler
                0x0000527c                CAN1_ORed_16_31_MB_IRQHandler
                0x00005288                CAN2_ORed_IRQHandler
                0x00005294                CAN2_Error_IRQHandler
                0x000052a0                CAN2_ORed_0_15_MB_IRQHandler
                0x000052ac                CAN2_ORed_16_31_MB_IRQHandler
 .text          0x000052b8      0x194 interrupt_manager.o
                0x000052b8                INT_SYS_InstallHandler
                0x000052e8                INT_SYS_EnableIRQ
                0x00005300                INT_SYS_DisableIRQ
                0x00005318                INT_SYS_EnableIRQGlobal
                0x00005334                INT_SYS_DisableIRQGlobal
                0x00005344                INT_SYS_SetPriority
                0x000053a0                INT_SYS_GetPriority
                0x000053e4                INT_SYS_ClearPending
                0x000053fc                INT_SYS_SetPending
                0x00005414                INT_SYS_GetPending
                0x00005430                INT_SYS_GetActive
 .text          0x0000544c      0x658 lpit_driver.o
                0x0000544c                LPIT_DRV_GetDefaultConfig
                0x00005454                LPIT_DRV_GetDefaultChanConfig
                0x00005474                LPIT_DRV_Init
                0x00005520                LPIT_DRV_Deinit
                0x00005530                LPIT_DRV_StartTimerChannels
                0x00005540                LPIT_DRV_StopTimerChannels
                0x00005550                LPIT_DRV_SetTimerPeriodByUs
                0x000055fc                LPIT_DRV_InitChannel
                0x00005780                LPIT_DRV_SetTimerPeriodInDual16ModeByUs
                0x00005808                LPIT_DRV_GetTimerPeriodByUs
                0x00005918                LPIT_DRV_GetCurrentTimerUs
                0x00005a00                LPIT_DRV_SetTimerPeriodByCount
                0x00005a10                LPIT_DRV_SetTimerPeriodInDual16ModeByCount
                0x00005a24                LPIT_DRV_GetTimerPeriodByCount
                0x00005a48                LPIT_DRV_GetCurrentTimerCount
                0x00005a6c                LPIT_DRV_EnableTimerChannelInterrupt
                0x00005a7c                LPIT_DRV_DisableTimerChannelInterrupt
                0x00005a8c                LPIT_DRV_GetInterruptFlagTimerChannels
                0x00005a98                LPIT_DRV_ClearInterruptFlagTimerChannels
 .text          0x00005aa4       0xbc mbd_main.o
                0x00005aa4                LPIT0_Ch0_IRQHandler
                0x00005ab4                SYSTEM_INIT_TASK
                0x00005abc                SYSTEM_TASK
                0x00005ac4                lpit0_init
                0x00005b38                main
 .text          0x00005b60      0x140 osif_baremetal.o
                0x00005b60                SysTick_Handler
                0x00005b70                OSIF_TimeDelay
                0x00005bc0                OSIF_GetMilliseconds
                0x00005bcc                OSIF_MutexLock
                0x00005bd0                OSIF_MutexUnlock
                0x00005bd4                OSIF_MutexCreate
                0x00005bd8                OSIF_MutexDestroy
                0x00005bdc                OSIF_SemaWait
                0x00005c60                OSIF_SemaPost
                0x00005c88                OSIF_SemaCreate
                0x00005c9c                OSIF_SemaDestroy
 .text          0x00005ca0      0x150 pins_driver.o
                0x00005ca0                PINS_DRV_Init
                0x00005cc0                PINS_DRV_SetPullSel
                0x00005cfc                PINS_DRV_SetMuxModeSel
                0x00005d04                PINS_DRV_SetPinIntSel
                0x00005d1c                PINS_DRV_GetPinIntSel
                0x00005d28                PINS_DRV_ClearPinIntFlagCmd
                0x00005d38                PINS_DRV_EnableDigitalFilter
                0x00005d48                PINS_DRV_DisableDigitalFilter
                0x00005d5c                PINS_DRV_ConfigDigitalFilter
                0x00005d74                PINS_DRV_GetPortIntFlag
                0x00005d7c                PINS_DRV_ClearPortIntFlagCmd
                0x00005d88                PINS_DRV_GetPinsDirection
                0x00005d8c                PINS_DRV_SetPinDirection
                0x00005da4                PINS_DRV_SetPinsDirection
                0x00005da8                PINS_DRV_SetPortInputDisable
                0x00005dac                PINS_DRV_GetPortInputDisable
                0x00005db0                PINS_DRV_SetGlobalPinControl
                0x00005db8                PINS_DRV_SetGlobalIntControl
                0x00005dc0                PINS_DRV_WritePin
                0x00005dd8                PINS_DRV_WritePins
                0x00005ddc                PINS_DRV_GetPinsOutput
                0x00005de0                PINS_DRV_SetPins
                0x00005de4                PINS_DRV_ClearPins
                0x00005de8                PINS_DRV_TogglePins
                0x00005dec                PINS_DRV_ReadPins
 .text          0x00005df0      0x224 pins_port_hw_access.o
                0x00005e64                PINS_Init
                0x00005f74                PINS_SetMuxModeSel
                0x00005fc4                PINS_SetGlobalPinControl
                0x00005ff0                PINS_SetGlobalIntControl
 .text          0x00006014      0x1c8 power_manager.o
                0x000060b0                POWER_SYS_Init
                0x000060dc                POWER_SYS_Deinit
                0x000060f4                POWER_SYS_GetLastMode
                0x0000610c                POWER_SYS_GetLastModeConfig
                0x00006128                POWER_SYS_GetErrorCallbackIndex
                0x00006134                POWER_SYS_GetErrorCallback
                0x00006150                POWER_SYS_SetMode
                0x000061d0                POWER_SYS_GetDefaultConfig
 .text          0x000061dc      0x4c8 power_manager_S32K1xx.o
                0x00006290                POWER_SYS_DoInit
                0x00006310                POWER_SYS_DoDeinit
                0x00006314                POWER_SYS_GetCurrentMode
                0x00006338                POWER_SYS_DoSetMode
                0x00006644                POWER_SYS_GetResetSrcStatusCmd
 .text          0x000066a4      0x140 power_smc_hw_access.o
                0x00006718                SMC_SetPowerMode
                0x000067cc                SMC_SetProtectionMode
 .text          0x000067e4      0x114 s32k_clock_init.o
                0x000067e4                Clock_Setup
                0x000068e0                UpdateSystickConfig
 .text          0x000068f8       0xd8 startup.o
                0x000068f8                init_data_bss
 .text          0x000069d0       0xd4 system_S32K144.o
                0x000069d0                SystemInit
                0x00006a0c                SystemCoreClockUpdate
                0x00006a8c                SystemSoftwareReset
 .text          0x00006aa4       0x30 c:/nxp/s32ds_arm_v2018.r1/cross_tools/gcc-arm-none-eabi-4_9/bin/../lib/gcc/arm-none-eabi/4.9.3/armv7e-m/fpu\libgcc.a(_aeabi_uldivmod.o)
                0x00006aa4                __aeabi_uldivmod
 .text          0x00006ad4       0x60 c:/nxp/s32ds_arm_v2018.r1/cross_tools/gcc-arm-none-eabi-4_9/bin/../lib/gcc/arm-none-eabi/4.9.3/armv7e-m/fpu\libgcc.a(bpabi.o)
                0x00006ad4                __gnu_ldivmod_helper
                0x00006b04                __gnu_uldivmod_helper
 .text          0x00006b34        0x4 c:/nxp/s32ds_arm_v2018.r1/cross_tools/gcc-arm-none-eabi-4_9/bin/../lib/gcc/arm-none-eabi/4.9.3/armv7e-m/fpu\libgcc.a(_dvmd_tls.o)
                0x00006b34                __aeabi_idiv0
                0x00006b34                __aeabi_ldiv0
 .text          0x00006b38      0x29c c:/nxp/s32ds_arm_v2018.r1/cross_tools/gcc-arm-none-eabi-4_9/bin/../lib/gcc/arm-none-eabi/4.9.3/armv7e-m/fpu\libgcc.a(_divdi3.o)
                0x00006b38                __divdi3
 .text          0x00006dd4      0x26c c:/nxp/s32ds_arm_v2018.r1/cross_tools/gcc-arm-none-eabi-4_9/bin/../lib/gcc/arm-none-eabi/4.9.3/armv7e-m/fpu\libgcc.a(_udivdi3.o)
                0x00006dd4                __udivdi3
 *(.text*)
 .text.memset   0x00007040       0x9c C:/NXP/S32DS_ARM_v2018.R1/Cross_Tools/gcc-arm-none-eabi-4_9/arm-none-eabi/newlib/lib/armv7e-m/fpu\libc.a(lib_a-memset.o)
                0x00007040                memset
 .text.startup.register_fini
                0x000070dc       0x14 C:/NXP/S32DS_ARM_v2018.R1/Cross_Tools/gcc-arm-none-eabi-4_9/arm-none-eabi/newlib/lib/armv7e-m/fpu\libc.a(lib_a-__call_atexit.o)
 .text.atexit   0x000070f0        0xc C:/NXP/S32DS_ARM_v2018.R1/Cross_Tools/gcc-arm-none-eabi-4_9/arm-none-eabi/newlib/lib/armv7e-m/fpu\libc.a(lib_a-atexit.o)
                0x000070f0                atexit
 .text.__libc_fini_array
                0x000070fc       0x2c C:/NXP/S32DS_ARM_v2018.R1/Cross_Tools/gcc-arm-none-eabi-4_9/arm-none-eabi/newlib/lib/armv7e-m/fpu\libc.a(lib_a-fini.o)
                0x000070fc                __libc_fini_array
 .text.__register_exitproc
                0x00007128       0xa4 C:/NXP/S32DS_ARM_v2018.R1/Cross_Tools/gcc-arm-none-eabi-4_9/arm-none-eabi/newlib/lib/armv7e-m/fpu\libc.a(lib_a-__atexit.o)
                0x00007128                __register_exitproc
 *(.rodata)
 .rodata        0x000071cc      0x20d clock_S32K1xx.o
                0x000072c8                clockNameMappings
                0x00007378                peripheralFeaturesList
 *fill*         0x000073d9        0x3 
 .rodata        0x000073dc       0x10 edma_driver.o
 .rodata        0x000073ec       0x1e flexcan_driver.o
 *fill*         0x0000740a        0x2 
 .rodata        0x0000740c       0x3c flexcan_echo_s32k14x.o
                0x00007444                flexcan_echo_s32k14x_M
 .rodata        0x00007448       0x41 flexcan_hw_access.o
 *fill*         0x00007489        0x3 
 .rodata        0x0000748c        0x4 lpit_driver.o
 .rodata        0x00007490       0x1c mbd_main.o
 *(.rodata*)
 .rodata.str1.4
                0x000074ac        0x4 C:/NXP/S32DS_ARM_v2018.R1/Cross_Tools/gcc-arm-none-eabi-4_9/arm-none-eabi/newlib/lib/armv7e-m/fpu\libc.a(lib_a-impure.o)
                                  0x2 (size before relaxing)
 .rodata._global_impure_ptr
                0x000074b0        0x4 C:/NXP/S32DS_ARM_v2018.R1/Cross_Tools/gcc-arm-none-eabi-4_9/arm-none-eabi/newlib/lib/armv7e-m/fpu\libc.a(lib_a-impure.o)
                0x000074b0                _global_impure_ptr
 *(.glue_7)
 .glue_7        0x00000000        0x0 linker stubs
 *(.glue_7t)
 .glue_7t       0x00000000        0x0 linker stubs
 *(.eh_frame)
 .eh_frame      0x000074b4        0x0 c:/nxp/s32ds_arm_v2018.r1/cross_tools/gcc-arm-none-eabi-4_9/bin/../lib/gcc/arm-none-eabi/4.9.3/armv7e-m/fpu/crtbegin.o
 *(.init)
 .init          0x000074b4        0x4 c:/nxp/s32ds_arm_v2018.r1/cross_tools/gcc-arm-none-eabi-4_9/bin/../lib/gcc/arm-none-eabi/4.9.3/armv7e-m/fpu/crti.o
                0x000074b4                _init
 .init          0x000074b8        0x8 c:/nxp/s32ds_arm_v2018.r1/cross_tools/gcc-arm-none-eabi-4_9/bin/../lib/gcc/arm-none-eabi/4.9.3/armv7e-m/fpu/crtn.o
 *(.fini)
 .fini          0x000074c0        0x4 c:/nxp/s32ds_arm_v2018.r1/cross_tools/gcc-arm-none-eabi-4_9/bin/../lib/gcc/arm-none-eabi/4.9.3/armv7e-m/fpu/crti.o
                0x000074c0                _fini
 .fini          0x000074c4        0x8 c:/nxp/s32ds_arm_v2018.r1/cross_tools/gcc-arm-none-eabi-4_9/bin/../lib/gcc/arm-none-eabi/4.9.3/armv7e-m/fpu/crtn.o
                0x000074cc                . = ALIGN (0x4)

.vfp11_veneer   0x000074cc        0x0
 .vfp11_veneer  0x00000000        0x0 linker stubs

.v4_bx          0x000074cc        0x0
 .v4_bx         0x00000000        0x0 linker stubs

.iplt           0x000074cc        0x0
 .iplt          0x00000000        0x0 c:/nxp/s32ds_arm_v2018.r1/cross_tools/gcc-arm-none-eabi-4_9/bin/../lib/gcc/arm-none-eabi/4.9.3/armv7e-m/fpu/crtbegin.o

.ARM.extab
 *(.ARM.extab* .gnu.linkonce.armextab.*)

.ARM            0x000074cc        0x8
                0x000074cc                __exidx_start = .
 *(.ARM.exidx*)
 .ARM.exidx     0x000074cc        0x8 c:/nxp/s32ds_arm_v2018.r1/cross_tools/gcc-arm-none-eabi-4_9/bin/../lib/gcc/arm-none-eabi/4.9.3/armv7e-m/fpu\libgcc.a(_divdi3.o)
 .ARM.exidx     0x000074d4        0x0 c:/nxp/s32ds_arm_v2018.r1/cross_tools/gcc-arm-none-eabi-4_9/bin/../lib/gcc/arm-none-eabi/4.9.3/armv7e-m/fpu\libgcc.a(_udivdi3.o)
                                  0x8 (size before relaxing)
                0x000074d4                __exidx_end = .

.rel.dyn        0x000074d4        0x0
 .rel.iplt      0x00000000        0x0 c:/nxp/s32ds_arm_v2018.r1/cross_tools/gcc-arm-none-eabi-4_9/bin/../lib/gcc/arm-none-eabi/4.9.3/armv7e-m/fpu/crtbegin.o

.ctors          0x000074d4        0x0
                0x000074d4                __CTOR_LIST__ = .
 *crtbegin.o(.ctors)
 *crtbegin?.o(.ctors)
 *(EXCLUDE_FILE(*crtend.o *crtend?.o) .ctors)
 *(SORT(.ctors.*))
 *(.ctors)
                0x000074d4                __CTOR_END__ = .

.dtors          0x000074d4        0x0
                0x000074d4                __DTOR_LIST__ = .
 *crtbegin.o(.dtors)
 *crtbegin?.o(.dtors)
 *(EXCLUDE_FILE(*crtend.o *crtend?.o) .dtors)
 *(SORT(.dtors.*))
 *(.dtors)
                0x000074d4                __DTOR_END__ = .

.preinit_array  0x000074d4        0x0
                0x000074d4                PROVIDE (__preinit_array_start, .)
 *(.preinit_array*)
                0x000074d4                PROVIDE (__preinit_array_end, .)

.init_array     0x000074d4        0x8
                0x000074d4                PROVIDE (__init_array_start, .)
 *(SORT(.init_array.*))
 .init_array.00000
                0x000074d4        0x4 C:/NXP/S32DS_ARM_v2018.R1/Cross_Tools/gcc-arm-none-eabi-4_9/arm-none-eabi/newlib/lib/armv7e-m/fpu\libc.a(lib_a-__call_atexit.o)
 *(.init_array*)
 .init_array    0x000074d8        0x4 c:/nxp/s32ds_arm_v2018.r1/cross_tools/gcc-arm-none-eabi-4_9/bin/../lib/gcc/arm-none-eabi/4.9.3/armv7e-m/fpu/crtbegin.o
                0x000074dc                PROVIDE (__init_array_end, .)

.fini_array     0x000074dc        0x4
                0x000074dc                PROVIDE (__fini_array_start, .)
 *(SORT(.fini_array.*))
 *(.fini_array*)
 .fini_array    0x000074dc        0x4 c:/nxp/s32ds_arm_v2018.r1/cross_tools/gcc-arm-none-eabi-4_9/bin/../lib/gcc/arm-none-eabi/4.9.3/armv7e-m/fpu/crtbegin.o
                0x000074e0                PROVIDE (__fini_array_end, .)
                0x000074e0                __etext = .
                0x000074e0                __DATA_ROM = .

.interrupts_ram
                0x1fff8000      0x400
                0x1fff8000                . = ALIGN (0x4)
                0x1fff8000                __VECTOR_RAM__ = .
                0x1fff8000                __RAM_START = .
                0x1fff8000                __interrupts_ram_start__ = .
 *(.m_interrupts_ram)
                0x1fff8400                . = (. + M_VECTOR_RAM_SIZE)
 *fill*         0x1fff8000      0x400 
                0x1fff8400                . = ALIGN (0x4)
                0x1fff8400                __interrupts_ram_end__ = .
                0x1fff8000                __VECTOR_RAM = DEFINED (__flash_vector_table__)?ORIGIN (m_interrupts):__VECTOR_RAM__
                0x00000400                __RAM_VECTOR_TABLE_SIZE = DEFINED (__flash_vector_table__)?0x0:(__interrupts_ram_end__ - __interrupts_ram_start__)

.data           0x1fff8400      0x4d4 load address 0x000074e0
                0x1fff8400                . = ALIGN (0x4)
                0x1fff8400                __DATA_RAM = .
                0x1fff8400                __data_start__ = .
 *(.data)
 .data          0x1fff8400       0xa0 clock_S32K1xx.o
 .data          0x1fff84a0        0x4 system_S32K144.o
                0x1fff84a0                SystemCoreClock
 *(.data*)
 *fill*         0x1fff84a4        0x4 
 .data.impure_data
                0x1fff84a8      0x428 C:/NXP/S32DS_ARM_v2018.R1/Cross_Tools/gcc-arm-none-eabi-4_9/arm-none-eabi/newlib/lib/armv7e-m/fpu\libc.a(lib_a-impure.o)
 *(.jcr*)
 .jcr           0x1fff88d0        0x0 c:/nxp/s32ds_arm_v2018.r1/cross_tools/gcc-arm-none-eabi-4_9/bin/../lib/gcc/arm-none-eabi/4.9.3/armv7e-m/fpu/crtbegin.o
 .jcr           0x1fff88d0        0x4 c:/nxp/s32ds_arm_v2018.r1/cross_tools/gcc-arm-none-eabi-4_9/bin/../lib/gcc/arm-none-eabi/4.9.3/armv7e-m/fpu/crtend.o
                0x1fff88d4                . = ALIGN (0x4)
                0x1fff88d4                __data_end__ = .
                0x000079b4                __DATA_END = (__DATA_ROM + (__data_end__ - __data_start__))
                0x000079b4                __CODE_ROM = __DATA_END

.igot.plt       0x1fff88d4        0x0 load address 0x000079b4
 .igot.plt      0x00000000        0x0 c:/nxp/s32ds_arm_v2018.r1/cross_tools/gcc-arm-none-eabi-4_9/bin/../lib/gcc/arm-none-eabi/4.9.3/armv7e-m/fpu/crtbegin.o

.code           0x1fff88d4        0x0 load address 0x000079b4
                0x1fff88d4                . = ALIGN (0x4)
                0x1fff88d4                __CODE_RAM = .
                0x1fff88d4                __code_start__ = .
                0x1fff88d4                __code_ram_start__ = .
 *(.code_ram)
                0x1fff88d4                . = ALIGN (0x4)
                0x1fff88d4                __code_end__ = .
                0x1fff88d4                __code_ram_end__ = .
                0x000079b4                __CODE_END = (__CODE_ROM + (__code_end__ - __code_start__))
                0x000079b4                __CUSTOM_ROM = __CODE_END

.customSectionBlock
                0x20000000        0x0 load address 0x000079b4
                0x20000000                __customSection_start__ = .
 *(.customSection)
                0x20000000                __customSection_end__ = .
                0x000079b4                __CUSTOM_END = (__CUSTOM_ROM + (__customSection_end__ - __customSection_start__))

.bss            0x20000000      0x254
                0x20000000                . = ALIGN (0x4)
                0x20000000                __BSS_START = .
                0x20000000                __bss_start__ = .
 *(.bss)
 .bss           0x20000000       0x1c c:/nxp/s32ds_arm_v2018.r1/cross_tools/gcc-arm-none-eabi-4_9/bin/../lib/gcc/arm-none-eabi/4.9.3/armv7e-m/fpu/crtbegin.o
 .bss           0x2000001c       0x10 clock_S32K1xx.o
 .bss           0x2000002c        0x4 edma_driver.o
 .bss           0x20000030        0xc flexcan_driver.o
 .bss           0x2000003c        0x4 interrupt_manager.o
 .bss           0x20000040        0x4 lpit_driver.o
 .bss           0x20000044        0x4 osif_baremetal.o
 .bss           0x20000048        0xc power_manager_S32K1xx.o
 *(.bss*)
 *(COMMON)
 COMMON         0x20000054       0x14 clock_S32K1xx.o
                0x20000054                g_xtal0ClkFreq
                0x20000058                g_RtcClkInFreq
                0x2000005c                g_TClkFreq
 COMMON         0x20000068      0x1dc flexcan_echo_s32k14x.o
                0x20000068                flexcan_echo_s32k14x_B
                0x20000084                flexcan_echo_s32k14x_Y
                0x2000008c                flexcan_echo_s32k14x_M_
                0x20000090                canCom0_recvBuffFifo
                0x200000dc                flexcan_echo_s32k14x_DW
                0x200000e4                canCom0_State
                0x200001f8                canCom0_recvBuff14
 COMMON         0x20000244       0x10 power_manager_S32K1xx.o
                0x20000244                gPowerManagerState
                0x20000254                . = ALIGN (0x4)
                0x20000254                __bss_end__ = .
                0x20000254                __BSS_END = .

.heap           0x20000254      0x404
                0x20000258                . = ALIGN (0x8)
 *fill*         0x20000254        0x4 
                0x20000258                __end__ = .
                0x20000258                __heap_start__ = .
                0x20000258                PROVIDE (end, .)
                0x20000258                PROVIDE (_end, .)
                0x20000258                PROVIDE (__end, .)
                0x20000258                __HeapBase = .
                0x20000658                . = (. + HEAP_SIZE)
 *fill*         0x20000258      0x400 
                0x20000658                __HeapLimit = .
                0x20000658                __heap_limit = .
                0x20000658                __heap_end__ = .
                0x20007000                __StackTop = (ORIGIN (m_data_2) + 0x7000)
                0x20006c00                __StackLimit = (__StackTop - STACK_SIZE)
                0x20007000                PROVIDE (__stack, __StackTop)
                0x20007000                __RAM_END = __StackTop

.stack          0x20006c00      0x400
                0x20006c00                . = ALIGN (0x8)
                0x20006c00                __stack_start__ = .
                0x20007000                . = (. + STACK_SIZE)
 *fill*         0x20006c00      0x400 
                0x20007000                __stack_end__ = .

.ARM.attributes
                0x00000000       0x30
 *(.ARM.attributes)
 .ARM.attributes
                0x00000000       0x22 c:/nxp/s32ds_arm_v2018.r1/cross_tools/gcc-arm-none-eabi-4_9/bin/../lib/gcc/arm-none-eabi/4.9.3/armv7e-m/fpu/crti.o
 .ARM.attributes
                0x00000022       0x34 c:/nxp/s32ds_arm_v2018.r1/cross_tools/gcc-arm-none-eabi-4_9/bin/../lib/gcc/arm-none-eabi/4.9.3/armv7e-m/fpu/crtbegin.o
 .ARM.attributes
                0x00000056       0x1f startup_S32K144.o
 .ARM.attributes
                0x00000075       0x39 clock_S32K1xx.o
 .ARM.attributes
                0x000000ae       0x39 edma_driver.o
 .ARM.attributes
                0x000000e7       0x39 edma_hw_access.o
 .ARM.attributes
                0x00000120       0x39 edma_irq.o
 .ARM.attributes
                0x00000159       0x39 fcan0_s32k_rx_isr.o
 .ARM.attributes
                0x00000192       0x39 flexcan_driver.o
 .ARM.attributes
                0x000001cb       0x39 flexcan_echo_s32k14x.o
 .ARM.attributes
                0x00000204       0x39 flexcan_hw_access.o
 .ARM.attributes
                0x0000023d       0x39 flexcan_irq.o
 .ARM.attributes
                0x00000276       0x39 interrupt_manager.o
 .ARM.attributes
                0x000002af       0x39 lpit_driver.o
 .ARM.attributes
                0x000002e8       0x39 mbd_main.o
 .ARM.attributes
                0x00000321       0x39 osif_baremetal.o
 .ARM.attributes
                0x0000035a       0x39 pins_driver.o
 .ARM.attributes
                0x00000393       0x39 pins_port_hw_access.o
 .ARM.attributes
                0x000003cc       0x39 power_manager.o
 .ARM.attributes
                0x00000405       0x39 power_manager_S32K1xx.o
 .ARM.attributes
                0x0000043e       0x39 power_smc_hw_access.o
 .ARM.attributes
                0x00000477       0x39 s32k_clock_init.o
 .ARM.attributes
                0x000004b0       0x39 startup.o
 .ARM.attributes
                0x000004e9       0x39 system_S32K144.o
 .ARM.attributes
                0x00000522       0x22 c:/nxp/s32ds_arm_v2018.r1/cross_tools/gcc-arm-none-eabi-4_9/bin/../lib/gcc/arm-none-eabi/4.9.3/armv7e-m/fpu\libgcc.a(_aeabi_uldivmod.o)
 .ARM.attributes
                0x00000544       0x34 c:/nxp/s32ds_arm_v2018.r1/cross_tools/gcc-arm-none-eabi-4_9/bin/../lib/gcc/arm-none-eabi/4.9.3/armv7e-m/fpu\libgcc.a(bpabi.o)
 .ARM.attributes
                0x00000578       0x22 c:/nxp/s32ds_arm_v2018.r1/cross_tools/gcc-arm-none-eabi-4_9/bin/../lib/gcc/arm-none-eabi/4.9.3/armv7e-m/fpu\libgcc.a(_dvmd_tls.o)
 .ARM.attributes
                0x0000059a       0x34 c:/nxp/s32ds_arm_v2018.r1/cross_tools/gcc-arm-none-eabi-4_9/bin/../lib/gcc/arm-none-eabi/4.9.3/armv7e-m/fpu\libgcc.a(_divdi3.o)
 .ARM.attributes
                0x000005ce       0x34 c:/nxp/s32ds_arm_v2018.r1/cross_tools/gcc-arm-none-eabi-4_9/bin/../lib/gcc/arm-none-eabi/4.9.3/armv7e-m/fpu\libgcc.a(_udivdi3.o)
 .ARM.attributes
                0x00000602       0x34 C:/NXP/S32DS_ARM_v2018.R1/Cross_Tools/gcc-arm-none-eabi-4_9/arm-none-eabi/newlib/lib/armv7e-m/fpu\libc.a(lib_a-impure.o)
 .ARM.attributes
                0x00000636       0x34 C:/NXP/S32DS_ARM_v2018.R1/Cross_Tools/gcc-arm-none-eabi-4_9/arm-none-eabi/newlib/lib/armv7e-m/fpu\libc.a(lib_a-memset.o)
 .ARM.attributes
                0x0000066a       0x34 C:/NXP/S32DS_ARM_v2018.R1/Cross_Tools/gcc-arm-none-eabi-4_9/arm-none-eabi/newlib/lib/armv7e-m/fpu\libc.a(lib_a-__call_atexit.o)
 .ARM.attributes
                0x0000069e       0x34 C:/NXP/S32DS_ARM_v2018.R1/Cross_Tools/gcc-arm-none-eabi-4_9/arm-none-eabi/newlib/lib/armv7e-m/fpu\libc.a(lib_a-atexit.o)
 .ARM.attributes
                0x000006d2       0x34 C:/NXP/S32DS_ARM_v2018.R1/Cross_Tools/gcc-arm-none-eabi-4_9/arm-none-eabi/newlib/lib/armv7e-m/fpu\libc.a(lib_a-fini.o)
 .ARM.attributes
                0x00000706       0x34 C:/NXP/S32DS_ARM_v2018.R1/Cross_Tools/gcc-arm-none-eabi-4_9/arm-none-eabi/newlib/lib/armv7e-m/fpu\libc.a(lib_a-__atexit.o)
 .ARM.attributes
                0x0000073a       0x34 c:/nxp/s32ds_arm_v2018.r1/cross_tools/gcc-arm-none-eabi-4_9/bin/../lib/gcc/arm-none-eabi/4.9.3/armv7e-m/fpu/crtend.o
 .ARM.attributes
                0x0000076e       0x22 c:/nxp/s32ds_arm_v2018.r1/cross_tools/gcc-arm-none-eabi-4_9/bin/../lib/gcc/arm-none-eabi/4.9.3/armv7e-m/fpu/crtn.o
                0x00000001                ASSERT ((__StackLimit >= __HeapLimit), region m_data_2 overflowed with stack and heap)
OUTPUT(flexcan_echo_s32k14x.elf elf32-littlearm)

.debug_line     0x00000000     0x451b
 .debug_line    0x00000000       0x71 startup_S32K144.o
 .debug_line    0x00000071      0xdec clock_S32K1xx.o
 .debug_line    0x00000e5d      0x575 edma_driver.o
 .debug_line    0x000013d2      0x1fe edma_hw_access.o
 .debug_line    0x000015d0      0x177 edma_irq.o
 .debug_line    0x00001747      0x1ce fcan0_s32k_rx_isr.o
 .debug_line    0x00001915      0x916 flexcan_driver.o
 .debug_line    0x0000222b      0x296 flexcan_echo_s32k14x.o
 .debug_line    0x000024c1      0x514 flexcan_hw_access.o
 .debug_line    0x000029d5       0x57 flexcan_irq.o
 .debug_line    0x00002a2c      0x1cd interrupt_manager.o
 .debug_line    0x00002bf9      0x3c1 lpit_driver.o
 .debug_line    0x00002fba      0x1dd mbd_main.o
 .debug_line    0x00003197      0x201 osif_baremetal.o
 .debug_line    0x00003398      0x2c2 pins_driver.o
 .debug_line    0x0000365a      0x1e3 pins_port_hw_access.o
 .debug_line    0x0000383d      0x204 power_manager.o
 .debug_line    0x00003a41      0x437 power_manager_S32K1xx.o
 .debug_line    0x00003e78      0x21a power_smc_hw_access.o
 .debug_line    0x00004092      0x1e6 s32k_clock_init.o
 .debug_line    0x00004278      0x14c startup.o
 .debug_line    0x000043c4      0x157 system_S32K144.o

.debug_info     0x00000000    0x199fa
 .debug_info    0x00000000       0xb2 startup_S32K144.o
 .debug_info    0x000000b2     0x518d clock_S32K1xx.o
 .debug_info    0x0000523f     0x319a edma_driver.o
 .debug_info    0x000083d9      0x951 edma_hw_access.o
 .debug_info    0x00008d2a      0x54e edma_irq.o
 .debug_info    0x00009278      0x4d7 fcan0_s32k_rx_isr.o
 .debug_info    0x0000974f     0x3ed5 flexcan_driver.o
 .debug_info    0x0000d624     0x1102 flexcan_echo_s32k14x.o
 .debug_info    0x0000e726     0x1bcc flexcan_hw_access.o
 .debug_info    0x000102f2      0x150 flexcan_irq.o
 .debug_info    0x00010442      0x8fb interrupt_manager.o
 .debug_info    0x00010d3d     0x1ae4 lpit_driver.o
 .debug_info    0x00012821      0xb2f mbd_main.o
 .debug_info    0x00013350      0x9b7 osif_baremetal.o
 .debug_info    0x00013d07     0x12fc pins_driver.o
 .debug_info    0x00015003      0x881 pins_port_hw_access.o
 .debug_info    0x00015884      0x7c3 power_manager.o
 .debug_info    0x00016047     0x14b1 power_manager_S32K1xx.o
 .debug_info    0x000174f8      0x9e4 power_smc_hw_access.o
 .debug_info    0x00017edc     0x1331 s32k_clock_init.o
 .debug_info    0x0001920d      0x2d8 startup.o
 .debug_info    0x000194e5      0x515 system_S32K144.o

.debug_abbrev   0x00000000     0x2cf5
 .debug_abbrev  0x00000000       0x14 startup_S32K144.o
 .debug_abbrev  0x00000014      0x34f clock_S32K1xx.o
 .debug_abbrev  0x00000363      0x366 edma_driver.o
 .debug_abbrev  0x000006c9      0x1cb edma_hw_access.o
 .debug_abbrev  0x00000894      0x17b edma_irq.o
 .debug_abbrev  0x00000a0f      0x13f fcan0_s32k_rx_isr.o
 .debug_abbrev  0x00000b4e      0x39d flexcan_driver.o
 .debug_abbrev  0x00000eeb      0x276 flexcan_echo_s32k14x.o
 .debug_abbrev  0x00001161      0x341 flexcan_hw_access.o
 .debug_abbrev  0x000014a2       0x3f flexcan_irq.o
 .debug_abbrev  0x000014e1      0x1b1 interrupt_manager.o
 .debug_abbrev  0x00001692      0x335 lpit_driver.o
 .debug_abbrev  0x000019c7      0x1fa mbd_main.o
 .debug_abbrev  0x00001bc1      0x236 osif_baremetal.o
 .debug_abbrev  0x00001df7      0x2a4 pins_driver.o
 .debug_abbrev  0x0000209b      0x1de pins_port_hw_access.o
 .debug_abbrev  0x00002279      0x1dd power_manager.o
 .debug_abbrev  0x00002456      0x35d power_manager_S32K1xx.o
 .debug_abbrev  0x000027b3      0x1fa power_smc_hw_access.o
 .debug_abbrev  0x000029ad      0x145 s32k_clock_init.o
 .debug_abbrev  0x00002af2       0xd6 startup.o
 .debug_abbrev  0x00002bc8      0x12d system_S32K144.o

.debug_aranges  0x00000000      0x2c0
 .debug_aranges
                0x00000000       0x20 startup_S32K144.o
 .debug_aranges
                0x00000020       0x20 clock_S32K1xx.o
 .debug_aranges
                0x00000040       0x20 edma_driver.o
 .debug_aranges
                0x00000060       0x20 edma_hw_access.o
 .debug_aranges
                0x00000080       0x20 edma_irq.o
 .debug_aranges
                0x000000a0       0x20 fcan0_s32k_rx_isr.o
 .debug_aranges
                0x000000c0       0x20 flexcan_driver.o
 .debug_aranges
                0x000000e0       0x20 flexcan_echo_s32k14x.o
 .debug_aranges
                0x00000100       0x20 flexcan_hw_access.o
 .debug_aranges
                0x00000120       0x20 flexcan_irq.o
 .debug_aranges
                0x00000140       0x20 interrupt_manager.o
 .debug_aranges
                0x00000160       0x20 lpit_driver.o
 .debug_aranges
                0x00000180       0x20 mbd_main.o
 .debug_aranges
                0x000001a0       0x20 osif_baremetal.o
 .debug_aranges
                0x000001c0       0x20 pins_driver.o
 .debug_aranges
                0x000001e0       0x20 pins_port_hw_access.o
 .debug_aranges
                0x00000200       0x20 power_manager.o
 .debug_aranges
                0x00000220       0x20 power_manager_S32K1xx.o
 .debug_aranges
                0x00000240       0x20 power_smc_hw_access.o
 .debug_aranges
                0x00000260       0x20 s32k_clock_init.o
 .debug_aranges
                0x00000280       0x20 startup.o
 .debug_aranges
                0x000002a0       0x20 system_S32K144.o

.debug_loc      0x00000000     0xd515
 .debug_loc     0x00000000     0x44cc clock_S32K1xx.o
 .debug_loc     0x000044cc     0x1e06 edma_driver.o
 .debug_loc     0x000062d2      0x557 edma_hw_access.o
 .debug_loc     0x00006829       0x3d edma_irq.o
 .debug_loc     0x00006866       0xb3 fcan0_s32k_rx_isr.o
 .debug_loc     0x00006919     0x2e67 flexcan_driver.o
 .debug_loc     0x00009780     0x165d flexcan_hw_access.o
 .debug_loc     0x0000addd      0x23c interrupt_manager.o
 .debug_loc     0x0000b019      0xad4 lpit_driver.o
 .debug_loc     0x0000baed      0x1e7 osif_baremetal.o
 .debug_loc     0x0000bcd4      0x31a pins_driver.o
 .debug_loc     0x0000bfee      0x47d pins_port_hw_access.o
 .debug_loc     0x0000c46b      0x2d7 power_manager.o
 .debug_loc     0x0000c742      0x84e power_manager_S32K1xx.o
 .debug_loc     0x0000cf90      0x379 power_smc_hw_access.o
 .debug_loc     0x0000d309       0x20 s32k_clock_init.o
 .debug_loc     0x0000d329       0xec startup.o
 .debug_loc     0x0000d415      0x100 system_S32K144.o

.debug_ranges   0x00000000      0x4f0
 .debug_ranges  0x00000000      0x1d8 clock_S32K1xx.o
 .debug_ranges  0x000001d8       0x18 edma_hw_access.o
 .debug_ranges  0x000001f0      0x108 flexcan_driver.o
 .debug_ranges  0x000002f8       0x30 flexcan_hw_access.o
 .debug_ranges  0x00000328       0x18 interrupt_manager.o
 .debug_ranges  0x00000340       0x48 lpit_driver.o
 .debug_ranges  0x00000388       0x50 osif_baremetal.o
 .debug_ranges  0x000003d8       0x18 power_manager.o
 .debug_ranges  0x000003f0      0x100 power_manager_S32K1xx.o

.debug_str      0x00000000     0x9f85
 .debug_str     0x00000000     0x37cd clock_S32K1xx.o
                               0x38b9 (size before relaxing)
 .debug_str     0x000037cd     0x1d01 edma_driver.o
                               0x284c (size before relaxing)
 .debug_str     0x000054ce      0x155 edma_hw_access.o
                                0x7a5 (size before relaxing)
 .debug_str     0x00005623      0x141 edma_irq.o
                                0x472 (size before relaxing)
 .debug_str     0x00005764      0x4a0 fcan0_s32k_rx_isr.o
                                0x6ee (size before relaxing)
 .debug_str     0x00005c04     0x15b5 flexcan_driver.o
                               0x2e7c (size before relaxing)
 .debug_str     0x000071b9      0x683 flexcan_echo_s32k14x.o
                               0x16d6 (size before relaxing)
 .debug_str     0x0000783c      0x531 flexcan_hw_access.o
                               0x17ca (size before relaxing)
 .debug_str     0x00007d6d      0x158 flexcan_irq.o
                                0x32a (size before relaxing)
 .debug_str     0x00007ec5      0x20c interrupt_manager.o
                                0xa35 (size before relaxing)
 .debug_str     0x000080d1      0x81d lpit_driver.o
                               0x1c8e (size before relaxing)
 .debug_str     0x000088ee       0x6f mbd_main.o
                                0xf87 (size before relaxing)
 .debug_str     0x0000895d      0x1ae osif_baremetal.o
                               0x101d (size before relaxing)
 .debug_str     0x00008b0b      0x56a pins_driver.o
                               0x13b0 (size before relaxing)
 .debug_str     0x00009075      0x1cb pins_port_hw_access.o
                                0x8e7 (size before relaxing)
 .debug_str     0x00009240      0x4dd power_manager.o
                                0xfcf (size before relaxing)
 .debug_str     0x0000971d      0x4b1 power_manager_S32K1xx.o
                               0x1852 (size before relaxing)
 .debug_str     0x00009bce      0x130 power_smc_hw_access.o
                                0xe5f (size before relaxing)
 .debug_str     0x00009cfe       0xa9 s32k_clock_init.o
                               0x2155 (size before relaxing)
 .debug_str     0x00009da7      0x14f startup.o
                                0x354 (size before relaxing)
 .debug_str     0x00009ef6       0x8f system_S32K144.o
                                0x3ed (size before relaxing)

.comment        0x00000000       0x70
 .comment       0x00000000       0x70 clock_S32K1xx.o
                                 0x71 (size before relaxing)
 .comment       0x00000000       0x71 edma_driver.o
 .comment       0x00000000       0x71 edma_hw_access.o
 .comment       0x00000000       0x71 edma_irq.o
 .comment       0x00000000       0x71 fcan0_s32k_rx_isr.o
 .comment       0x00000000       0x71 flexcan_driver.o
 .comment       0x00000000       0x71 flexcan_echo_s32k14x.o
 .comment       0x00000000       0x71 flexcan_hw_access.o
 .comment       0x00000000       0x71 flexcan_irq.o
 .comment       0x00000000       0x71 interrupt_manager.o
 .comment       0x00000000       0x71 lpit_driver.o
 .comment       0x00000000       0x71 mbd_main.o
 .comment       0x00000000       0x71 osif_baremetal.o
 .comment       0x00000000       0x71 pins_driver.o
 .comment       0x00000000       0x71 pins_port_hw_access.o
 .comment       0x00000000       0x71 power_manager.o
 .comment       0x00000000       0x71 power_manager_S32K1xx.o
 .comment       0x00000000       0x71 power_smc_hw_access.o
 .comment       0x00000000       0x71 s32k_clock_init.o
 .comment       0x00000000       0x71 startup.o
 .comment       0x00000000       0x71 system_S32K144.o

.debug_frame    0x00000000     0x1ee8
 .debug_frame   0x00000000      0x35c clock_S32K1xx.o
 .debug_frame   0x0000035c      0x384 edma_driver.o
 .debug_frame   0x000006e0      0x134 edma_hw_access.o
 .debug_frame   0x00000814      0x1ac edma_irq.o
 .debug_frame   0x000009c0       0x28 fcan0_s32k_rx_isr.o
 .debug_frame   0x000009e8      0x4cc flexcan_driver.o
 .debug_frame   0x00000eb4      0x128 flexcan_echo_s32k14x.o
 .debug_frame   0x00000fdc      0x280 flexcan_hw_access.o
 .debug_frame   0x0000125c      0x148 flexcan_irq.o
 .debug_frame   0x000013a4       0xe8 interrupt_manager.o
 .debug_frame   0x0000148c      0x1b0 lpit_driver.o
 .debug_frame   0x0000163c       0x90 mbd_main.o
 .debug_frame   0x000016cc       0xf8 osif_baremetal.o
 .debug_frame   0x000017c4      0x1e4 pins_driver.o
 .debug_frame   0x000019a8       0xa0 pins_port_hw_access.o
 .debug_frame   0x00001a48       0xe0 power_manager.o
 .debug_frame   0x00001b28       0xc8 power_manager_S32K1xx.o
 .debug_frame   0x00001bf0       0x58 power_smc_hw_access.o
 .debug_frame   0x00001c48       0x44 s32k_clock_init.o
 .debug_frame   0x00001c8c       0x34 startup.o
 .debug_frame   0x00001cc0       0x40 system_S32K144.o
 .debug_frame   0x00001d00       0x28 c:/nxp/s32ds_arm_v2018.r1/cross_tools/gcc-arm-none-eabi-4_9/bin/../lib/gcc/arm-none-eabi/4.9.3/armv7e-m/fpu\libgcc.a(_aeabi_uldivmod.o)
 .debug_frame   0x00001d28       0x50 c:/nxp/s32ds_arm_v2018.r1/cross_tools/gcc-arm-none-eabi-4_9/bin/../lib/gcc/arm-none-eabi/4.9.3/armv7e-m/fpu\libgcc.a(bpabi.o)
 .debug_frame   0x00001d78       0x34 c:/nxp/s32ds_arm_v2018.r1/cross_tools/gcc-arm-none-eabi-4_9/bin/../lib/gcc/arm-none-eabi/4.9.3/armv7e-m/fpu\libgcc.a(_divdi3.o)
 .debug_frame   0x00001dac       0x30 c:/nxp/s32ds_arm_v2018.r1/cross_tools/gcc-arm-none-eabi-4_9/bin/../lib/gcc/arm-none-eabi/4.9.3/armv7e-m/fpu\libgcc.a(_udivdi3.o)
 .debug_frame   0x00001ddc       0x34 C:/NXP/S32DS_ARM_v2018.R1/Cross_Tools/gcc-arm-none-eabi-4_9/arm-none-eabi/newlib/lib/armv7e-m/fpu\libc.a(lib_a-memset.o)
 .debug_frame   0x00001e10       0x50 C:/NXP/S32DS_ARM_v2018.R1/Cross_Tools/gcc-arm-none-eabi-4_9/arm-none-eabi/newlib/lib/armv7e-m/fpu\libc.a(lib_a-__call_atexit.o)
 .debug_frame   0x00001e60       0x20 C:/NXP/S32DS_ARM_v2018.R1/Cross_Tools/gcc-arm-none-eabi-4_9/arm-none-eabi/newlib/lib/armv7e-m/fpu\libc.a(lib_a-atexit.o)
 .debug_frame   0x00001e80       0x34 C:/NXP/S32DS_ARM_v2018.R1/Cross_Tools/gcc-arm-none-eabi-4_9/arm-none-eabi/newlib/lib/armv7e-m/fpu\libc.a(lib_a-fini.o)
 .debug_frame   0x00001eb4       0x34 C:/NXP/S32DS_ARM_v2018.R1/Cross_Tools/gcc-arm-none-eabi-4_9/arm-none-eabi/newlib/lib/armv7e-m/fpu\libc.a(lib_a-__atexit.o)
