Archive member included because of file (symbol)

c:/nxp/s32ds_arm_v2018.r1/cross_tools/gcc-arm-none-eabi-4_9/bin/../lib/gcc/arm-none-eabi/4.9.3/armv7e-m/fpu\libgcc.a(_arm_addsubdf3.o)
                              lpuart_hello_world_s32k14x.o (__aeabi_dadd)
c:/nxp/s32ds_arm_v2018.r1/cross_tools/gcc-arm-none-eabi-4_9/bin/../lib/gcc/arm-none-eabi/4.9.3/armv7e-m/fpu\libgcc.a(_arm_cmpdf2.o)
                              lpuart_hello_world_s32k14x.o (__aeabi_dcmpeq)
c:/nxp/s32ds_arm_v2018.r1/cross_tools/gcc-arm-none-eabi-4_9/bin/../lib/gcc/arm-none-eabi/4.9.3/armv7e-m/fpu\libgcc.a(_arm_fixdfsi.o)
                              lpuart_hello_world_s32k14x.o (__aeabi_d2iz)
c:/nxp/s32ds_arm_v2018.r1/cross_tools/gcc-arm-none-eabi-4_9/bin/../lib/gcc/arm-none-eabi/4.9.3/armv7e-m/fpu\libgcc.a(_aeabi_uldivmod.o)
                              lpit_driver.o (__aeabi_uldivmod)
c:/nxp/s32ds_arm_v2018.r1/cross_tools/gcc-arm-none-eabi-4_9/bin/../lib/gcc/arm-none-eabi/4.9.3/armv7e-m/fpu\libgcc.a(bpabi.o)
                              c:/nxp/s32ds_arm_v2018.r1/cross_tools/gcc-arm-none-eabi-4_9/bin/../lib/gcc/arm-none-eabi/4.9.3/armv7e-m/fpu\libgcc.a(_aeabi_uldivmod.o) (__gnu_uldivmod_helper)
c:/nxp/s32ds_arm_v2018.r1/cross_tools/gcc-arm-none-eabi-4_9/bin/../lib/gcc/arm-none-eabi/4.9.3/armv7e-m/fpu\libgcc.a(_dvmd_tls.o)
                              c:/nxp/s32ds_arm_v2018.r1/cross_tools/gcc-arm-none-eabi-4_9/bin/../lib/gcc/arm-none-eabi/4.9.3/armv7e-m/fpu\libgcc.a(_aeabi_uldivmod.o) (__aeabi_ldiv0)
c:/nxp/s32ds_arm_v2018.r1/cross_tools/gcc-arm-none-eabi-4_9/bin/../lib/gcc/arm-none-eabi/4.9.3/armv7e-m/fpu\libgcc.a(_divdi3.o)
                              c:/nxp/s32ds_arm_v2018.r1/cross_tools/gcc-arm-none-eabi-4_9/bin/../lib/gcc/arm-none-eabi/4.9.3/armv7e-m/fpu\libgcc.a(bpabi.o) (__divdi3)
c:/nxp/s32ds_arm_v2018.r1/cross_tools/gcc-arm-none-eabi-4_9/bin/../lib/gcc/arm-none-eabi/4.9.3/armv7e-m/fpu\libgcc.a(_udivdi3.o)
                              c:/nxp/s32ds_arm_v2018.r1/cross_tools/gcc-arm-none-eabi-4_9/bin/../lib/gcc/arm-none-eabi/4.9.3/armv7e-m/fpu\libgcc.a(bpabi.o) (__udivdi3)
C:/NXP/S32DS_ARM_v2018.R1/Cross_Tools/gcc-arm-none-eabi-4_9/arm-none-eabi/newlib/lib/armv7e-m/fpu\libc.a(lib_a-exit.o)
                              C:/NXP/S32DS_ARM_v2018.R1/Cross_Tools/gcc-arm-none-eabi-4_9/arm-none-eabi/newlib/lib/armv7e-m/fpu/crt0.o (exit)
C:/NXP/S32DS_ARM_v2018.R1/Cross_Tools/gcc-arm-none-eabi-4_9/arm-none-eabi/newlib/lib/armv7e-m/fpu\libc.a(lib_a-impure.o)
                              C:/NXP/S32DS_ARM_v2018.R1/Cross_Tools/gcc-arm-none-eabi-4_9/arm-none-eabi/newlib/lib/armv7e-m/fpu\libc.a(lib_a-exit.o) (_global_impure_ptr)
C:/NXP/S32DS_ARM_v2018.R1/Cross_Tools/gcc-arm-none-eabi-4_9/arm-none-eabi/newlib/lib/armv7e-m/fpu\libc.a(lib_a-init.o)
                              C:/NXP/S32DS_ARM_v2018.R1/Cross_Tools/gcc-arm-none-eabi-4_9/arm-none-eabi/newlib/lib/armv7e-m/fpu/crt0.o (__libc_init_array)
C:/NXP/S32DS_ARM_v2018.R1/Cross_Tools/gcc-arm-none-eabi-4_9/arm-none-eabi/newlib/lib/armv7e-m/fpu\libc.a(lib_a-memset.o)
                              C:/NXP/S32DS_ARM_v2018.R1/Cross_Tools/gcc-arm-none-eabi-4_9/arm-none-eabi/newlib/lib/armv7e-m/fpu/crt0.o (memset)
C:/NXP/S32DS_ARM_v2018.R1/Cross_Tools/gcc-arm-none-eabi-4_9/arm-none-eabi/newlib/lib/armv7e-m/fpu\libc.a(lib_a-__call_atexit.o)
                              C:/NXP/S32DS_ARM_v2018.R1/Cross_Tools/gcc-arm-none-eabi-4_9/arm-none-eabi/newlib/lib/armv7e-m/fpu\libc.a(lib_a-exit.o) (__call_exitprocs)
C:/NXP/S32DS_ARM_v2018.R1/Cross_Tools/gcc-arm-none-eabi-4_9/arm-none-eabi/newlib/lib/armv7e-m/fpu\libc.a(lib_a-atexit.o)
                              C:/NXP/S32DS_ARM_v2018.R1/Cross_Tools/gcc-arm-none-eabi-4_9/arm-none-eabi/newlib/lib/armv7e-m/fpu\libc.a(lib_a-__call_atexit.o) (atexit)
C:/NXP/S32DS_ARM_v2018.R1/Cross_Tools/gcc-arm-none-eabi-4_9/arm-none-eabi/newlib/lib/armv7e-m/fpu\libc.a(lib_a-fini.o)
                              C:/NXP/S32DS_ARM_v2018.R1/Cross_Tools/gcc-arm-none-eabi-4_9/arm-none-eabi/newlib/lib/armv7e-m/fpu\libc.a(lib_a-__call_atexit.o) (__libc_fini_array)
C:/NXP/S32DS_ARM_v2018.R1/Cross_Tools/gcc-arm-none-eabi-4_9/arm-none-eabi/newlib/lib/armv7e-m/fpu\libc.a(lib_a-__atexit.o)
                              C:/NXP/S32DS_ARM_v2018.R1/Cross_Tools/gcc-arm-none-eabi-4_9/arm-none-eabi/newlib/lib/armv7e-m/fpu\libc.a(lib_a-atexit.o) (__register_exitproc)
C:/NXP/S32DS_ARM_v2018.R1/Cross_Tools/gcc-arm-none-eabi-4_9/arm-none-eabi/newlib/lib/armv7e-m/fpu\libnosys.a(_exit.o)
                              C:/NXP/S32DS_ARM_v2018.R1/Cross_Tools/gcc-arm-none-eabi-4_9/arm-none-eabi/newlib/lib/armv7e-m/fpu\libc.a(lib_a-exit.o) (_exit)

Allocating common symbols
Common symbol       size              file

lpuart_hello_world_s32k14x_DW
                    0x10              lpuart_hello_world_s32k14x.o
g_xtal0ClkFreq      0x4               clock_S32K1xx.o
lpuart_hello_world_s32k14x_B
                    0x10              lpuart_hello_world_s32k14x.o
g_RtcClkInFreq      0x4               clock_S32K1xx.o
gPowerManagerState  0x10              power_manager_S32K1xx.o
lpuart_hello_world_s32k14x_M_
                    0x4               lpuart_hello_world_s32k14x.o
g_TClkFreq          0xc               clock_S32K1xx.o

Discarded input sections

 .text          0x00000000        0x0 c:/nxp/s32ds_arm_v2018.r1/cross_tools/gcc-arm-none-eabi-4_9/bin/../lib/gcc/arm-none-eabi/4.9.3/armv7e-m/fpu/crti.o
 .data          0x00000000        0x0 c:/nxp/s32ds_arm_v2018.r1/cross_tools/gcc-arm-none-eabi-4_9/bin/../lib/gcc/arm-none-eabi/4.9.3/armv7e-m/fpu/crti.o
 .bss           0x00000000        0x0 c:/nxp/s32ds_arm_v2018.r1/cross_tools/gcc-arm-none-eabi-4_9/bin/../lib/gcc/arm-none-eabi/4.9.3/armv7e-m/fpu/crti.o
 .data          0x00000000        0x4 c:/nxp/s32ds_arm_v2018.r1/cross_tools/gcc-arm-none-eabi-4_9/bin/../lib/gcc/arm-none-eabi/4.9.3/armv7e-m/fpu/crtbegin.o
 .text          0x00000000       0x74 C:/NXP/S32DS_ARM_v2018.R1/Cross_Tools/gcc-arm-none-eabi-4_9/arm-none-eabi/newlib/lib/armv7e-m/fpu/crt0.o
 .data          0x00000000        0x0 C:/NXP/S32DS_ARM_v2018.R1/Cross_Tools/gcc-arm-none-eabi-4_9/arm-none-eabi/newlib/lib/armv7e-m/fpu/crt0.o
 .bss           0x00000000        0x0 C:/NXP/S32DS_ARM_v2018.R1/Cross_Tools/gcc-arm-none-eabi-4_9/arm-none-eabi/newlib/lib/armv7e-m/fpu/crt0.o
 .ARM.extab     0x00000000        0x0 C:/NXP/S32DS_ARM_v2018.R1/Cross_Tools/gcc-arm-none-eabi-4_9/arm-none-eabi/newlib/lib/armv7e-m/fpu/crt0.o
 .ARM.exidx     0x00000000        0x8 C:/NXP/S32DS_ARM_v2018.R1/Cross_Tools/gcc-arm-none-eabi-4_9/arm-none-eabi/newlib/lib/armv7e-m/fpu/crt0.o
 .ARM.attributes
                0x00000000       0x20 C:/NXP/S32DS_ARM_v2018.R1/Cross_Tools/gcc-arm-none-eabi-4_9/arm-none-eabi/newlib/lib/armv7e-m/fpu/crt0.o
 .data          0x00000000        0x0 startup_S32K144.o
 .bss           0x00000000        0x0 startup_S32K144.o
 .data          0x00000000        0x0 edma_driver.o
 .data          0x00000000        0x0 edma_hw_access.o
 .bss           0x00000000        0x0 edma_hw_access.o
 .data          0x00000000        0x0 edma_irq.o
 .bss           0x00000000        0x0 edma_irq.o
 .data          0x00000000        0x0 interrupt_manager.o
 .text          0x00000000       0x90 lin_common.o
 .data          0x00000000        0x0 lin_common.o
 .bss           0x00000000        0x0 lin_common.o
 .debug_info    0x00000000      0x1c9 lin_common.o
 .debug_abbrev  0x00000000      0x114 lin_common.o
 .debug_loc     0x00000000      0x161 lin_common.o
 .debug_aranges
                0x00000000       0x20 lin_common.o
 .debug_line    0x00000000      0x146 lin_common.o
 .debug_str     0x00000000      0x27b lin_common.o
 .comment       0x00000000       0x71 lin_common.o
 .debug_frame   0x00000000       0x3c lin_common.o
 .ARM.attributes
                0x00000000       0x39 lin_common.o
 .text          0x00000000       0xb0 lin_driver.o
 .data          0x00000000        0x0 lin_driver.o
 .bss           0x00000000        0x0 lin_driver.o
 .debug_info    0x00000000      0xb75 lin_driver.o
 .debug_abbrev  0x00000000      0x164 lin_driver.o
 .debug_loc     0x00000000      0x507 lin_driver.o
 .debug_aranges
                0x00000000       0x20 lin_driver.o
 .debug_line    0x00000000      0x19a lin_driver.o
 .debug_str     0x00000000     0x10e8 lin_driver.o
 .comment       0x00000000       0x71 lin_driver.o
 .debug_frame   0x00000000      0x220 lin_driver.o
 .ARM.attributes
                0x00000000       0x39 lin_driver.o
 .text          0x00000000       0x24 lin_irq.o
 .data          0x00000000        0xc lin_irq.o
 .bss           0x00000000        0x0 lin_irq.o
 .debug_info    0x00000000       0xe0 lin_irq.o
 .debug_abbrev  0x00000000       0x7d lin_irq.o
 .debug_aranges
                0x00000000       0x20 lin_irq.o
 .debug_line    0x00000000       0x60 lin_irq.o
 .debug_str     0x00000000      0x252 lin_irq.o
 .comment       0x00000000       0x71 lin_irq.o
 .debug_frame   0x00000000       0x58 lin_irq.o
 .ARM.attributes
                0x00000000       0x39 lin_irq.o
 .text          0x00000000      0xfcc lin_lpuart_driver.o
 .data          0x00000000        0x0 lin_lpuart_driver.o
 .bss           0x00000000       0x37 lin_lpuart_driver.o
 .rodata        0x00000000       0x13 lin_lpuart_driver.o
 .debug_info    0x00000000     0x21de lin_lpuart_driver.o
 .debug_abbrev  0x00000000      0x2e2 lin_lpuart_driver.o
 .debug_loc     0x00000000     0x1715 lin_lpuart_driver.o
 .debug_aranges
                0x00000000       0x20 lin_lpuart_driver.o
 .debug_ranges  0x00000000       0x48 lin_lpuart_driver.o
 .debug_line    0x00000000      0x60b lin_lpuart_driver.o
 .debug_str     0x00000000     0x2366 lin_lpuart_driver.o
 .comment       0x00000000       0x71 lin_lpuart_driver.o
 .debug_frame   0x00000000      0x290 lin_lpuart_driver.o
 .ARM.attributes
                0x00000000       0x39 lin_lpuart_driver.o
 .data          0x00000000        0x0 lpit_driver.o
 .data          0x00000000        0x0 lpuart_driver.o
 .data          0x00000000        0x0 lpuart_hello_world_s32k14x.o
 .text          0x00000000        0x0 lpuart_hello_world_s32k14x_data.o
 .data          0x00000000        0x0 lpuart_hello_world_s32k14x_data.o
 .bss           0x00000000        0x0 lpuart_hello_world_s32k14x_data.o
 .data          0x00000000        0x0 lpuart_hw_access.o
 .bss           0x00000000        0x0 lpuart_hw_access.o
 .bss           0x00000000        0x0 lpuart_irq.o
 .data          0x00000000        0x0 mbd_main.o
 .bss           0x00000000        0x0 mbd_main.o
 .data          0x00000000        0x0 osif_baremetal.o
 .text          0x00000000      0x150 pins_driver.o
 .data          0x00000000        0x0 pins_driver.o
 .bss           0x00000000        0x0 pins_driver.o
 .debug_info    0x00000000     0x12fc pins_driver.o
 .debug_abbrev  0x00000000      0x2a4 pins_driver.o
 .debug_loc     0x00000000      0x31a pins_driver.o
 .debug_aranges
                0x00000000       0x20 pins_driver.o
 .debug_line    0x00000000      0x2c2 pins_driver.o
 .debug_str     0x00000000     0x13b6 pins_driver.o
 .comment       0x00000000       0x71 pins_driver.o
 .debug_frame   0x00000000      0x1e4 pins_driver.o
 .ARM.attributes
                0x00000000       0x39 pins_driver.o
 .data          0x00000000        0x0 pins_port_hw_access.o
 .bss           0x00000000        0x0 pins_port_hw_access.o
 .data          0x00000000        0x0 power_manager.o
 .bss           0x00000000        0x0 power_manager.o
 .data          0x00000000        0x0 power_manager_S32K1xx.o
 .data          0x00000000        0x0 power_smc_hw_access.o
 .bss           0x00000000        0x0 power_smc_hw_access.o
 .data          0x00000000        0x0 s32k_clock_init.o
 .bss           0x00000000        0x0 s32k_clock_init.o
 .data          0x00000000        0x0 startup.o
 .bss           0x00000000        0x0 startup.o
 .bss           0x00000000        0x0 system_S32K144.o
 .data          0x00000000        0x0 c:/nxp/s32ds_arm_v2018.r1/cross_tools/gcc-arm-none-eabi-4_9/bin/../lib/gcc/arm-none-eabi/4.9.3/armv7e-m/fpu\libgcc.a(_arm_addsubdf3.o)
 .bss           0x00000000        0x0 c:/nxp/s32ds_arm_v2018.r1/cross_tools/gcc-arm-none-eabi-4_9/bin/../lib/gcc/arm-none-eabi/4.9.3/armv7e-m/fpu\libgcc.a(_arm_addsubdf3.o)
 .data          0x00000000        0x0 c:/nxp/s32ds_arm_v2018.r1/cross_tools/gcc-arm-none-eabi-4_9/bin/../lib/gcc/arm-none-eabi/4.9.3/armv7e-m/fpu\libgcc.a(_arm_cmpdf2.o)
 .bss           0x00000000        0x0 c:/nxp/s32ds_arm_v2018.r1/cross_tools/gcc-arm-none-eabi-4_9/bin/../lib/gcc/arm-none-eabi/4.9.3/armv7e-m/fpu\libgcc.a(_arm_cmpdf2.o)
 .data          0x00000000        0x0 c:/nxp/s32ds_arm_v2018.r1/cross_tools/gcc-arm-none-eabi-4_9/bin/../lib/gcc/arm-none-eabi/4.9.3/armv7e-m/fpu\libgcc.a(_arm_fixdfsi.o)
 .bss           0x00000000        0x0 c:/nxp/s32ds_arm_v2018.r1/cross_tools/gcc-arm-none-eabi-4_9/bin/../lib/gcc/arm-none-eabi/4.9.3/armv7e-m/fpu\libgcc.a(_arm_fixdfsi.o)
 .data          0x00000000        0x0 c:/nxp/s32ds_arm_v2018.r1/cross_tools/gcc-arm-none-eabi-4_9/bin/../lib/gcc/arm-none-eabi/4.9.3/armv7e-m/fpu\libgcc.a(_aeabi_uldivmod.o)
 .bss           0x00000000        0x0 c:/nxp/s32ds_arm_v2018.r1/cross_tools/gcc-arm-none-eabi-4_9/bin/../lib/gcc/arm-none-eabi/4.9.3/armv7e-m/fpu\libgcc.a(_aeabi_uldivmod.o)
 .data          0x00000000        0x0 c:/nxp/s32ds_arm_v2018.r1/cross_tools/gcc-arm-none-eabi-4_9/bin/../lib/gcc/arm-none-eabi/4.9.3/armv7e-m/fpu\libgcc.a(bpabi.o)
 .bss           0x00000000        0x0 c:/nxp/s32ds_arm_v2018.r1/cross_tools/gcc-arm-none-eabi-4_9/bin/../lib/gcc/arm-none-eabi/4.9.3/armv7e-m/fpu\libgcc.a(bpabi.o)
 .data          0x00000000        0x0 c:/nxp/s32ds_arm_v2018.r1/cross_tools/gcc-arm-none-eabi-4_9/bin/../lib/gcc/arm-none-eabi/4.9.3/armv7e-m/fpu\libgcc.a(_dvmd_tls.o)
 .bss           0x00000000        0x0 c:/nxp/s32ds_arm_v2018.r1/cross_tools/gcc-arm-none-eabi-4_9/bin/../lib/gcc/arm-none-eabi/4.9.3/armv7e-m/fpu\libgcc.a(_dvmd_tls.o)
 .data          0x00000000        0x0 c:/nxp/s32ds_arm_v2018.r1/cross_tools/gcc-arm-none-eabi-4_9/bin/../lib/gcc/arm-none-eabi/4.9.3/armv7e-m/fpu\libgcc.a(_divdi3.o)
 .bss           0x00000000        0x0 c:/nxp/s32ds_arm_v2018.r1/cross_tools/gcc-arm-none-eabi-4_9/bin/../lib/gcc/arm-none-eabi/4.9.3/armv7e-m/fpu\libgcc.a(_divdi3.o)
 .ARM.extab     0x00000000        0x0 c:/nxp/s32ds_arm_v2018.r1/cross_tools/gcc-arm-none-eabi-4_9/bin/../lib/gcc/arm-none-eabi/4.9.3/armv7e-m/fpu\libgcc.a(_divdi3.o)
 .data          0x00000000        0x0 c:/nxp/s32ds_arm_v2018.r1/cross_tools/gcc-arm-none-eabi-4_9/bin/../lib/gcc/arm-none-eabi/4.9.3/armv7e-m/fpu\libgcc.a(_udivdi3.o)
 .bss           0x00000000        0x0 c:/nxp/s32ds_arm_v2018.r1/cross_tools/gcc-arm-none-eabi-4_9/bin/../lib/gcc/arm-none-eabi/4.9.3/armv7e-m/fpu\libgcc.a(_udivdi3.o)
 .ARM.extab     0x00000000        0x0 c:/nxp/s32ds_arm_v2018.r1/cross_tools/gcc-arm-none-eabi-4_9/bin/../lib/gcc/arm-none-eabi/4.9.3/armv7e-m/fpu\libgcc.a(_udivdi3.o)
 .text          0x00000000        0x0 C:/NXP/S32DS_ARM_v2018.R1/Cross_Tools/gcc-arm-none-eabi-4_9/arm-none-eabi/newlib/lib/armv7e-m/fpu\libc.a(lib_a-exit.o)
 .data          0x00000000        0x0 C:/NXP/S32DS_ARM_v2018.R1/Cross_Tools/gcc-arm-none-eabi-4_9/arm-none-eabi/newlib/lib/armv7e-m/fpu\libc.a(lib_a-exit.o)
 .bss           0x00000000        0x0 C:/NXP/S32DS_ARM_v2018.R1/Cross_Tools/gcc-arm-none-eabi-4_9/arm-none-eabi/newlib/lib/armv7e-m/fpu\libc.a(lib_a-exit.o)
 .text.exit     0x00000000       0x20 C:/NXP/S32DS_ARM_v2018.R1/Cross_Tools/gcc-arm-none-eabi-4_9/arm-none-eabi/newlib/lib/armv7e-m/fpu\libc.a(lib_a-exit.o)
 .debug_frame   0x00000000       0x28 C:/NXP/S32DS_ARM_v2018.R1/Cross_Tools/gcc-arm-none-eabi-4_9/arm-none-eabi/newlib/lib/armv7e-m/fpu\libc.a(lib_a-exit.o)
 .ARM.attributes
                0x00000000       0x34 C:/NXP/S32DS_ARM_v2018.R1/Cross_Tools/gcc-arm-none-eabi-4_9/arm-none-eabi/newlib/lib/armv7e-m/fpu\libc.a(lib_a-exit.o)
 .text          0x00000000        0x0 C:/NXP/S32DS_ARM_v2018.R1/Cross_Tools/gcc-arm-none-eabi-4_9/arm-none-eabi/newlib/lib/armv7e-m/fpu\libc.a(lib_a-impure.o)
 .data          0x00000000        0x0 C:/NXP/S32DS_ARM_v2018.R1/Cross_Tools/gcc-arm-none-eabi-4_9/arm-none-eabi/newlib/lib/armv7e-m/fpu\libc.a(lib_a-impure.o)
 .bss           0x00000000        0x0 C:/NXP/S32DS_ARM_v2018.R1/Cross_Tools/gcc-arm-none-eabi-4_9/arm-none-eabi/newlib/lib/armv7e-m/fpu\libc.a(lib_a-impure.o)
 .data._impure_ptr
                0x00000000        0x4 C:/NXP/S32DS_ARM_v2018.R1/Cross_Tools/gcc-arm-none-eabi-4_9/arm-none-eabi/newlib/lib/armv7e-m/fpu\libc.a(lib_a-impure.o)
 .text          0x00000000        0x0 C:/NXP/S32DS_ARM_v2018.R1/Cross_Tools/gcc-arm-none-eabi-4_9/arm-none-eabi/newlib/lib/armv7e-m/fpu\libc.a(lib_a-init.o)
 .data          0x00000000        0x0 C:/NXP/S32DS_ARM_v2018.R1/Cross_Tools/gcc-arm-none-eabi-4_9/arm-none-eabi/newlib/lib/armv7e-m/fpu\libc.a(lib_a-init.o)
 .bss           0x00000000        0x0 C:/NXP/S32DS_ARM_v2018.R1/Cross_Tools/gcc-arm-none-eabi-4_9/arm-none-eabi/newlib/lib/armv7e-m/fpu\libc.a(lib_a-init.o)
 .text.__libc_init_array
                0x00000000       0x50 C:/NXP/S32DS_ARM_v2018.R1/Cross_Tools/gcc-arm-none-eabi-4_9/arm-none-eabi/newlib/lib/armv7e-m/fpu\libc.a(lib_a-init.o)
 .debug_frame   0x00000000       0x2c C:/NXP/S32DS_ARM_v2018.R1/Cross_Tools/gcc-arm-none-eabi-4_9/arm-none-eabi/newlib/lib/armv7e-m/fpu\libc.a(lib_a-init.o)
 .ARM.attributes
                0x00000000       0x34 C:/NXP/S32DS_ARM_v2018.R1/Cross_Tools/gcc-arm-none-eabi-4_9/arm-none-eabi/newlib/lib/armv7e-m/fpu\libc.a(lib_a-init.o)
 .text          0x00000000        0x0 C:/NXP/S32DS_ARM_v2018.R1/Cross_Tools/gcc-arm-none-eabi-4_9/arm-none-eabi/newlib/lib/armv7e-m/fpu\libc.a(lib_a-memset.o)
 .data          0x00000000        0x0 C:/NXP/S32DS_ARM_v2018.R1/Cross_Tools/gcc-arm-none-eabi-4_9/arm-none-eabi/newlib/lib/armv7e-m/fpu\libc.a(lib_a-memset.o)
 .bss           0x00000000        0x0 C:/NXP/S32DS_ARM_v2018.R1/Cross_Tools/gcc-arm-none-eabi-4_9/arm-none-eabi/newlib/lib/armv7e-m/fpu\libc.a(lib_a-memset.o)
 .text          0x00000000        0x0 C:/NXP/S32DS_ARM_v2018.R1/Cross_Tools/gcc-arm-none-eabi-4_9/arm-none-eabi/newlib/lib/armv7e-m/fpu\libc.a(lib_a-__call_atexit.o)
 .data          0x00000000        0x0 C:/NXP/S32DS_ARM_v2018.R1/Cross_Tools/gcc-arm-none-eabi-4_9/arm-none-eabi/newlib/lib/armv7e-m/fpu\libc.a(lib_a-__call_atexit.o)
 .bss           0x00000000        0x0 C:/NXP/S32DS_ARM_v2018.R1/Cross_Tools/gcc-arm-none-eabi-4_9/arm-none-eabi/newlib/lib/armv7e-m/fpu\libc.a(lib_a-__call_atexit.o)
 .text.__call_exitprocs
                0x00000000       0xd4 C:/NXP/S32DS_ARM_v2018.R1/Cross_Tools/gcc-arm-none-eabi-4_9/arm-none-eabi/newlib/lib/armv7e-m/fpu\libc.a(lib_a-__call_atexit.o)
 .text          0x00000000        0x0 C:/NXP/S32DS_ARM_v2018.R1/Cross_Tools/gcc-arm-none-eabi-4_9/arm-none-eabi/newlib/lib/armv7e-m/fpu\libc.a(lib_a-atexit.o)
 .data          0x00000000        0x0 C:/NXP/S32DS_ARM_v2018.R1/Cross_Tools/gcc-arm-none-eabi-4_9/arm-none-eabi/newlib/lib/armv7e-m/fpu\libc.a(lib_a-atexit.o)
 .bss           0x00000000        0x0 C:/NXP/S32DS_ARM_v2018.R1/Cross_Tools/gcc-arm-none-eabi-4_9/arm-none-eabi/newlib/lib/armv7e-m/fpu\libc.a(lib_a-atexit.o)
 .text          0x00000000        0x0 C:/NXP/S32DS_ARM_v2018.R1/Cross_Tools/gcc-arm-none-eabi-4_9/arm-none-eabi/newlib/lib/armv7e-m/fpu\libc.a(lib_a-fini.o)
 .data          0x00000000        0x0 C:/NXP/S32DS_ARM_v2018.R1/Cross_Tools/gcc-arm-none-eabi-4_9/arm-none-eabi/newlib/lib/armv7e-m/fpu\libc.a(lib_a-fini.o)
 .bss           0x00000000        0x0 C:/NXP/S32DS_ARM_v2018.R1/Cross_Tools/gcc-arm-none-eabi-4_9/arm-none-eabi/newlib/lib/armv7e-m/fpu\libc.a(lib_a-fini.o)
 .text          0x00000000        0x0 C:/NXP/S32DS_ARM_v2018.R1/Cross_Tools/gcc-arm-none-eabi-4_9/arm-none-eabi/newlib/lib/armv7e-m/fpu\libc.a(lib_a-__atexit.o)
 .data          0x00000000        0x0 C:/NXP/S32DS_ARM_v2018.R1/Cross_Tools/gcc-arm-none-eabi-4_9/arm-none-eabi/newlib/lib/armv7e-m/fpu\libc.a(lib_a-__atexit.o)
 .bss           0x00000000        0x0 C:/NXP/S32DS_ARM_v2018.R1/Cross_Tools/gcc-arm-none-eabi-4_9/arm-none-eabi/newlib/lib/armv7e-m/fpu\libc.a(lib_a-__atexit.o)
 .text          0x00000000        0x0 C:/NXP/S32DS_ARM_v2018.R1/Cross_Tools/gcc-arm-none-eabi-4_9/arm-none-eabi/newlib/lib/armv7e-m/fpu\libnosys.a(_exit.o)
 .data          0x00000000        0x0 C:/NXP/S32DS_ARM_v2018.R1/Cross_Tools/gcc-arm-none-eabi-4_9/arm-none-eabi/newlib/lib/armv7e-m/fpu\libnosys.a(_exit.o)
 .bss           0x00000000        0x0 C:/NXP/S32DS_ARM_v2018.R1/Cross_Tools/gcc-arm-none-eabi-4_9/arm-none-eabi/newlib/lib/armv7e-m/fpu\libnosys.a(_exit.o)
 .text._exit    0x00000000        0x4 C:/NXP/S32DS_ARM_v2018.R1/Cross_Tools/gcc-arm-none-eabi-4_9/arm-none-eabi/newlib/lib/armv7e-m/fpu\libnosys.a(_exit.o)
 .debug_frame   0x00000000       0x20 C:/NXP/S32DS_ARM_v2018.R1/Cross_Tools/gcc-arm-none-eabi-4_9/arm-none-eabi/newlib/lib/armv7e-m/fpu\libnosys.a(_exit.o)
 .ARM.attributes
                0x00000000       0x34 C:/NXP/S32DS_ARM_v2018.R1/Cross_Tools/gcc-arm-none-eabi-4_9/arm-none-eabi/newlib/lib/armv7e-m/fpu\libnosys.a(_exit.o)
 .text          0x00000000        0x0 c:/nxp/s32ds_arm_v2018.r1/cross_tools/gcc-arm-none-eabi-4_9/bin/../lib/gcc/arm-none-eabi/4.9.3/armv7e-m/fpu/crtend.o
 .data          0x00000000        0x0 c:/nxp/s32ds_arm_v2018.r1/cross_tools/gcc-arm-none-eabi-4_9/bin/../lib/gcc/arm-none-eabi/4.9.3/armv7e-m/fpu/crtend.o
 .bss           0x00000000        0x0 c:/nxp/s32ds_arm_v2018.r1/cross_tools/gcc-arm-none-eabi-4_9/bin/../lib/gcc/arm-none-eabi/4.9.3/armv7e-m/fpu/crtend.o
 .eh_frame      0x00000000        0x4 c:/nxp/s32ds_arm_v2018.r1/cross_tools/gcc-arm-none-eabi-4_9/bin/../lib/gcc/arm-none-eabi/4.9.3/armv7e-m/fpu/crtend.o
 .text          0x00000000        0x0 c:/nxp/s32ds_arm_v2018.r1/cross_tools/gcc-arm-none-eabi-4_9/bin/../lib/gcc/arm-none-eabi/4.9.3/armv7e-m/fpu/crtn.o
 .data          0x00000000        0x0 c:/nxp/s32ds_arm_v2018.r1/cross_tools/gcc-arm-none-eabi-4_9/bin/../lib/gcc/arm-none-eabi/4.9.3/armv7e-m/fpu/crtn.o
 .bss           0x00000000        0x0 c:/nxp/s32ds_arm_v2018.r1/cross_tools/gcc-arm-none-eabi-4_9/bin/../lib/gcc/arm-none-eabi/4.9.3/armv7e-m/fpu/crtn.o

Memory Configuration

Name             Origin             Length             Attributes
m_interrupts     0x00000000         0x00000400         xr
m_flash_config   0x00000400         0x00000010         xr
m_text           0x00000410         0x0007fbf0         xr
m_data           0x1fff8000         0x00008000         rw
m_data_2         0x20000000         0x00007000         rw
*default*        0x00000000         0xffffffff

Linker script and memory map

LOAD c:/nxp/s32ds_arm_v2018.r1/cross_tools/gcc-arm-none-eabi-4_9/bin/../lib/gcc/arm-none-eabi/4.9.3/armv7e-m/fpu/crti.o
LOAD c:/nxp/s32ds_arm_v2018.r1/cross_tools/gcc-arm-none-eabi-4_9/bin/../lib/gcc/arm-none-eabi/4.9.3/armv7e-m/fpu/crtbegin.o
LOAD C:/NXP/S32DS_ARM_v2018.R1/Cross_Tools/gcc-arm-none-eabi-4_9/arm-none-eabi/newlib/lib/armv7e-m/fpu/crt0.o
                0x00000001                __ram_vector_table__ = 0x1
LOAD startup_S32K144.o
LOAD clock_S32K1xx.o
LOAD edma_driver.o
LOAD edma_hw_access.o
LOAD edma_irq.o
LOAD interrupt_manager.o
LOAD lin_common.o
LOAD lin_driver.o
LOAD lin_irq.o
LOAD lin_lpuart_driver.o
LOAD lpit_driver.o
LOAD lpuart_driver.o
LOAD lpuart_hello_world_s32k14x.o
LOAD lpuart_hello_world_s32k14x_data.o
LOAD lpuart_hw_access.o
LOAD lpuart_irq.o
LOAD mbd_main.o
LOAD osif_baremetal.o
LOAD pins_driver.o
LOAD pins_port_hw_access.o
LOAD power_manager.o
LOAD power_manager_S32K1xx.o
LOAD power_smc_hw_access.o
LOAD s32k_clock_init.o
LOAD startup.o
LOAD system_S32K144.o
LOAD C:/NXP/S32DS_ARM_v2018.R1/Cross_Tools/gcc-arm-none-eabi-4_9/arm-none-eabi/newlib/lib/armv7e-m/fpu\libm.a
LOAD S32K14x_AMMCLIB.a
START GROUP
LOAD c:/nxp/s32ds_arm_v2018.r1/cross_tools/gcc-arm-none-eabi-4_9/bin/../lib/gcc/arm-none-eabi/4.9.3/armv7e-m/fpu\libgcc.a
LOAD C:/NXP/S32DS_ARM_v2018.R1/Cross_Tools/gcc-arm-none-eabi-4_9/arm-none-eabi/newlib/lib/armv7e-m/fpu\libc.a
END GROUP
START GROUP
LOAD c:/nxp/s32ds_arm_v2018.r1/cross_tools/gcc-arm-none-eabi-4_9/bin/../lib/gcc/arm-none-eabi/4.9.3/armv7e-m/fpu\libgcc.a
LOAD C:/NXP/S32DS_ARM_v2018.R1/Cross_Tools/gcc-arm-none-eabi-4_9/arm-none-eabi/newlib/lib/armv7e-m/fpu\libc.a
LOAD C:/NXP/S32DS_ARM_v2018.R1/Cross_Tools/gcc-arm-none-eabi-4_9/arm-none-eabi/newlib/lib/armv7e-m/fpu\libnosys.a
END GROUP
LOAD c:/nxp/s32ds_arm_v2018.r1/cross_tools/gcc-arm-none-eabi-4_9/bin/../lib/gcc/arm-none-eabi/4.9.3/armv7e-m/fpu/crtend.o
LOAD c:/nxp/s32ds_arm_v2018.r1/cross_tools/gcc-arm-none-eabi-4_9/bin/../lib/gcc/arm-none-eabi/4.9.3/armv7e-m/fpu/crtn.o
                0x00000400                HEAP_SIZE = DEFINED (__heap_size__)?__heap_size__:0x400
                0x00000400                STACK_SIZE = DEFINED (__stack_size__)?__stack_size__:0x400
                0x00000400                M_VECTOR_RAM_SIZE = DEFINED (__flash_vector_table__)?0x0:0x400

.interrupts     0x00000000      0x400
                0x00000000                __VECTOR_TABLE = .
                0x00000000                __interrupts_start__ = .
                0x00000000                . = ALIGN (0x4)
 *(.isr_vector)
 .isr_vector    0x00000000      0x400 startup_S32K144.o
                0x00000000                __isr_vector
                0x00000400                __interrupts_end__ = .
                0x00000400                . = ALIGN (0x4)

.flash_config   0x00000400       0x10
                0x00000400                . = ALIGN (0x4)
 *(.FlashConfig)
 .FlashConfig   0x00000400       0x10 startup_S32K144.o
                0x00000410                . = ALIGN (0x4)

.text           0x00000410     0x6364
                0x00000410                . = ALIGN (0x4)
 *(.text)
 .text          0x00000410       0x5c c:/nxp/s32ds_arm_v2018.r1/cross_tools/gcc-arm-none-eabi-4_9/bin/../lib/gcc/arm-none-eabi/4.9.3/armv7e-m/fpu/crtbegin.o
 .text          0x0000046c       0x60 startup_S32K144.o
                0x0000046c                Reset_Handler
                0x000004c8                DebugMon_Handler
                0x000004c8                Reserved88_IRQHandler
                0x000004c8                CAN0_ORed_IRQHandler
                0x000004c8                HardFault_Handler
                0x000004c8                Reserved86_IRQHandler
                0x000004c8                Reserved103_IRQHandler
                0x000004c8                FTM2_Ovf_Reload_IRQHandler
                0x000004c8                Reserved50_IRQHandler
                0x000004c8                FTFC_Fault_IRQHandler
                0x000004c8                FTM0_Ch6_Ch7_IRQHandler
                0x000004c8                Reserved114_IRQHandler
                0x000004c8                PendSV_Handler
                0x000004c8                NMI_Handler
                0x000004c8                Reserved89_IRQHandler
                0x000004c8                ERM_double_fault_IRQHandler
                0x000004c8                Reserved59_IRQHandler
                0x000004c8                Reserved99_IRQHandler
                0x000004c8                FTM3_Ch6_Ch7_IRQHandler
                0x000004c8                CAN2_ORed_0_15_MB_IRQHandler
                0x000004c8                LPIT0_Ch3_IRQHandler
                0x000004c8                Reserved92_IRQHandler
                0x000004c8                FTM0_Ch4_Ch5_IRQHandler
                0x000004c8                CAN1_Error_IRQHandler
                0x000004c8                FTM3_Ch0_Ch1_IRQHandler
                0x000004c8                SWI_IRQHandler
                0x000004c8                ADC0_IRQHandler
                0x000004c8                FTM2_Ch4_Ch5_IRQHandler
                0x000004c8                UsageFault_Handler
                0x000004c8                FTM0_Ovf_Reload_IRQHandler
                0x000004c8                DefaultISR
                0x000004c8                Reserved58_IRQHandler
                0x000004c8                CAN1_ORed_0_15_MB_IRQHandler
                0x000004c8                FTM1_Ch2_Ch3_IRQHandler
                0x000004c8                Reserved82_IRQHandler
                0x000004c8                CAN0_ORed_16_31_MB_IRQHandler
                0x000004c8                LPI2C0_Slave_IRQHandler
                0x000004c8                Reserved71_IRQHandler
                0x000004c8                PORTD_IRQHandler
                0x000004c8                Reserved69_IRQHandler
                0x000004c8                PORTB_IRQHandler
                0x000004c8                Reserved70_IRQHandler
                0x000004c8                ADC1_IRQHandler
                0x000004c8                FTM2_Ch2_Ch3_IRQHandler
                0x000004c8                Reserved53_IRQHandler
                0x000004c8                RTC_IRQHandler
                0x000004c8                PDB0_IRQHandler
                0x000004c8                Reserved54_IRQHandler
                0x000004c8                FTM2_Ch6_Ch7_IRQHandler
                0x000004c8                FTM3_Ch2_Ch3_IRQHandler
                0x000004c8                FTM2_Ch0_Ch1_IRQHandler
                0x000004c8                LPSPI1_IRQHandler
                0x000004c8                LPUART1_RxTx_IRQHandler
                0x000004c8                RTC_Seconds_IRQHandler
                0x000004c8                CAN2_ORed_IRQHandler
                0x000004c8                Reserved72_IRQHandler
                0x000004c8                Reserved110_IRQHandler
                0x000004c8                Reserved107_IRQHandler
                0x000004c8                Read_Collision_IRQHandler
                0x000004c8                CAN2_Error_IRQHandler
                0x000004c8                FTFC_IRQHandler
                0x000004c8                FTM1_Ch6_Ch7_IRQHandler
                0x000004c8                Reserved105_IRQHandler
                0x000004c8                LPIT0_Ch1_IRQHandler
                0x000004c8                FTM1_Ch4_Ch5_IRQHandler
                0x000004c8                FTM3_Ovf_Reload_IRQHandler
                0x000004c8                LPUART2_RxTx_IRQHandler
                0x000004c8                LPSPI0_IRQHandler
                0x000004c8                WDOG_EWM_IRQHandler
                0x000004c8                MemManage_Handler
                0x000004c8                Reserved90_IRQHandler
                0x000004c8                Reserved83_IRQHandler
                0x000004c8                FTM0_Fault_IRQHandler
                0x000004c8                Reserved48_IRQHandler
                0x000004c8                SVC_Handler
                0x000004c8                ERM_single_fault_IRQHandler
                0x000004c8                FTM2_Fault_IRQHandler
                0x000004c8                FTM0_Ch2_Ch3_IRQHandler
                0x000004c8                FTM0_Ch0_Ch1_IRQHandler
                0x000004c8                FTM3_Fault_IRQHandler
                0x000004c8                RCM_IRQHandler
                0x000004c8                Reserved100_IRQHandler
                0x000004c8                Reserved91_IRQHandler
                0x000004c8                CAN1_ORed_IRQHandler
                0x000004c8                SCG_IRQHandler
                0x000004c8                PDB1_IRQHandler
                0x000004c8                Reserved81_IRQHandler
                0x000004c8                Reserved46_IRQHandler
                0x000004c8                Reserved45_IRQHandler
                0x000004c8                CAN0_Error_IRQHandler
                0x000004c8                Reserved112_IRQHandler
                0x000004c8                LPI2C0_Master_IRQHandler
                0x000004c8                FTM1_Fault_IRQHandler
                0x000004c8                Reserved106_IRQHandler
                0x000004c8                LVD_LVW_IRQHandler
                0x000004c8                LPIT0_Ch2_IRQHandler
                0x000004c8                PORTA_IRQHandler
                0x000004c8                MCM_IRQHandler
                0x000004c8                LPSPI2_IRQHandler
                0x000004c8                FTM3_Ch4_Ch5_IRQHandler
                0x000004c8                CAN0_ORed_0_15_MB_IRQHandler
                0x000004c8                PORTE_IRQHandler
                0x000004c8                LPUART0_RxTx_IRQHandler
                0x000004c8                LPTMR0_IRQHandler
                0x000004c8                BusFault_Handler
                0x000004c8                Reserved87_IRQHandler
                0x000004c8                FTM1_Ovf_Reload_IRQHandler
                0x000004c8                Reserved93_IRQHandler
                0x000004c8                CAN0_Wake_Up_IRQHandler
                0x000004c8                CMP0_IRQHandler
                0x000004c8                Reserved52_IRQHandler
                0x000004c8                PORTC_IRQHandler
                0x000004c8                FTM1_Ch0_Ch1_IRQHandler
                0x000004c8                FLEXIO_IRQHandler
                0x000004c8                Reserved113_IRQHandler
 .text          0x000004cc     0x1b98 clock_S32K1xx.o
                0x0000104c                CLOCK_DRV_Init
                0x000015e0                CLOCK_DRV_GetFreq
                0x00001998                CLOCK_DRV_SetModuleClock
                0x00001b10                CLOCK_DRV_SetSystemClock
                0x00001c20                CLOCK_DRV_GetSystemClockSource
                0x00001c7c                CLOCK_DRV_SetClockSource
                0x00001f30                CLOCK_SYS_Init
                0x00001f4c                CLOCK_SYS_UpdateConfiguration
                0x0000202c                CLOCK_SYS_GetCurrentConfiguration
                0x00002038                CLOCK_SYS_GetErrorCallback
                0x00002054                CLOCK_SYS_GetFreq
                0x0000205c                CLOCK_SYS_SetConfiguration
 .text          0x00002064      0xa70 edma_driver.o
                0x00002074                EDMA_DRV_InstallCallback
                0x00002094                EDMA_DRV_ReleaseChannel
                0x000020c8                EDMA_DRV_Deinit
                0x00002110                EDMA_DRV_IRQHandler
                0x0000213c                EDMA_DRV_ErrorIRQHandler
                0x00002178                EDMA_DRV_ConfigSingleBlockTransfer
                0x000022a0                EDMA_DRV_ConfigMultiBlockTransfer
                0x000022fc                EDMA_DRV_StartChannel
                0x00002314                EDMA_DRV_StopChannel
                0x0000232c                EDMA_DRV_SetChannelRequestAndTrigger
                0x00002370                EDMA_DRV_ChannelInit
                0x0000240c                EDMA_DRV_Init
                0x000024c4                EDMA_DRV_ClearTCD
                0x000024d8                EDMA_DRV_SetSrcAddr
                0x000024ec                EDMA_DRV_SetSrcOffset
                0x00002500                EDMA_DRV_SetSrcReadChunkSize
                0x00002528                EDMA_DRV_SetSrcLastAddrAdjustment
                0x00002538                EDMA_DRV_SetDestLastAddrAdjustment
                0x00002550                EDMA_DRV_SetDestAddr
                0x00002568                EDMA_DRV_SetDestOffset
                0x0000257c                EDMA_DRV_SetDestWriteChunkSize
                0x000025a0                EDMA_DRV_SetMinorLoopBlockSize
                0x000025b4                EDMA_DRV_SetMajorLoopIterationCount
                0x000025c8                EDMA_DRV_GetRemainingMajorIterationsCount
                0x000025dc                EDMA_DRV_SetScatterGatherLink
                0x000025f0                EDMA_DRV_DisableRequestsOnTransferComplete
                0x00002618                EDMA_DRV_ConfigureInterrupt
                0x00002678                EDMA_DRV_CancelTransfer
                0x00002690                EDMA_DRV_TriggerSwRequest
                0x000026a0                EDMA_DRV_PushConfigToSTCD
                0x0000272c                EDMA_DRV_PushConfigToReg
                0x00002900                EDMA_DRV_ConfigLoopTransfer
                0x00002928                EDMA_DRV_ConfigScatterGatherTransfer
                0x00002abc                EDMA_DRV_GetChannelStatus
                0x00002acc                EDMA_DRV_GetDmaRegBaseAddr
 .text          0x00002ad4      0x290 edma_hw_access.o
                0x00002ad4                EDMA_CancelTransfer
                0x00002ae8                EDMA_CancelTransferWithError
                0x00002afc                EDMA_SetErrorIntCmd
                0x00002b08                EDMA_SetDmaRequestCmd
                0x00002b14                EDMA_TCDClearReg
                0x00002b50                EDMA_Init
                0x00002b74                EDMA_TCDSetAttribute
                0x00002ba4                EDMA_TCDSetNbytes
                0x00002c00                EDMA_TCDSetMinorLoopOffset
                0x00002c44                EDMA_TCDSetScatterGatherLink
                0x00002c50                EDMA_TCDSetChannelMinorLink
                0x00002cc0                EDMA_TCDSetMajorCount
                0x00002d20                EDMA_TCDGetCurrentMajorCount
                0x00002d54                DMAMUX_Init
 .text          0x00002d64       0xe4 edma_irq.o
                0x00002d64                DMA0_IRQHandler
                0x00002d70                DMA1_IRQHandler
                0x00002d7c                DMA2_IRQHandler
                0x00002d88                DMA3_IRQHandler
                0x00002d94                DMA4_IRQHandler
                0x00002da0                DMA5_IRQHandler
                0x00002dac                DMA6_IRQHandler
                0x00002db8                DMA7_IRQHandler
                0x00002dc4                DMA8_IRQHandler
                0x00002dd0                DMA9_IRQHandler
                0x00002ddc                DMA10_IRQHandler
                0x00002de8                DMA11_IRQHandler
                0x00002df4                DMA12_IRQHandler
                0x00002e00                DMA13_IRQHandler
                0x00002e0c                DMA14_IRQHandler
                0x00002e18                DMA15_IRQHandler
                0x00002e24                DMA_Error_IRQHandler
 .text          0x00002e48      0x194 interrupt_manager.o
                0x00002e48                INT_SYS_InstallHandler
                0x00002e78                INT_SYS_EnableIRQ
                0x00002e90                INT_SYS_DisableIRQ
                0x00002ea8                INT_SYS_EnableIRQGlobal
                0x00002ec4                INT_SYS_DisableIRQGlobal
                0x00002ed4                INT_SYS_SetPriority
                0x00002f30                INT_SYS_GetPriority
                0x00002f74                INT_SYS_ClearPending
                0x00002f8c                INT_SYS_SetPending
                0x00002fa4                INT_SYS_GetPending
                0x00002fc0                INT_SYS_GetActive
 .text          0x00002fdc      0x658 lpit_driver.o
                0x00002fdc                LPIT_DRV_GetDefaultConfig
                0x00002fe4                LPIT_DRV_GetDefaultChanConfig
                0x00003004                LPIT_DRV_Init
                0x000030b0                LPIT_DRV_Deinit
                0x000030c0                LPIT_DRV_StartTimerChannels
                0x000030d0                LPIT_DRV_StopTimerChannels
                0x000030e0                LPIT_DRV_SetTimerPeriodByUs
                0x0000318c                LPIT_DRV_InitChannel
                0x00003310                LPIT_DRV_SetTimerPeriodInDual16ModeByUs
                0x00003398                LPIT_DRV_GetTimerPeriodByUs
                0x000034a8                LPIT_DRV_GetCurrentTimerUs
                0x00003590                LPIT_DRV_SetTimerPeriodByCount
                0x000035a0                LPIT_DRV_SetTimerPeriodInDual16ModeByCount
                0x000035b4                LPIT_DRV_GetTimerPeriodByCount
                0x000035d8                LPIT_DRV_GetCurrentTimerCount
                0x000035fc                LPIT_DRV_EnableTimerChannelInterrupt
                0x0000360c                LPIT_DRV_DisableTimerChannelInterrupt
                0x0000361c                LPIT_DRV_GetInterruptFlagTimerChannels
                0x00003628                LPIT_DRV_ClearInterruptFlagTimerChannels
 .text          0x00003634      0xdf8 lpuart_driver.o
                0x00003b48                LPUART_DRV_GetDefaultConfig
                0x00003b60                LPUART_DRV_Deinit
                0x00003bd0                LPUART_DRV_InstallRxCallback
                0x00003be4                LPUART_DRV_InstallTxCallback
                0x00003bf8                LPUART_DRV_SendDataBlocking
                0x00003c54                LPUART_DRV_SendDataPolling
                0x00003cdc                LPUART_DRV_SendData
                0x00003d00                LPUART_DRV_GetTransmitStatus
                0x00003d3c                LPUART_DRV_AbortSendingData
                0x00003d6c                LPUART_DRV_ReceiveDataBlocking
                0x00003dc8                LPUART_DRV_ReceiveDataPolling
                0x00003f14                LPUART_DRV_ReceiveData
                0x00003f38                LPUART_DRV_GetReceiveStatus
                0x00003f74                LPUART_DRV_AbortReceivingData
                0x00003fa4                LPUART_DRV_SetBaudRate
                0x00004078                LPUART_DRV_Init
                0x00004158                LPUART_DRV_GetBaudRate
                0x00004190                LPUART_DRV_SetTxBuffer
                0x000041a4                LPUART_DRV_SetRxBuffer
                0x000041b8                LPUART_DRV_IRQHandler
 .text          0x0000442c      0x274 lpuart_hello_world_s32k14x.o
                0x0000442c                lpuart_hello_world_s32k14x_TX
                0x00004444                lpuart_hello_world_s32k14x_step
                0x00004558                lpuart_hello_world_s32k14x_initialize
                0x0000469c                lpuart_hello_world_s32k14x_terminate
 .text          0x000046a0      0x354 lpuart_hw_access.o
                0x000046a0                LPUART_Init
                0x000046c4                LPUART_SetBitCountPerChar
                0x000046f4                LPUART_SetParityMode
                0x00004714                LPUART_Putchar9
                0x0000472c                LPUART_Putchar10
                0x00004750                LPUART_Getchar9
                0x00004764                LPUART_Getchar10
                0x00004784                LPUART_SetIntMode
                0x000047ec                LPUART_GetIntMode
                0x00004834                LPUART_GetStatusFlag
                0x0000487c                LPUART_ClearStatusFlag
                0x000049b4                LPUART_SetErrorInterrupts
 .text          0x000049f4       0x24 lpuart_irq.o
                0x000049f4                LPUART0_IrqHandler
                0x00004a00                LPUART1_IrqHandler
                0x00004a0c                LPUART2_IrqHandler
 .text          0x00004a18       0xbc mbd_main.o
                0x00004a18                LPIT0_Ch0_IRQHandler
                0x00004a28                SYSTEM_INIT_TASK
                0x00004a30                SYSTEM_TASK
                0x00004a38                lpit0_init
                0x00004aac                main
 .text          0x00004ad4      0x140 osif_baremetal.o
                0x00004ad4                SysTick_Handler
                0x00004ae4                OSIF_TimeDelay
                0x00004b34                OSIF_GetMilliseconds
                0x00004b40                OSIF_MutexLock
                0x00004b44                OSIF_MutexUnlock
                0x00004b48                OSIF_MutexCreate
                0x00004b4c                OSIF_MutexDestroy
                0x00004b50                OSIF_SemaWait
                0x00004bd4                OSIF_SemaPost
                0x00004bfc                OSIF_SemaCreate
                0x00004c10                OSIF_SemaDestroy
 .text          0x00004c14      0x224 pins_port_hw_access.o
                0x00004c88                PINS_Init
                0x00004d98                PINS_SetMuxModeSel
                0x00004de8                PINS_SetGlobalPinControl
                0x00004e14                PINS_SetGlobalIntControl
 .text          0x00004e38      0x1c8 power_manager.o
                0x00004ed4                POWER_SYS_Init
                0x00004f00                POWER_SYS_Deinit
                0x00004f18                POWER_SYS_GetLastMode
                0x00004f30                POWER_SYS_GetLastModeConfig
                0x00004f4c                POWER_SYS_GetErrorCallbackIndex
                0x00004f58                POWER_SYS_GetErrorCallback
                0x00004f74                POWER_SYS_SetMode
                0x00004ff4                POWER_SYS_GetDefaultConfig
 .text          0x00005000      0x4c8 power_manager_S32K1xx.o
                0x000050b4                POWER_SYS_DoInit
                0x00005134                POWER_SYS_DoDeinit
                0x00005138                POWER_SYS_GetCurrentMode
                0x0000515c                POWER_SYS_DoSetMode
                0x00005468                POWER_SYS_GetResetSrcStatusCmd
 .text          0x000054c8      0x140 power_smc_hw_access.o
                0x0000553c                SMC_SetPowerMode
                0x000055f0                SMC_SetProtectionMode
 .text          0x00005608      0x114 s32k_clock_init.o
                0x00005608                Clock_Setup
                0x00005704                UpdateSystickConfig
 .text          0x0000571c       0xd8 startup.o
                0x0000571c                init_data_bss
 .text          0x000057f4       0xd4 system_S32K144.o
                0x000057f4                SystemInit
                0x00005830                SystemCoreClockUpdate
                0x000058b0                SystemSoftwareReset
 .text          0x000058c8      0x370 c:/nxp/s32ds_arm_v2018.r1/cross_tools/gcc-arm-none-eabi-4_9/bin/../lib/gcc/arm-none-eabi/4.9.3/armv7e-m/fpu\libgcc.a(_arm_addsubdf3.o)
                0x000058c8                __aeabi_drsub
                0x000058d0                __aeabi_dsub
                0x000058d0                __subdf3
                0x000058d4                __aeabi_dadd
                0x000058d4                __adddf3
                0x00005b4c                __floatunsidf
                0x00005b4c                __aeabi_ui2d
                0x00005b6c                __floatsidf
                0x00005b6c                __aeabi_i2d
                0x00005b90                __aeabi_f2d
                0x00005b90                __extendsfdf2
                0x00005bcc                __floatundidf
                0x00005bcc                __aeabi_ul2d
                0x00005bdc                __floatdidf
                0x00005bdc                __aeabi_l2d
 .text          0x00005c38      0x110 c:/nxp/s32ds_arm_v2018.r1/cross_tools/gcc-arm-none-eabi-4_9/bin/../lib/gcc/arm-none-eabi/4.9.3/armv7e-m/fpu\libgcc.a(_arm_cmpdf2.o)
                0x00005c38                __gtdf2
                0x00005c38                __gedf2
                0x00005c40                __ltdf2
                0x00005c40                __ledf2
                0x00005c48                __nedf2
                0x00005c48                __eqdf2
                0x00005c48                __cmpdf2
                0x00005cc4                __aeabi_cdrcmple
                0x00005cd4                __aeabi_cdcmpeq
                0x00005cd4                __aeabi_cdcmple
                0x00005ce4                __aeabi_dcmpeq
                0x00005cf8                __aeabi_dcmplt
                0x00005d0c                __aeabi_dcmple
                0x00005d20                __aeabi_dcmpge
                0x00005d34                __aeabi_dcmpgt
 .text          0x00005d48       0x50 c:/nxp/s32ds_arm_v2018.r1/cross_tools/gcc-arm-none-eabi-4_9/bin/../lib/gcc/arm-none-eabi/4.9.3/armv7e-m/fpu\libgcc.a(_arm_fixdfsi.o)
                0x00005d48                __aeabi_d2iz
                0x00005d48                __fixdfsi
 .text          0x00005d98       0x30 c:/nxp/s32ds_arm_v2018.r1/cross_tools/gcc-arm-none-eabi-4_9/bin/../lib/gcc/arm-none-eabi/4.9.3/armv7e-m/fpu\libgcc.a(_aeabi_uldivmod.o)
                0x00005d98                __aeabi_uldivmod
 .text          0x00005dc8       0x60 c:/nxp/s32ds_arm_v2018.r1/cross_tools/gcc-arm-none-eabi-4_9/bin/../lib/gcc/arm-none-eabi/4.9.3/armv7e-m/fpu\libgcc.a(bpabi.o)
                0x00005dc8                __gnu_ldivmod_helper
                0x00005df8                __gnu_uldivmod_helper
 .text          0x00005e28        0x4 c:/nxp/s32ds_arm_v2018.r1/cross_tools/gcc-arm-none-eabi-4_9/bin/../lib/gcc/arm-none-eabi/4.9.3/armv7e-m/fpu\libgcc.a(_dvmd_tls.o)
                0x00005e28                __aeabi_idiv0
                0x00005e28                __aeabi_ldiv0
 .text          0x00005e2c      0x29c c:/nxp/s32ds_arm_v2018.r1/cross_tools/gcc-arm-none-eabi-4_9/bin/../lib/gcc/arm-none-eabi/4.9.3/armv7e-m/fpu\libgcc.a(_divdi3.o)
                0x00005e2c                __divdi3
 .text          0x000060c8      0x26c c:/nxp/s32ds_arm_v2018.r1/cross_tools/gcc-arm-none-eabi-4_9/bin/../lib/gcc/arm-none-eabi/4.9.3/armv7e-m/fpu\libgcc.a(_udivdi3.o)
                0x000060c8                __udivdi3
 *(.text*)
 .text.memset   0x00006334       0x9c C:/NXP/S32DS_ARM_v2018.R1/Cross_Tools/gcc-arm-none-eabi-4_9/arm-none-eabi/newlib/lib/armv7e-m/fpu\libc.a(lib_a-memset.o)
                0x00006334                memset
 .text.startup.register_fini
                0x000063d0       0x14 C:/NXP/S32DS_ARM_v2018.R1/Cross_Tools/gcc-arm-none-eabi-4_9/arm-none-eabi/newlib/lib/armv7e-m/fpu\libc.a(lib_a-__call_atexit.o)
 .text.atexit   0x000063e4        0xc C:/NXP/S32DS_ARM_v2018.R1/Cross_Tools/gcc-arm-none-eabi-4_9/arm-none-eabi/newlib/lib/armv7e-m/fpu\libc.a(lib_a-atexit.o)
                0x000063e4                atexit
 .text.__libc_fini_array
                0x000063f0       0x2c C:/NXP/S32DS_ARM_v2018.R1/Cross_Tools/gcc-arm-none-eabi-4_9/arm-none-eabi/newlib/lib/armv7e-m/fpu\libc.a(lib_a-fini.o)
                0x000063f0                __libc_fini_array
 .text.__register_exitproc
                0x0000641c       0xa4 C:/NXP/S32DS_ARM_v2018.R1/Cross_Tools/gcc-arm-none-eabi-4_9/arm-none-eabi/newlib/lib/armv7e-m/fpu\libc.a(lib_a-__atexit.o)
                0x0000641c                __register_exitproc
 *(.rodata)
 .rodata        0x000064c0      0x20d clock_S32K1xx.o
                0x000065bc                clockNameMappings
                0x0000666c                peripheralFeaturesList
 *fill*         0x000066cd        0x3 
 .rodata        0x000066d0       0x10 edma_driver.o
 .rodata        0x000066e0        0x4 lpit_driver.o
 .rodata        0x000066e4       0x13 lpuart_driver.o
 *fill*         0x000066f7        0x1 
 .rodata        0x000066f8       0x10 lpuart_hello_world_s32k14x.o
                0x00006704                lpuart_hello_world_s32k14x_M
 .rodata        0x00006708       0x30 lpuart_hello_world_s32k14x_data.o
                0x00006708                lpuart_hello_world_s32k1_ConstP
 .rodata        0x00006738       0x1c mbd_main.o
 *(.rodata*)
 .rodata.str1.4
                0x00006754        0x4 C:/NXP/S32DS_ARM_v2018.R1/Cross_Tools/gcc-arm-none-eabi-4_9/arm-none-eabi/newlib/lib/armv7e-m/fpu\libc.a(lib_a-impure.o)
                                  0x2 (size before relaxing)
 .rodata._global_impure_ptr
                0x00006758        0x4 C:/NXP/S32DS_ARM_v2018.R1/Cross_Tools/gcc-arm-none-eabi-4_9/arm-none-eabi/newlib/lib/armv7e-m/fpu\libc.a(lib_a-impure.o)
                0x00006758                _global_impure_ptr
 *(.glue_7)
 .glue_7        0x00000000        0x0 linker stubs
 *(.glue_7t)
 .glue_7t       0x00000000        0x0 linker stubs
 *(.eh_frame)
 .eh_frame      0x0000675c        0x0 c:/nxp/s32ds_arm_v2018.r1/cross_tools/gcc-arm-none-eabi-4_9/bin/../lib/gcc/arm-none-eabi/4.9.3/armv7e-m/fpu/crtbegin.o
 *(.init)
 .init          0x0000675c        0x4 c:/nxp/s32ds_arm_v2018.r1/cross_tools/gcc-arm-none-eabi-4_9/bin/../lib/gcc/arm-none-eabi/4.9.3/armv7e-m/fpu/crti.o
                0x0000675c                _init
 .init          0x00006760        0x8 c:/nxp/s32ds_arm_v2018.r1/cross_tools/gcc-arm-none-eabi-4_9/bin/../lib/gcc/arm-none-eabi/4.9.3/armv7e-m/fpu/crtn.o
 *(.fini)
 .fini          0x00006768        0x4 c:/nxp/s32ds_arm_v2018.r1/cross_tools/gcc-arm-none-eabi-4_9/bin/../lib/gcc/arm-none-eabi/4.9.3/armv7e-m/fpu/crti.o
                0x00006768                _fini
 .fini          0x0000676c        0x8 c:/nxp/s32ds_arm_v2018.r1/cross_tools/gcc-arm-none-eabi-4_9/bin/../lib/gcc/arm-none-eabi/4.9.3/armv7e-m/fpu/crtn.o
                0x00006774                . = ALIGN (0x4)

.vfp11_veneer   0x00006774        0x0
 .vfp11_veneer  0x00000000        0x0 linker stubs

.v4_bx          0x00006774        0x0
 .v4_bx         0x00000000        0x0 linker stubs

.iplt           0x00006774        0x0
 .iplt          0x00000000        0x0 c:/nxp/s32ds_arm_v2018.r1/cross_tools/gcc-arm-none-eabi-4_9/bin/../lib/gcc/arm-none-eabi/4.9.3/armv7e-m/fpu/crtbegin.o

.ARM.extab
 *(.ARM.extab* .gnu.linkonce.armextab.*)

.ARM            0x00006774        0x8
                0x00006774                __exidx_start = .
 *(.ARM.exidx*)
 .ARM.exidx     0x00006774        0x8 c:/nxp/s32ds_arm_v2018.r1/cross_tools/gcc-arm-none-eabi-4_9/bin/../lib/gcc/arm-none-eabi/4.9.3/armv7e-m/fpu\libgcc.a(_divdi3.o)
 .ARM.exidx     0x0000677c        0x0 c:/nxp/s32ds_arm_v2018.r1/cross_tools/gcc-arm-none-eabi-4_9/bin/../lib/gcc/arm-none-eabi/4.9.3/armv7e-m/fpu\libgcc.a(_udivdi3.o)
                                  0x8 (size before relaxing)
                0x0000677c                __exidx_end = .

.rel.dyn        0x0000677c        0x0
 .rel.iplt      0x00000000        0x0 c:/nxp/s32ds_arm_v2018.r1/cross_tools/gcc-arm-none-eabi-4_9/bin/../lib/gcc/arm-none-eabi/4.9.3/armv7e-m/fpu/crtbegin.o

.ctors          0x0000677c        0x0
                0x0000677c                __CTOR_LIST__ = .
 *crtbegin.o(.ctors)
 *crtbegin?.o(.ctors)
 *(EXCLUDE_FILE(*crtend.o *crtend?.o) .ctors)
 *(SORT(.ctors.*))
 *(.ctors)
                0x0000677c                __CTOR_END__ = .

.dtors          0x0000677c        0x0
                0x0000677c                __DTOR_LIST__ = .
 *crtbegin.o(.dtors)
 *crtbegin?.o(.dtors)
 *(EXCLUDE_FILE(*crtend.o *crtend?.o) .dtors)
 *(SORT(.dtors.*))
 *(.dtors)
                0x0000677c                __DTOR_END__ = .

.preinit_array  0x0000677c        0x0
                0x0000677c                PROVIDE (__preinit_array_start, .)
 *(.preinit_array*)
                0x0000677c                PROVIDE (__preinit_array_end, .)

.init_array     0x0000677c        0x8
                0x0000677c                PROVIDE (__init_array_start, .)
 *(SORT(.init_array.*))
 .init_array.00000
                0x0000677c        0x4 C:/NXP/S32DS_ARM_v2018.R1/Cross_Tools/gcc-arm-none-eabi-4_9/arm-none-eabi/newlib/lib/armv7e-m/fpu\libc.a(lib_a-__call_atexit.o)
 *(.init_array*)
 .init_array    0x00006780        0x4 c:/nxp/s32ds_arm_v2018.r1/cross_tools/gcc-arm-none-eabi-4_9/bin/../lib/gcc/arm-none-eabi/4.9.3/armv7e-m/fpu/crtbegin.o
                0x00006784                PROVIDE (__init_array_end, .)

.fini_array     0x00006784        0x4
                0x00006784                PROVIDE (__fini_array_start, .)
 *(SORT(.fini_array.*))
 *(.fini_array*)
 .fini_array    0x00006784        0x4 c:/nxp/s32ds_arm_v2018.r1/cross_tools/gcc-arm-none-eabi-4_9/bin/../lib/gcc/arm-none-eabi/4.9.3/armv7e-m/fpu/crtbegin.o
                0x00006788                PROVIDE (__fini_array_end, .)
                0x00006788                __etext = .
                0x00006788                __DATA_ROM = .

.interrupts_ram
                0x1fff8000      0x400
                0x1fff8000                . = ALIGN (0x4)
                0x1fff8000                __VECTOR_RAM__ = .
                0x1fff8000                __RAM_START = .
                0x1fff8000                __interrupts_ram_start__ = .
 *(.m_interrupts_ram)
                0x1fff8400                . = (. + M_VECTOR_RAM_SIZE)
 *fill*         0x1fff8000      0x400 
                0x1fff8400                . = ALIGN (0x4)
                0x1fff8400                __interrupts_ram_end__ = .
                0x1fff8000                __VECTOR_RAM = DEFINED (__flash_vector_table__)?ORIGIN (m_interrupts):__VECTOR_RAM__
                0x00000400                __RAM_VECTOR_TABLE_SIZE = DEFINED (__flash_vector_table__)?0x0:(__interrupts_ram_end__ - __interrupts_ram_start__)

.data           0x1fff8400      0x4dc load address 0x00006788
                0x1fff8400                . = ALIGN (0x4)
                0x1fff8400                __DATA_RAM = .
                0x1fff8400                __data_start__ = .
 *(.data)
 .data          0x1fff8400       0xa0 clock_S32K1xx.o
 .data          0x1fff84a0        0xc lpuart_irq.o
                0x1fff84a0                g_lpuartIsr
 .data          0x1fff84ac        0x4 system_S32K144.o
                0x1fff84ac                SystemCoreClock
 *(.data*)
 .data.impure_data
                0x1fff84b0      0x428 C:/NXP/S32DS_ARM_v2018.R1/Cross_Tools/gcc-arm-none-eabi-4_9/arm-none-eabi/newlib/lib/armv7e-m/fpu\libc.a(lib_a-impure.o)
 *(.jcr*)
 .jcr           0x1fff88d8        0x0 c:/nxp/s32ds_arm_v2018.r1/cross_tools/gcc-arm-none-eabi-4_9/bin/../lib/gcc/arm-none-eabi/4.9.3/armv7e-m/fpu/crtbegin.o
 .jcr           0x1fff88d8        0x4 c:/nxp/s32ds_arm_v2018.r1/cross_tools/gcc-arm-none-eabi-4_9/bin/../lib/gcc/arm-none-eabi/4.9.3/armv7e-m/fpu/crtend.o
                0x1fff88dc                . = ALIGN (0x4)
                0x1fff88dc                __data_end__ = .
                0x00006c64                __DATA_END = (__DATA_ROM + (__data_end__ - __data_start__))
                0x00006c64                __CODE_ROM = __DATA_END

.igot.plt       0x1fff88dc        0x0 load address 0x00006c64
 .igot.plt      0x00000000        0x0 c:/nxp/s32ds_arm_v2018.r1/cross_tools/gcc-arm-none-eabi-4_9/bin/../lib/gcc/arm-none-eabi/4.9.3/armv7e-m/fpu/crtbegin.o

.code           0x1fff88dc        0x0 load address 0x00006c64
                0x1fff88dc                . = ALIGN (0x4)
                0x1fff88dc                __CODE_RAM = .
                0x1fff88dc                __code_start__ = .
                0x1fff88dc                __code_ram_start__ = .
 *(.code_ram)
                0x1fff88dc                . = ALIGN (0x4)
                0x1fff88dc                __code_end__ = .
                0x1fff88dc                __code_ram_end__ = .
                0x00006c64                __CODE_END = (__CODE_ROM + (__code_end__ - __code_start__))
                0x00006c64                __CUSTOM_ROM = __CODE_END

.customSectionBlock
                0x20000000        0x0 load address 0x00006c64
                0x20000000                __customSection_start__ = .
 *(.customSection)
                0x20000000                __customSection_end__ = .
                0x00006c64                __CUSTOM_END = (__CUSTOM_ROM + (__customSection_end__ - __customSection_start__))

.bss            0x20000000       0xd4
                0x20000000                . = ALIGN (0x4)
                0x20000000                __BSS_START = .
                0x20000000                __bss_start__ = .
 *(.bss)
 .bss           0x20000000       0x1c c:/nxp/s32ds_arm_v2018.r1/cross_tools/gcc-arm-none-eabi-4_9/bin/../lib/gcc/arm-none-eabi/4.9.3/armv7e-m/fpu/crtbegin.o
 .bss           0x2000001c       0x10 clock_S32K1xx.o
 .bss           0x2000002c        0x4 edma_driver.o
 .bss           0x20000030        0x4 interrupt_manager.o
 .bss           0x20000034        0x4 lpit_driver.o
 .bss           0x20000038        0xc lpuart_driver.o
 .bss           0x20000044       0x34 lpuart_hello_world_s32k14x.o
 .bss           0x20000078        0x4 osif_baremetal.o
 .bss           0x2000007c        0xc power_manager_S32K1xx.o
 *(.bss*)
 *(COMMON)
 COMMON         0x20000088       0x14 clock_S32K1xx.o
                0x20000088                g_xtal0ClkFreq
                0x2000008c                g_RtcClkInFreq
                0x20000090                g_TClkFreq
 *fill*         0x2000009c        0x4 
 COMMON         0x200000a0       0x24 lpuart_hello_world_s32k14x.o
                0x200000a0                lpuart_hello_world_s32k14x_DW
                0x200000b0                lpuart_hello_world_s32k14x_B
                0x200000c0                lpuart_hello_world_s32k14x_M_
 COMMON         0x200000c4       0x10 power_manager_S32K1xx.o
                0x200000c4                gPowerManagerState
                0x200000d4                . = ALIGN (0x4)
                0x200000d4                __bss_end__ = .
                0x200000d4                __BSS_END = .

.heap           0x200000d4      0x404
                0x200000d8                . = ALIGN (0x8)
 *fill*         0x200000d4        0x4 
                0x200000d8                __end__ = .
                0x200000d8                __heap_start__ = .
                0x200000d8                PROVIDE (end, .)
                0x200000d8                PROVIDE (_end, .)
                0x200000d8                PROVIDE (__end, .)
                0x200000d8                __HeapBase = .
                0x200004d8                . = (. + HEAP_SIZE)
 *fill*         0x200000d8      0x400 
                0x200004d8                __HeapLimit = .
                0x200004d8                __heap_limit = .
                0x200004d8                __heap_end__ = .
                0x20007000                __StackTop = (ORIGIN (m_data_2) + 0x7000)
                0x20006c00                __StackLimit = (__StackTop - STACK_SIZE)
                0x20007000                PROVIDE (__stack, __StackTop)
                0x20007000                __RAM_END = __StackTop

.stack          0x20006c00      0x400
                0x20006c00                . = ALIGN (0x8)
                0x20006c00                __stack_start__ = .
                0x20007000                . = (. + STACK_SIZE)
 *fill*         0x20006c00      0x400 
                0x20007000                __stack_end__ = .

.ARM.attributes
                0x00000000       0x30
 *(.ARM.attributes)
 .ARM.attributes
                0x00000000       0x22 c:/nxp/s32ds_arm_v2018.r1/cross_tools/gcc-arm-none-eabi-4_9/bin/../lib/gcc/arm-none-eabi/4.9.3/armv7e-m/fpu/crti.o
 .ARM.attributes
                0x00000022       0x34 c:/nxp/s32ds_arm_v2018.r1/cross_tools/gcc-arm-none-eabi-4_9/bin/../lib/gcc/arm-none-eabi/4.9.3/armv7e-m/fpu/crtbegin.o
 .ARM.attributes
                0x00000056       0x1f startup_S32K144.o
 .ARM.attributes
                0x00000075       0x39 clock_S32K1xx.o
 .ARM.attributes
                0x000000ae       0x39 edma_driver.o
 .ARM.attributes
                0x000000e7       0x39 edma_hw_access.o
 .ARM.attributes
                0x00000120       0x39 edma_irq.o
 .ARM.attributes
                0x00000159       0x39 interrupt_manager.o
 .ARM.attributes
                0x00000192       0x39 lpit_driver.o
 .ARM.attributes
                0x000001cb       0x39 lpuart_driver.o
 .ARM.attributes
                0x00000204       0x39 lpuart_hello_world_s32k14x.o
 .ARM.attributes
                0x0000023d       0x39 lpuart_hello_world_s32k14x_data.o
 .ARM.attributes
                0x00000276       0x39 lpuart_hw_access.o
 .ARM.attributes
                0x000002af       0x39 lpuart_irq.o
 .ARM.attributes
                0x000002e8       0x39 mbd_main.o
 .ARM.attributes
                0x00000321       0x39 osif_baremetal.o
 .ARM.attributes
                0x0000035a       0x39 pins_port_hw_access.o
 .ARM.attributes
                0x00000393       0x39 power_manager.o
 .ARM.attributes
                0x000003cc       0x39 power_manager_S32K1xx.o
 .ARM.attributes
                0x00000405       0x39 power_smc_hw_access.o
 .ARM.attributes
                0x0000043e       0x39 s32k_clock_init.o
 .ARM.attributes
                0x00000477       0x39 startup.o
 .ARM.attributes
                0x000004b0       0x39 system_S32K144.o
 .ARM.attributes
                0x000004e9       0x22 c:/nxp/s32ds_arm_v2018.r1/cross_tools/gcc-arm-none-eabi-4_9/bin/../lib/gcc/arm-none-eabi/4.9.3/armv7e-m/fpu\libgcc.a(_arm_addsubdf3.o)
 .ARM.attributes
                0x0000050b       0x22 c:/nxp/s32ds_arm_v2018.r1/cross_tools/gcc-arm-none-eabi-4_9/bin/../lib/gcc/arm-none-eabi/4.9.3/armv7e-m/fpu\libgcc.a(_arm_cmpdf2.o)
 .ARM.attributes
                0x0000052d       0x22 c:/nxp/s32ds_arm_v2018.r1/cross_tools/gcc-arm-none-eabi-4_9/bin/../lib/gcc/arm-none-eabi/4.9.3/armv7e-m/fpu\libgcc.a(_arm_fixdfsi.o)
 .ARM.attributes
                0x0000054f       0x22 c:/nxp/s32ds_arm_v2018.r1/cross_tools/gcc-arm-none-eabi-4_9/bin/../lib/gcc/arm-none-eabi/4.9.3/armv7e-m/fpu\libgcc.a(_aeabi_uldivmod.o)
 .ARM.attributes
                0x00000571       0x34 c:/nxp/s32ds_arm_v2018.r1/cross_tools/gcc-arm-none-eabi-4_9/bin/../lib/gcc/arm-none-eabi/4.9.3/armv7e-m/fpu\libgcc.a(bpabi.o)
 .ARM.attributes
                0x000005a5       0x22 c:/nxp/s32ds_arm_v2018.r1/cross_tools/gcc-arm-none-eabi-4_9/bin/../lib/gcc/arm-none-eabi/4.9.3/armv7e-m/fpu\libgcc.a(_dvmd_tls.o)
 .ARM.attributes
                0x000005c7       0x34 c:/nxp/s32ds_arm_v2018.r1/cross_tools/gcc-arm-none-eabi-4_9/bin/../lib/gcc/arm-none-eabi/4.9.3/armv7e-m/fpu\libgcc.a(_divdi3.o)
 .ARM.attributes
                0x000005fb       0x34 c:/nxp/s32ds_arm_v2018.r1/cross_tools/gcc-arm-none-eabi-4_9/bin/../lib/gcc/arm-none-eabi/4.9.3/armv7e-m/fpu\libgcc.a(_udivdi3.o)
 .ARM.attributes
                0x0000062f       0x34 C:/NXP/S32DS_ARM_v2018.R1/Cross_Tools/gcc-arm-none-eabi-4_9/arm-none-eabi/newlib/lib/armv7e-m/fpu\libc.a(lib_a-impure.o)
 .ARM.attributes
                0x00000663       0x34 C:/NXP/S32DS_ARM_v2018.R1/Cross_Tools/gcc-arm-none-eabi-4_9/arm-none-eabi/newlib/lib/armv7e-m/fpu\libc.a(lib_a-memset.o)
 .ARM.attributes
                0x00000697       0x34 C:/NXP/S32DS_ARM_v2018.R1/Cross_Tools/gcc-arm-none-eabi-4_9/arm-none-eabi/newlib/lib/armv7e-m/fpu\libc.a(lib_a-__call_atexit.o)
 .ARM.attributes
                0x000006cb       0x34 C:/NXP/S32DS_ARM_v2018.R1/Cross_Tools/gcc-arm-none-eabi-4_9/arm-none-eabi/newlib/lib/armv7e-m/fpu\libc.a(lib_a-atexit.o)
 .ARM.attributes
                0x000006ff       0x34 C:/NXP/S32DS_ARM_v2018.R1/Cross_Tools/gcc-arm-none-eabi-4_9/arm-none-eabi/newlib/lib/armv7e-m/fpu\libc.a(lib_a-fini.o)
 .ARM.attributes
                0x00000733       0x34 C:/NXP/S32DS_ARM_v2018.R1/Cross_Tools/gcc-arm-none-eabi-4_9/arm-none-eabi/newlib/lib/armv7e-m/fpu\libc.a(lib_a-__atexit.o)
 .ARM.attributes
                0x00000767       0x34 c:/nxp/s32ds_arm_v2018.r1/cross_tools/gcc-arm-none-eabi-4_9/bin/../lib/gcc/arm-none-eabi/4.9.3/armv7e-m/fpu/crtend.o
 .ARM.attributes
                0x0000079b       0x22 c:/nxp/s32ds_arm_v2018.r1/cross_tools/gcc-arm-none-eabi-4_9/bin/../lib/gcc/arm-none-eabi/4.9.3/armv7e-m/fpu/crtn.o
                0x00000001                ASSERT ((__StackLimit >= __HeapLimit), region m_data_2 overflowed with stack and heap)
OUTPUT(lpuart_hello_world_s32k14x.elf elf32-littlearm)

.debug_line     0x00000000     0x3c4b
 .debug_line    0x00000000       0x71 startup_S32K144.o
 .debug_line    0x00000071      0xdec clock_S32K1xx.o
 .debug_line    0x00000e5d      0x575 edma_driver.o
 .debug_line    0x000013d2      0x1fe edma_hw_access.o
 .debug_line    0x000015d0      0x177 edma_irq.o
 .debug_line    0x00001747      0x1cd interrupt_manager.o
 .debug_line    0x00001914      0x3c1 lpit_driver.o
 .debug_line    0x00001cd5      0x602 lpuart_driver.o
 .debug_line    0x000022d7      0x2c1 lpuart_hello_world_s32k14x.o
 .debug_line    0x00002598      0x18e lpuart_hello_world_s32k14x_data.o
 .debug_line    0x00002726      0x228 lpuart_hw_access.o
 .debug_line    0x0000294e       0x5e lpuart_irq.o
 .debug_line    0x000029ac      0x1dd mbd_main.o
 .debug_line    0x00002b89      0x201 osif_baremetal.o
 .debug_line    0x00002d8a      0x1e3 pins_port_hw_access.o
 .debug_line    0x00002f6d      0x204 power_manager.o
 .debug_line    0x00003171      0x437 power_manager_S32K1xx.o
 .debug_line    0x000035a8      0x21a power_smc_hw_access.o
 .debug_line    0x000037c2      0x1e6 s32k_clock_init.o
 .debug_line    0x000039a8      0x14c startup.o
 .debug_line    0x00003af4      0x157 system_S32K144.o

.debug_info     0x00000000    0x15312
 .debug_info    0x00000000       0xb8 startup_S32K144.o
 .debug_info    0x000000b8     0x518d clock_S32K1xx.o
 .debug_info    0x00005245     0x319a edma_driver.o
 .debug_info    0x000083df      0x951 edma_hw_access.o
 .debug_info    0x00008d30      0x54e edma_irq.o
 .debug_info    0x0000927e      0x8fb interrupt_manager.o
 .debug_info    0x00009b79     0x1ae4 lpit_driver.o
 .debug_info    0x0000b65d     0x2315 lpuart_driver.o
 .debug_info    0x0000d972      0xe3f lpuart_hello_world_s32k14x.o
 .debug_info    0x0000e7b1      0x2fa lpuart_hello_world_s32k14x_data.o
 .debug_info    0x0000eaab      0x8b1 lpuart_hw_access.o
 .debug_info    0x0000f35c       0xd9 lpuart_irq.o
 .debug_info    0x0000f435      0xb2f mbd_main.o
 .debug_info    0x0000ff64      0x9b7 osif_baremetal.o
 .debug_info    0x0001091b      0x881 pins_port_hw_access.o
 .debug_info    0x0001119c      0x7c3 power_manager.o
 .debug_info    0x0001195f     0x14b1 power_manager_S32K1xx.o
 .debug_info    0x00012e10      0x9e4 power_smc_hw_access.o
 .debug_info    0x000137f4     0x1331 s32k_clock_init.o
 .debug_info    0x00014b25      0x2d8 startup.o
 .debug_info    0x00014dfd      0x515 system_S32K144.o

.debug_abbrev   0x00000000     0x26f6
 .debug_abbrev  0x00000000       0x14 startup_S32K144.o
 .debug_abbrev  0x00000014      0x34f clock_S32K1xx.o
 .debug_abbrev  0x00000363      0x366 edma_driver.o
 .debug_abbrev  0x000006c9      0x1cb edma_hw_access.o
 .debug_abbrev  0x00000894      0x17b edma_irq.o
 .debug_abbrev  0x00000a0f      0x1b1 interrupt_manager.o
 .debug_abbrev  0x00000bc0      0x335 lpit_driver.o
 .debug_abbrev  0x00000ef5      0x301 lpuart_driver.o
 .debug_abbrev  0x000011f6      0x1e5 lpuart_hello_world_s32k14x.o
 .debug_abbrev  0x000013db       0xa0 lpuart_hello_world_s32k14x_data.o
 .debug_abbrev  0x0000147b      0x172 lpuart_hw_access.o
 .debug_abbrev  0x000015ed       0x7f lpuart_irq.o
 .debug_abbrev  0x0000166c      0x1fa mbd_main.o
 .debug_abbrev  0x00001866      0x236 osif_baremetal.o
 .debug_abbrev  0x00001a9c      0x1de pins_port_hw_access.o
 .debug_abbrev  0x00001c7a      0x1dd power_manager.o
 .debug_abbrev  0x00001e57      0x35d power_manager_S32K1xx.o
 .debug_abbrev  0x000021b4      0x1fa power_smc_hw_access.o
 .debug_abbrev  0x000023ae      0x145 s32k_clock_init.o
 .debug_abbrev  0x000024f3       0xd6 startup.o
 .debug_abbrev  0x000025c9      0x12d system_S32K144.o

.debug_aranges  0x00000000      0x298
 .debug_aranges
                0x00000000       0x20 startup_S32K144.o
 .debug_aranges
                0x00000020       0x20 clock_S32K1xx.o
 .debug_aranges
                0x00000040       0x20 edma_driver.o
 .debug_aranges
                0x00000060       0x20 edma_hw_access.o
 .debug_aranges
                0x00000080       0x20 edma_irq.o
 .debug_aranges
                0x000000a0       0x20 interrupt_manager.o
 .debug_aranges
                0x000000c0       0x20 lpit_driver.o
 .debug_aranges
                0x000000e0       0x20 lpuart_driver.o
 .debug_aranges
                0x00000100       0x20 lpuart_hello_world_s32k14x.o
 .debug_aranges
                0x00000120       0x18 lpuart_hello_world_s32k14x_data.o
 .debug_aranges
                0x00000138       0x20 lpuart_hw_access.o
 .debug_aranges
                0x00000158       0x20 lpuart_irq.o
 .debug_aranges
                0x00000178       0x20 mbd_main.o
 .debug_aranges
                0x00000198       0x20 osif_baremetal.o
 .debug_aranges
                0x000001b8       0x20 pins_port_hw_access.o
 .debug_aranges
                0x000001d8       0x20 power_manager.o
 .debug_aranges
                0x000001f8       0x20 power_manager_S32K1xx.o
 .debug_aranges
                0x00000218       0x20 power_smc_hw_access.o
 .debug_aranges
                0x00000238       0x20 s32k_clock_init.o
 .debug_aranges
                0x00000258       0x20 startup.o
 .debug_aranges
                0x00000278       0x20 system_S32K144.o

.debug_loc      0x00000000     0xa945
 .debug_loc     0x00000000     0x44cc clock_S32K1xx.o
 .debug_loc     0x000044cc     0x1e06 edma_driver.o
 .debug_loc     0x000062d2      0x557 edma_hw_access.o
 .debug_loc     0x00006829       0x3d edma_irq.o
 .debug_loc     0x00006866      0x23c interrupt_manager.o
 .debug_loc     0x00006aa2      0xad4 lpit_driver.o
 .debug_loc     0x00007576     0x181b lpuart_driver.o
 .debug_loc     0x00008d91       0x2b lpuart_hello_world_s32k14x.o
 .debug_loc     0x00008dbc      0x47b lpuart_hw_access.o
 .debug_loc     0x00009237      0x1e7 osif_baremetal.o
 .debug_loc     0x0000941e      0x47d pins_port_hw_access.o
 .debug_loc     0x0000989b      0x2d7 power_manager.o
 .debug_loc     0x00009b72      0x84e power_manager_S32K1xx.o
 .debug_loc     0x0000a3c0      0x379 power_smc_hw_access.o
 .debug_loc     0x0000a739       0x20 s32k_clock_init.o
 .debug_loc     0x0000a759       0xec startup.o
 .debug_loc     0x0000a845      0x100 system_S32K144.o

.debug_ranges   0x00000000      0x3e8
 .debug_ranges  0x00000000      0x1d8 clock_S32K1xx.o
 .debug_ranges  0x000001d8       0x18 edma_hw_access.o
 .debug_ranges  0x000001f0       0x18 interrupt_manager.o
 .debug_ranges  0x00000208       0x48 lpit_driver.o
 .debug_ranges  0x00000250       0x30 lpuart_driver.o
 .debug_ranges  0x00000280       0x50 osif_baremetal.o
 .debug_ranges  0x000002d0       0x18 power_manager.o
 .debug_ranges  0x000002e8      0x100 power_manager_S32K1xx.o

.debug_str      0x00000000     0x88a3
 .debug_str     0x00000000     0x37e9 clock_S32K1xx.o
                               0x38bf (size before relaxing)
 .debug_str     0x000037e9     0x1d18 edma_driver.o
                               0x2852 (size before relaxing)
 .debug_str     0x00005501      0x155 edma_hw_access.o
                                0x7ab (size before relaxing)
 .debug_str     0x00005656      0x141 edma_irq.o
                                0x478 (size before relaxing)
 .debug_str     0x00005797      0x20c interrupt_manager.o
                                0xa3b (size before relaxing)
 .debug_str     0x000059a3      0x822 lpit_driver.o
                               0x1c94 (size before relaxing)
 .debug_str     0x000061c5      0xc82 lpuart_driver.o
                               0x2229 (size before relaxing)
 .debug_str     0x00006e47      0x3da lpuart_hello_world_s32k14x.o
                               0x1659 (size before relaxing)
 .debug_str     0x00007221       0x22 lpuart_hello_world_s32k14x_data.o
                                0x662 (size before relaxing)
 .debug_str     0x00007243      0x188 lpuart_hw_access.o
                               0x103c (size before relaxing)
 .debug_str     0x000073cb       0x46 lpuart_irq.o
                                0x230 (size before relaxing)
 .debug_str     0x00007411       0x6f mbd_main.o
                                0xf8d (size before relaxing)
 .debug_str     0x00007480      0x1b8 osif_baremetal.o
                               0x1023 (size before relaxing)
 .debug_str     0x00007638      0x526 pins_port_hw_access.o
                                0x8ed (size before relaxing)
 .debug_str     0x00007b5e      0x4dd power_manager.o
                                0xfd5 (size before relaxing)
 .debug_str     0x0000803b      0x4b1 power_manager_S32K1xx.o
                               0x1858 (size before relaxing)
 .debug_str     0x000084ec      0x130 power_smc_hw_access.o
                                0xe65 (size before relaxing)
 .debug_str     0x0000861c       0xa9 s32k_clock_init.o
                               0x215b (size before relaxing)
 .debug_str     0x000086c5      0x14f startup.o
                                0x35a (size before relaxing)
 .debug_str     0x00008814       0x8f system_S32K144.o
                                0x3f3 (size before relaxing)

.comment        0x00000000       0x70
 .comment       0x00000000       0x70 clock_S32K1xx.o
                                 0x71 (size before relaxing)
 .comment       0x00000000       0x71 edma_driver.o
 .comment       0x00000000       0x71 edma_hw_access.o
 .comment       0x00000000       0x71 edma_irq.o
 .comment       0x00000000       0x71 interrupt_manager.o
 .comment       0x00000000       0x71 lpit_driver.o
 .comment       0x00000000       0x71 lpuart_driver.o
 .comment       0x00000000       0x71 lpuart_hello_world_s32k14x.o
 .comment       0x00000000       0x71 lpuart_hello_world_s32k14x_data.o
 .comment       0x00000000       0x71 lpuart_hw_access.o
 .comment       0x00000000       0x71 lpuart_irq.o
 .comment       0x00000000       0x71 mbd_main.o
 .comment       0x00000000       0x71 osif_baremetal.o
 .comment       0x00000000       0x71 pins_port_hw_access.o
 .comment       0x00000000       0x71 power_manager.o
 .comment       0x00000000       0x71 power_manager_S32K1xx.o
 .comment       0x00000000       0x71 power_smc_hw_access.o
 .comment       0x00000000       0x71 s32k_clock_init.o
 .comment       0x00000000       0x71 startup.o
 .comment       0x00000000       0x71 system_S32K144.o

.debug_frame    0x00000000     0x186c
 .debug_frame   0x00000000      0x35c clock_S32K1xx.o
 .debug_frame   0x0000035c      0x384 edma_driver.o
 .debug_frame   0x000006e0      0x134 edma_hw_access.o
 .debug_frame   0x00000814      0x1ac edma_irq.o
 .debug_frame   0x000009c0       0xe8 interrupt_manager.o
 .debug_frame   0x00000aa8      0x1b0 lpit_driver.o
 .debug_frame   0x00000c58      0x380 lpuart_driver.o
 .debug_frame   0x00000fd8       0x80 lpuart_hello_world_s32k14x.o
 .debug_frame   0x00001058       0xf4 lpuart_hw_access.o
 .debug_frame   0x0000114c       0x58 lpuart_irq.o
 .debug_frame   0x000011a4       0x90 mbd_main.o
 .debug_frame   0x00001234       0xf8 osif_baremetal.o
 .debug_frame   0x0000132c       0xa0 pins_port_hw_access.o
 .debug_frame   0x000013cc       0xe0 power_manager.o
 .debug_frame   0x000014ac       0xc8 power_manager_S32K1xx.o
 .debug_frame   0x00001574       0x58 power_smc_hw_access.o
 .debug_frame   0x000015cc       0x44 s32k_clock_init.o
 .debug_frame   0x00001610       0x34 startup.o
 .debug_frame   0x00001644       0x40 system_S32K144.o
 .debug_frame   0x00001684       0x28 c:/nxp/s32ds_arm_v2018.r1/cross_tools/gcc-arm-none-eabi-4_9/bin/../lib/gcc/arm-none-eabi/4.9.3/armv7e-m/fpu\libgcc.a(_aeabi_uldivmod.o)
 .debug_frame   0x000016ac       0x50 c:/nxp/s32ds_arm_v2018.r1/cross_tools/gcc-arm-none-eabi-4_9/bin/../lib/gcc/arm-none-eabi/4.9.3/armv7e-m/fpu\libgcc.a(bpabi.o)
 .debug_frame   0x000016fc       0x34 c:/nxp/s32ds_arm_v2018.r1/cross_tools/gcc-arm-none-eabi-4_9/bin/../lib/gcc/arm-none-eabi/4.9.3/armv7e-m/fpu\libgcc.a(_divdi3.o)
 .debug_frame   0x00001730       0x30 c:/nxp/s32ds_arm_v2018.r1/cross_tools/gcc-arm-none-eabi-4_9/bin/../lib/gcc/arm-none-eabi/4.9.3/armv7e-m/fpu\libgcc.a(_udivdi3.o)
 .debug_frame   0x00001760       0x34 C:/NXP/S32DS_ARM_v2018.R1/Cross_Tools/gcc-arm-none-eabi-4_9/arm-none-eabi/newlib/lib/armv7e-m/fpu\libc.a(lib_a-memset.o)
 .debug_frame   0x00001794       0x50 C:/NXP/S32DS_ARM_v2018.R1/Cross_Tools/gcc-arm-none-eabi-4_9/arm-none-eabi/newlib/lib/armv7e-m/fpu\libc.a(lib_a-__call_atexit.o)
 .debug_frame   0x000017e4       0x20 C:/NXP/S32DS_ARM_v2018.R1/Cross_Tools/gcc-arm-none-eabi-4_9/arm-none-eabi/newlib/lib/armv7e-m/fpu\libc.a(lib_a-atexit.o)
 .debug_frame   0x00001804       0x34 C:/NXP/S32DS_ARM_v2018.R1/Cross_Tools/gcc-arm-none-eabi-4_9/arm-none-eabi/newlib/lib/armv7e-m/fpu\libc.a(lib_a-fini.o)
 .debug_frame   0x00001838       0x34 C:/NXP/S32DS_ARM_v2018.R1/Cross_Tools/gcc-arm-none-eabi-4_9/arm-none-eabi/newlib/lib/armv7e-m/fpu\libc.a(lib_a-__atexit.o)
