Archive member included because of file (symbol)

c:/nxp/s32ds_arm_v2018.r1/cross_tools/gcc-arm-none-eabi-4_9/bin/../lib/gcc/arm-none-eabi/4.9.3/armv7e-m/fpu\libgcc.a(_aeabi_uldivmod.o)
                              lpit_driver.o (__aeabi_uldivmod)
c:/nxp/s32ds_arm_v2018.r1/cross_tools/gcc-arm-none-eabi-4_9/bin/../lib/gcc/arm-none-eabi/4.9.3/armv7e-m/fpu\libgcc.a(bpabi.o)
                              c:/nxp/s32ds_arm_v2018.r1/cross_tools/gcc-arm-none-eabi-4_9/bin/../lib/gcc/arm-none-eabi/4.9.3/armv7e-m/fpu\libgcc.a(_aeabi_uldivmod.o) (__gnu_uldivmod_helper)
c:/nxp/s32ds_arm_v2018.r1/cross_tools/gcc-arm-none-eabi-4_9/bin/../lib/gcc/arm-none-eabi/4.9.3/armv7e-m/fpu\libgcc.a(_dvmd_tls.o)
                              c:/nxp/s32ds_arm_v2018.r1/cross_tools/gcc-arm-none-eabi-4_9/bin/../lib/gcc/arm-none-eabi/4.9.3/armv7e-m/fpu\libgcc.a(_aeabi_uldivmod.o) (__aeabi_ldiv0)
c:/nxp/s32ds_arm_v2018.r1/cross_tools/gcc-arm-none-eabi-4_9/bin/../lib/gcc/arm-none-eabi/4.9.3/armv7e-m/fpu\libgcc.a(_divdi3.o)
                              c:/nxp/s32ds_arm_v2018.r1/cross_tools/gcc-arm-none-eabi-4_9/bin/../lib/gcc/arm-none-eabi/4.9.3/armv7e-m/fpu\libgcc.a(bpabi.o) (__divdi3)
c:/nxp/s32ds_arm_v2018.r1/cross_tools/gcc-arm-none-eabi-4_9/bin/../lib/gcc/arm-none-eabi/4.9.3/armv7e-m/fpu\libgcc.a(_udivdi3.o)
                              c:/nxp/s32ds_arm_v2018.r1/cross_tools/gcc-arm-none-eabi-4_9/bin/../lib/gcc/arm-none-eabi/4.9.3/armv7e-m/fpu\libgcc.a(bpabi.o) (__udivdi3)
C:/NXP/S32DS_ARM_v2018.R1/Cross_Tools/gcc-arm-none-eabi-4_9/arm-none-eabi/newlib/lib/armv7e-m/fpu\libc.a(lib_a-exit.o)
                              C:/NXP/S32DS_ARM_v2018.R1/Cross_Tools/gcc-arm-none-eabi-4_9/arm-none-eabi/newlib/lib/armv7e-m/fpu/crt0.o (exit)
C:/NXP/S32DS_ARM_v2018.R1/Cross_Tools/gcc-arm-none-eabi-4_9/arm-none-eabi/newlib/lib/armv7e-m/fpu\libc.a(lib_a-impure.o)
                              C:/NXP/S32DS_ARM_v2018.R1/Cross_Tools/gcc-arm-none-eabi-4_9/arm-none-eabi/newlib/lib/armv7e-m/fpu\libc.a(lib_a-exit.o) (_global_impure_ptr)
C:/NXP/S32DS_ARM_v2018.R1/Cross_Tools/gcc-arm-none-eabi-4_9/arm-none-eabi/newlib/lib/armv7e-m/fpu\libc.a(lib_a-init.o)
                              C:/NXP/S32DS_ARM_v2018.R1/Cross_Tools/gcc-arm-none-eabi-4_9/arm-none-eabi/newlib/lib/armv7e-m/fpu/crt0.o (__libc_init_array)
C:/NXP/S32DS_ARM_v2018.R1/Cross_Tools/gcc-arm-none-eabi-4_9/arm-none-eabi/newlib/lib/armv7e-m/fpu\libc.a(lib_a-memset.o)
                              C:/NXP/S32DS_ARM_v2018.R1/Cross_Tools/gcc-arm-none-eabi-4_9/arm-none-eabi/newlib/lib/armv7e-m/fpu/crt0.o (memset)
C:/NXP/S32DS_ARM_v2018.R1/Cross_Tools/gcc-arm-none-eabi-4_9/arm-none-eabi/newlib/lib/armv7e-m/fpu\libc.a(lib_a-__call_atexit.o)
                              C:/NXP/S32DS_ARM_v2018.R1/Cross_Tools/gcc-arm-none-eabi-4_9/arm-none-eabi/newlib/lib/armv7e-m/fpu\libc.a(lib_a-exit.o) (__call_exitprocs)
C:/NXP/S32DS_ARM_v2018.R1/Cross_Tools/gcc-arm-none-eabi-4_9/arm-none-eabi/newlib/lib/armv7e-m/fpu\libc.a(lib_a-atexit.o)
                              C:/NXP/S32DS_ARM_v2018.R1/Cross_Tools/gcc-arm-none-eabi-4_9/arm-none-eabi/newlib/lib/armv7e-m/fpu\libc.a(lib_a-__call_atexit.o) (atexit)
C:/NXP/S32DS_ARM_v2018.R1/Cross_Tools/gcc-arm-none-eabi-4_9/arm-none-eabi/newlib/lib/armv7e-m/fpu\libc.a(lib_a-fini.o)
                              C:/NXP/S32DS_ARM_v2018.R1/Cross_Tools/gcc-arm-none-eabi-4_9/arm-none-eabi/newlib/lib/armv7e-m/fpu\libc.a(lib_a-__call_atexit.o) (__libc_fini_array)
C:/NXP/S32DS_ARM_v2018.R1/Cross_Tools/gcc-arm-none-eabi-4_9/arm-none-eabi/newlib/lib/armv7e-m/fpu\libc.a(lib_a-__atexit.o)
                              C:/NXP/S32DS_ARM_v2018.R1/Cross_Tools/gcc-arm-none-eabi-4_9/arm-none-eabi/newlib/lib/armv7e-m/fpu\libc.a(lib_a-atexit.o) (__register_exitproc)
C:/NXP/S32DS_ARM_v2018.R1/Cross_Tools/gcc-arm-none-eabi-4_9/arm-none-eabi/newlib/lib/armv7e-m/fpu\libnosys.a(_exit.o)
                              C:/NXP/S32DS_ARM_v2018.R1/Cross_Tools/gcc-arm-none-eabi-4_9/arm-none-eabi/newlib/lib/armv7e-m/fpu\libc.a(lib_a-exit.o) (_exit)

Allocating common symbols
Common symbol       size              file

g_xtal0ClkFreq      0x4               clock_S32K1xx.o
ram_bam_download_s32k144_DW
                    0x2               ram_bam_download_s32k144.o
ram_bam_download_s32k144_B
                    0x3               ram_bam_download_s32k144.o
ram_bam_download_s32k144_M_
                    0x4               ram_bam_download_s32k144.o
g_RtcClkInFreq      0x4               clock_S32K1xx.o
gPowerManagerState  0x10              power_manager_S32K1xx.o
g_TClkFreq          0xc               clock_S32K1xx.o

Discarded input sections

 .text          0x00000000        0x0 c:/nxp/s32ds_arm_v2018.r1/cross_tools/gcc-arm-none-eabi-4_9/bin/../lib/gcc/arm-none-eabi/4.9.3/armv7e-m/fpu/crti.o
 .data          0x00000000        0x0 c:/nxp/s32ds_arm_v2018.r1/cross_tools/gcc-arm-none-eabi-4_9/bin/../lib/gcc/arm-none-eabi/4.9.3/armv7e-m/fpu/crti.o
 .bss           0x00000000        0x0 c:/nxp/s32ds_arm_v2018.r1/cross_tools/gcc-arm-none-eabi-4_9/bin/../lib/gcc/arm-none-eabi/4.9.3/armv7e-m/fpu/crti.o
 .data          0x00000000        0x4 c:/nxp/s32ds_arm_v2018.r1/cross_tools/gcc-arm-none-eabi-4_9/bin/../lib/gcc/arm-none-eabi/4.9.3/armv7e-m/fpu/crtbegin.o
 .text          0x00000000       0x74 C:/NXP/S32DS_ARM_v2018.R1/Cross_Tools/gcc-arm-none-eabi-4_9/arm-none-eabi/newlib/lib/armv7e-m/fpu/crt0.o
 .data          0x00000000        0x0 C:/NXP/S32DS_ARM_v2018.R1/Cross_Tools/gcc-arm-none-eabi-4_9/arm-none-eabi/newlib/lib/armv7e-m/fpu/crt0.o
 .bss           0x00000000        0x0 C:/NXP/S32DS_ARM_v2018.R1/Cross_Tools/gcc-arm-none-eabi-4_9/arm-none-eabi/newlib/lib/armv7e-m/fpu/crt0.o
 .ARM.extab     0x00000000        0x0 C:/NXP/S32DS_ARM_v2018.R1/Cross_Tools/gcc-arm-none-eabi-4_9/arm-none-eabi/newlib/lib/armv7e-m/fpu/crt0.o
 .ARM.exidx     0x00000000        0x8 C:/NXP/S32DS_ARM_v2018.R1/Cross_Tools/gcc-arm-none-eabi-4_9/arm-none-eabi/newlib/lib/armv7e-m/fpu/crt0.o
 .ARM.attributes
                0x00000000       0x20 C:/NXP/S32DS_ARM_v2018.R1/Cross_Tools/gcc-arm-none-eabi-4_9/arm-none-eabi/newlib/lib/armv7e-m/fpu/crt0.o
 .data          0x00000000        0x0 startup_S32K144.o
 .bss           0x00000000        0x0 startup_S32K144.o
 .FlashConfig   0x00000000       0x10 startup_S32K144.o
 .data          0x00000000        0x0 interrupt_manager.o
 .data          0x00000000        0x0 lpit_driver.o
 .data          0x00000000        0x0 mbd_main.o
 .bss           0x00000000        0x0 mbd_main.o
 .data          0x00000000        0x0 pins_driver.o
 .bss           0x00000000        0x0 pins_driver.o
 .data          0x00000000        0x0 pins_port_hw_access.o
 .bss           0x00000000        0x0 pins_port_hw_access.o
 .data          0x00000000        0x0 power_manager.o
 .bss           0x00000000        0x0 power_manager.o
 .data          0x00000000        0x0 power_manager_S32K1xx.o
 .data          0x00000000        0x0 power_smc_hw_access.o
 .bss           0x00000000        0x0 power_smc_hw_access.o
 .data          0x00000000        0x0 ram_bam_download_s32k144.o
 .bss           0x00000000        0x0 ram_bam_download_s32k144.o
 .rodata        0x00000000        0x4 ram_bam_download_s32k144.o
 .data          0x00000000        0x0 s32k_clock_init.o
 .bss           0x00000000        0x0 s32k_clock_init.o
 .data          0x00000000        0x0 startup.o
 .bss           0x00000000        0x0 startup.o
 .bss           0x00000000        0x0 system_S32K144.o
 .data          0x00000000        0x0 c:/nxp/s32ds_arm_v2018.r1/cross_tools/gcc-arm-none-eabi-4_9/bin/../lib/gcc/arm-none-eabi/4.9.3/armv7e-m/fpu\libgcc.a(_aeabi_uldivmod.o)
 .bss           0x00000000        0x0 c:/nxp/s32ds_arm_v2018.r1/cross_tools/gcc-arm-none-eabi-4_9/bin/../lib/gcc/arm-none-eabi/4.9.3/armv7e-m/fpu\libgcc.a(_aeabi_uldivmod.o)
 .data          0x00000000        0x0 c:/nxp/s32ds_arm_v2018.r1/cross_tools/gcc-arm-none-eabi-4_9/bin/../lib/gcc/arm-none-eabi/4.9.3/armv7e-m/fpu\libgcc.a(bpabi.o)
 .bss           0x00000000        0x0 c:/nxp/s32ds_arm_v2018.r1/cross_tools/gcc-arm-none-eabi-4_9/bin/../lib/gcc/arm-none-eabi/4.9.3/armv7e-m/fpu\libgcc.a(bpabi.o)
 .data          0x00000000        0x0 c:/nxp/s32ds_arm_v2018.r1/cross_tools/gcc-arm-none-eabi-4_9/bin/../lib/gcc/arm-none-eabi/4.9.3/armv7e-m/fpu\libgcc.a(_dvmd_tls.o)
 .bss           0x00000000        0x0 c:/nxp/s32ds_arm_v2018.r1/cross_tools/gcc-arm-none-eabi-4_9/bin/../lib/gcc/arm-none-eabi/4.9.3/armv7e-m/fpu\libgcc.a(_dvmd_tls.o)
 .data          0x00000000        0x0 c:/nxp/s32ds_arm_v2018.r1/cross_tools/gcc-arm-none-eabi-4_9/bin/../lib/gcc/arm-none-eabi/4.9.3/armv7e-m/fpu\libgcc.a(_divdi3.o)
 .bss           0x00000000        0x0 c:/nxp/s32ds_arm_v2018.r1/cross_tools/gcc-arm-none-eabi-4_9/bin/../lib/gcc/arm-none-eabi/4.9.3/armv7e-m/fpu\libgcc.a(_divdi3.o)
 .ARM.extab     0x00000000        0x0 c:/nxp/s32ds_arm_v2018.r1/cross_tools/gcc-arm-none-eabi-4_9/bin/../lib/gcc/arm-none-eabi/4.9.3/armv7e-m/fpu\libgcc.a(_divdi3.o)
 .data          0x00000000        0x0 c:/nxp/s32ds_arm_v2018.r1/cross_tools/gcc-arm-none-eabi-4_9/bin/../lib/gcc/arm-none-eabi/4.9.3/armv7e-m/fpu\libgcc.a(_udivdi3.o)
 .bss           0x00000000        0x0 c:/nxp/s32ds_arm_v2018.r1/cross_tools/gcc-arm-none-eabi-4_9/bin/../lib/gcc/arm-none-eabi/4.9.3/armv7e-m/fpu\libgcc.a(_udivdi3.o)
 .ARM.extab     0x00000000        0x0 c:/nxp/s32ds_arm_v2018.r1/cross_tools/gcc-arm-none-eabi-4_9/bin/../lib/gcc/arm-none-eabi/4.9.3/armv7e-m/fpu\libgcc.a(_udivdi3.o)
 .text          0x00000000        0x0 C:/NXP/S32DS_ARM_v2018.R1/Cross_Tools/gcc-arm-none-eabi-4_9/arm-none-eabi/newlib/lib/armv7e-m/fpu\libc.a(lib_a-exit.o)
 .data          0x00000000        0x0 C:/NXP/S32DS_ARM_v2018.R1/Cross_Tools/gcc-arm-none-eabi-4_9/arm-none-eabi/newlib/lib/armv7e-m/fpu\libc.a(lib_a-exit.o)
 .bss           0x00000000        0x0 C:/NXP/S32DS_ARM_v2018.R1/Cross_Tools/gcc-arm-none-eabi-4_9/arm-none-eabi/newlib/lib/armv7e-m/fpu\libc.a(lib_a-exit.o)
 .text.exit     0x00000000       0x20 C:/NXP/S32DS_ARM_v2018.R1/Cross_Tools/gcc-arm-none-eabi-4_9/arm-none-eabi/newlib/lib/armv7e-m/fpu\libc.a(lib_a-exit.o)
 .debug_frame   0x00000000       0x28 C:/NXP/S32DS_ARM_v2018.R1/Cross_Tools/gcc-arm-none-eabi-4_9/arm-none-eabi/newlib/lib/armv7e-m/fpu\libc.a(lib_a-exit.o)
 .ARM.attributes
                0x00000000       0x34 C:/NXP/S32DS_ARM_v2018.R1/Cross_Tools/gcc-arm-none-eabi-4_9/arm-none-eabi/newlib/lib/armv7e-m/fpu\libc.a(lib_a-exit.o)
 .text          0x00000000        0x0 C:/NXP/S32DS_ARM_v2018.R1/Cross_Tools/gcc-arm-none-eabi-4_9/arm-none-eabi/newlib/lib/armv7e-m/fpu\libc.a(lib_a-impure.o)
 .data          0x00000000        0x0 C:/NXP/S32DS_ARM_v2018.R1/Cross_Tools/gcc-arm-none-eabi-4_9/arm-none-eabi/newlib/lib/armv7e-m/fpu\libc.a(lib_a-impure.o)
 .bss           0x00000000        0x0 C:/NXP/S32DS_ARM_v2018.R1/Cross_Tools/gcc-arm-none-eabi-4_9/arm-none-eabi/newlib/lib/armv7e-m/fpu\libc.a(lib_a-impure.o)
 .data._impure_ptr
                0x00000000        0x4 C:/NXP/S32DS_ARM_v2018.R1/Cross_Tools/gcc-arm-none-eabi-4_9/arm-none-eabi/newlib/lib/armv7e-m/fpu\libc.a(lib_a-impure.o)
 .text          0x00000000        0x0 C:/NXP/S32DS_ARM_v2018.R1/Cross_Tools/gcc-arm-none-eabi-4_9/arm-none-eabi/newlib/lib/armv7e-m/fpu\libc.a(lib_a-init.o)
 .data          0x00000000        0x0 C:/NXP/S32DS_ARM_v2018.R1/Cross_Tools/gcc-arm-none-eabi-4_9/arm-none-eabi/newlib/lib/armv7e-m/fpu\libc.a(lib_a-init.o)
 .bss           0x00000000        0x0 C:/NXP/S32DS_ARM_v2018.R1/Cross_Tools/gcc-arm-none-eabi-4_9/arm-none-eabi/newlib/lib/armv7e-m/fpu\libc.a(lib_a-init.o)
 .text.__libc_init_array
                0x00000000       0x50 C:/NXP/S32DS_ARM_v2018.R1/Cross_Tools/gcc-arm-none-eabi-4_9/arm-none-eabi/newlib/lib/armv7e-m/fpu\libc.a(lib_a-init.o)
 .debug_frame   0x00000000       0x2c C:/NXP/S32DS_ARM_v2018.R1/Cross_Tools/gcc-arm-none-eabi-4_9/arm-none-eabi/newlib/lib/armv7e-m/fpu\libc.a(lib_a-init.o)
 .ARM.attributes
                0x00000000       0x34 C:/NXP/S32DS_ARM_v2018.R1/Cross_Tools/gcc-arm-none-eabi-4_9/arm-none-eabi/newlib/lib/armv7e-m/fpu\libc.a(lib_a-init.o)
 .text          0x00000000        0x0 C:/NXP/S32DS_ARM_v2018.R1/Cross_Tools/gcc-arm-none-eabi-4_9/arm-none-eabi/newlib/lib/armv7e-m/fpu\libc.a(lib_a-memset.o)
 .data          0x00000000        0x0 C:/NXP/S32DS_ARM_v2018.R1/Cross_Tools/gcc-arm-none-eabi-4_9/arm-none-eabi/newlib/lib/armv7e-m/fpu\libc.a(lib_a-memset.o)
 .bss           0x00000000        0x0 C:/NXP/S32DS_ARM_v2018.R1/Cross_Tools/gcc-arm-none-eabi-4_9/arm-none-eabi/newlib/lib/armv7e-m/fpu\libc.a(lib_a-memset.o)
 .text          0x00000000        0x0 C:/NXP/S32DS_ARM_v2018.R1/Cross_Tools/gcc-arm-none-eabi-4_9/arm-none-eabi/newlib/lib/armv7e-m/fpu\libc.a(lib_a-__call_atexit.o)
 .data          0x00000000        0x0 C:/NXP/S32DS_ARM_v2018.R1/Cross_Tools/gcc-arm-none-eabi-4_9/arm-none-eabi/newlib/lib/armv7e-m/fpu\libc.a(lib_a-__call_atexit.o)
 .bss           0x00000000        0x0 C:/NXP/S32DS_ARM_v2018.R1/Cross_Tools/gcc-arm-none-eabi-4_9/arm-none-eabi/newlib/lib/armv7e-m/fpu\libc.a(lib_a-__call_atexit.o)
 .text.__call_exitprocs
                0x00000000       0xd4 C:/NXP/S32DS_ARM_v2018.R1/Cross_Tools/gcc-arm-none-eabi-4_9/arm-none-eabi/newlib/lib/armv7e-m/fpu\libc.a(lib_a-__call_atexit.o)
 .text          0x00000000        0x0 C:/NXP/S32DS_ARM_v2018.R1/Cross_Tools/gcc-arm-none-eabi-4_9/arm-none-eabi/newlib/lib/armv7e-m/fpu\libc.a(lib_a-atexit.o)
 .data          0x00000000        0x0 C:/NXP/S32DS_ARM_v2018.R1/Cross_Tools/gcc-arm-none-eabi-4_9/arm-none-eabi/newlib/lib/armv7e-m/fpu\libc.a(lib_a-atexit.o)
 .bss           0x00000000        0x0 C:/NXP/S32DS_ARM_v2018.R1/Cross_Tools/gcc-arm-none-eabi-4_9/arm-none-eabi/newlib/lib/armv7e-m/fpu\libc.a(lib_a-atexit.o)
 .text          0x00000000        0x0 C:/NXP/S32DS_ARM_v2018.R1/Cross_Tools/gcc-arm-none-eabi-4_9/arm-none-eabi/newlib/lib/armv7e-m/fpu\libc.a(lib_a-fini.o)
 .data          0x00000000        0x0 C:/NXP/S32DS_ARM_v2018.R1/Cross_Tools/gcc-arm-none-eabi-4_9/arm-none-eabi/newlib/lib/armv7e-m/fpu\libc.a(lib_a-fini.o)
 .bss           0x00000000        0x0 C:/NXP/S32DS_ARM_v2018.R1/Cross_Tools/gcc-arm-none-eabi-4_9/arm-none-eabi/newlib/lib/armv7e-m/fpu\libc.a(lib_a-fini.o)
 .text          0x00000000        0x0 C:/NXP/S32DS_ARM_v2018.R1/Cross_Tools/gcc-arm-none-eabi-4_9/arm-none-eabi/newlib/lib/armv7e-m/fpu\libc.a(lib_a-__atexit.o)
 .data          0x00000000        0x0 C:/NXP/S32DS_ARM_v2018.R1/Cross_Tools/gcc-arm-none-eabi-4_9/arm-none-eabi/newlib/lib/armv7e-m/fpu\libc.a(lib_a-__atexit.o)
 .bss           0x00000000        0x0 C:/NXP/S32DS_ARM_v2018.R1/Cross_Tools/gcc-arm-none-eabi-4_9/arm-none-eabi/newlib/lib/armv7e-m/fpu\libc.a(lib_a-__atexit.o)
 .text          0x00000000        0x0 C:/NXP/S32DS_ARM_v2018.R1/Cross_Tools/gcc-arm-none-eabi-4_9/arm-none-eabi/newlib/lib/armv7e-m/fpu\libnosys.a(_exit.o)
 .data          0x00000000        0x0 C:/NXP/S32DS_ARM_v2018.R1/Cross_Tools/gcc-arm-none-eabi-4_9/arm-none-eabi/newlib/lib/armv7e-m/fpu\libnosys.a(_exit.o)
 .bss           0x00000000        0x0 C:/NXP/S32DS_ARM_v2018.R1/Cross_Tools/gcc-arm-none-eabi-4_9/arm-none-eabi/newlib/lib/armv7e-m/fpu\libnosys.a(_exit.o)
 .text._exit    0x00000000        0x4 C:/NXP/S32DS_ARM_v2018.R1/Cross_Tools/gcc-arm-none-eabi-4_9/arm-none-eabi/newlib/lib/armv7e-m/fpu\libnosys.a(_exit.o)
 .debug_frame   0x00000000       0x20 C:/NXP/S32DS_ARM_v2018.R1/Cross_Tools/gcc-arm-none-eabi-4_9/arm-none-eabi/newlib/lib/armv7e-m/fpu\libnosys.a(_exit.o)
 .ARM.attributes
                0x00000000       0x34 C:/NXP/S32DS_ARM_v2018.R1/Cross_Tools/gcc-arm-none-eabi-4_9/arm-none-eabi/newlib/lib/armv7e-m/fpu\libnosys.a(_exit.o)
 .text          0x00000000        0x0 c:/nxp/s32ds_arm_v2018.r1/cross_tools/gcc-arm-none-eabi-4_9/bin/../lib/gcc/arm-none-eabi/4.9.3/armv7e-m/fpu/crtend.o
 .data          0x00000000        0x0 c:/nxp/s32ds_arm_v2018.r1/cross_tools/gcc-arm-none-eabi-4_9/bin/../lib/gcc/arm-none-eabi/4.9.3/armv7e-m/fpu/crtend.o
 .bss           0x00000000        0x0 c:/nxp/s32ds_arm_v2018.r1/cross_tools/gcc-arm-none-eabi-4_9/bin/../lib/gcc/arm-none-eabi/4.9.3/armv7e-m/fpu/crtend.o
 .eh_frame      0x00000000        0x4 c:/nxp/s32ds_arm_v2018.r1/cross_tools/gcc-arm-none-eabi-4_9/bin/../lib/gcc/arm-none-eabi/4.9.3/armv7e-m/fpu/crtend.o
 .text          0x00000000        0x0 c:/nxp/s32ds_arm_v2018.r1/cross_tools/gcc-arm-none-eabi-4_9/bin/../lib/gcc/arm-none-eabi/4.9.3/armv7e-m/fpu/crtn.o
 .data          0x00000000        0x0 c:/nxp/s32ds_arm_v2018.r1/cross_tools/gcc-arm-none-eabi-4_9/bin/../lib/gcc/arm-none-eabi/4.9.3/armv7e-m/fpu/crtn.o
 .bss           0x00000000        0x0 c:/nxp/s32ds_arm_v2018.r1/cross_tools/gcc-arm-none-eabi-4_9/bin/../lib/gcc/arm-none-eabi/4.9.3/armv7e-m/fpu/crtn.o

Memory Configuration

Name             Origin             Length             Attributes
m_interrupts     0x1fff9000         0x00000400         xr
m_boot_data      0x1fff9400         0x00000010         xr
m_text           0x1fff9410         0x00006bef         xr
m_data           0x20000000         0x00006000         rw
m_data_2         0x20006000         0x00001000         rw
*default*        0x00000000         0xffffffff

Linker script and memory map

LOAD c:/nxp/s32ds_arm_v2018.r1/cross_tools/gcc-arm-none-eabi-4_9/bin/../lib/gcc/arm-none-eabi/4.9.3/armv7e-m/fpu/crti.o
LOAD c:/nxp/s32ds_arm_v2018.r1/cross_tools/gcc-arm-none-eabi-4_9/bin/../lib/gcc/arm-none-eabi/4.9.3/armv7e-m/fpu/crtbegin.o
LOAD C:/NXP/S32DS_ARM_v2018.R1/Cross_Tools/gcc-arm-none-eabi-4_9/arm-none-eabi/newlib/lib/armv7e-m/fpu/crt0.o
                0x00000001                __ram_vector_table__ = 0x1
LOAD startup_S32K144.o
LOAD clock_S32K1xx.o
LOAD interrupt_manager.o
LOAD lpit_driver.o
LOAD mbd_main.o
LOAD pins_driver.o
LOAD pins_port_hw_access.o
LOAD power_manager.o
LOAD power_manager_S32K1xx.o
LOAD power_smc_hw_access.o
LOAD ram_bam_download_s32k144.o
LOAD s32k_clock_init.o
LOAD startup.o
LOAD system_S32K144.o
LOAD C:/NXP/S32DS_ARM_v2018.R1/Cross_Tools/gcc-arm-none-eabi-4_9/arm-none-eabi/newlib/lib/armv7e-m/fpu\libm.a
LOAD S32K14x_AMMCLIB.a
START GROUP
LOAD c:/nxp/s32ds_arm_v2018.r1/cross_tools/gcc-arm-none-eabi-4_9/bin/../lib/gcc/arm-none-eabi/4.9.3/armv7e-m/fpu\libgcc.a
LOAD C:/NXP/S32DS_ARM_v2018.R1/Cross_Tools/gcc-arm-none-eabi-4_9/arm-none-eabi/newlib/lib/armv7e-m/fpu\libc.a
END GROUP
START GROUP
LOAD c:/nxp/s32ds_arm_v2018.r1/cross_tools/gcc-arm-none-eabi-4_9/bin/../lib/gcc/arm-none-eabi/4.9.3/armv7e-m/fpu\libgcc.a
LOAD C:/NXP/S32DS_ARM_v2018.R1/Cross_Tools/gcc-arm-none-eabi-4_9/arm-none-eabi/newlib/lib/armv7e-m/fpu\libc.a
LOAD C:/NXP/S32DS_ARM_v2018.R1/Cross_Tools/gcc-arm-none-eabi-4_9/arm-none-eabi/newlib/lib/armv7e-m/fpu\libnosys.a
END GROUP
LOAD c:/nxp/s32ds_arm_v2018.r1/cross_tools/gcc-arm-none-eabi-4_9/bin/../lib/gcc/arm-none-eabi/4.9.3/armv7e-m/fpu/crtend.o
LOAD c:/nxp/s32ds_arm_v2018.r1/cross_tools/gcc-arm-none-eabi-4_9/bin/../lib/gcc/arm-none-eabi/4.9.3/armv7e-m/fpu/crtn.o
                0x00000400                HEAP_SIZE = DEFINED (__heap_size__)?__heap_size__:0x400
                0x00000400                STACK_SIZE = DEFINED (__stack_size__)?__stack_size__:0x400

.interrupts     0x1fff9000      0x400
                0x1fff9000                __VECTOR_TABLE = .
                0x1fff9000                __interrupts_start__ = .
                0x1fff9000                . = ALIGN (0x4)
 *(.isr_vector)
 .isr_vector    0x1fff9000      0x400 startup_S32K144.o
                0x1fff9000                __isr_vector
                0x1fff9400                __interrupts_end__ = .
                0x1fff9400                . = ALIGN (0x4)

.boot_data      0x1fff9400       0x10
                0x1fff9400                . = ALIGN (0x4)
 *(.bootdata)
 .bootdata      0x1fff9400       0x10 mbd_main.o
                0x1fff9400                BOOTDATA
                0x1fff9410                . = ALIGN (0x4)
                0x1fff9000                __VECTOR_RAM = __VECTOR_TABLE
                0x00000000                __RAM_VECTOR_TABLE_SIZE = 0x0

.text           0x1fff9410     0x3dec
                0x1fff9410                . = ALIGN (0x4)
 *(.text)
 .text          0x1fff9410       0x5c c:/nxp/s32ds_arm_v2018.r1/cross_tools/gcc-arm-none-eabi-4_9/bin/../lib/gcc/arm-none-eabi/4.9.3/armv7e-m/fpu/crtbegin.o
 .text          0x1fff946c       0x44 startup_S32K144.o
                0x1fff946c                Reset_Handler
                0x1fff94ac                DebugMon_Handler
                0x1fff94ac                Reserved88_IRQHandler
                0x1fff94ac                CAN0_ORed_IRQHandler
                0x1fff94ac                HardFault_Handler
                0x1fff94ac                Reserved86_IRQHandler
                0x1fff94ac                Reserved103_IRQHandler
                0x1fff94ac                SysTick_Handler
                0x1fff94ac                FTM2_Ovf_Reload_IRQHandler
                0x1fff94ac                Reserved50_IRQHandler
                0x1fff94ac                FTFC_Fault_IRQHandler
                0x1fff94ac                FTM0_Ch6_Ch7_IRQHandler
                0x1fff94ac                Reserved114_IRQHandler
                0x1fff94ac                PendSV_Handler
                0x1fff94ac                NMI_Handler
                0x1fff94ac                Reserved89_IRQHandler
                0x1fff94ac                ERM_double_fault_IRQHandler
                0x1fff94ac                DMA2_IRQHandler
                0x1fff94ac                Reserved59_IRQHandler
                0x1fff94ac                Reserved99_IRQHandler
                0x1fff94ac                FTM3_Ch6_Ch7_IRQHandler
                0x1fff94ac                CAN2_ORed_0_15_MB_IRQHandler
                0x1fff94ac                LPIT0_Ch3_IRQHandler
                0x1fff94ac                Reserved92_IRQHandler
                0x1fff94ac                FTM0_Ch4_Ch5_IRQHandler
                0x1fff94ac                CAN1_Error_IRQHandler
                0x1fff94ac                FTM3_Ch0_Ch1_IRQHandler
                0x1fff94ac                SWI_IRQHandler
                0x1fff94ac                ADC0_IRQHandler
                0x1fff94ac                FTM2_Ch4_Ch5_IRQHandler
                0x1fff94ac                UsageFault_Handler
                0x1fff94ac                FTM0_Ovf_Reload_IRQHandler
                0x1fff94ac                DefaultISR
                0x1fff94ac                DMA9_IRQHandler
                0x1fff94ac                Reserved58_IRQHandler
                0x1fff94ac                CAN1_ORed_0_15_MB_IRQHandler
                0x1fff94ac                FTM1_Ch2_Ch3_IRQHandler
                0x1fff94ac                DMA14_IRQHandler
                0x1fff94ac                Reserved82_IRQHandler
                0x1fff94ac                CAN0_ORed_16_31_MB_IRQHandler
                0x1fff94ac                LPI2C0_Slave_IRQHandler
                0x1fff94ac                Reserved71_IRQHandler
                0x1fff94ac                PORTD_IRQHandler
                0x1fff94ac                Reserved69_IRQHandler
                0x1fff94ac                PORTB_IRQHandler
                0x1fff94ac                Reserved70_IRQHandler
                0x1fff94ac                ADC1_IRQHandler
                0x1fff94ac                FTM2_Ch2_Ch3_IRQHandler
                0x1fff94ac                Reserved53_IRQHandler
                0x1fff94ac                DMA5_IRQHandler
                0x1fff94ac                RTC_IRQHandler
                0x1fff94ac                PDB0_IRQHandler
                0x1fff94ac                Reserved54_IRQHandler
                0x1fff94ac                FTM2_Ch6_Ch7_IRQHandler
                0x1fff94ac                FTM3_Ch2_Ch3_IRQHandler
                0x1fff94ac                FTM2_Ch0_Ch1_IRQHandler
                0x1fff94ac                LPSPI1_IRQHandler
                0x1fff94ac                LPUART1_RxTx_IRQHandler
                0x1fff94ac                RTC_Seconds_IRQHandler
                0x1fff94ac                CAN2_ORed_IRQHandler
                0x1fff94ac                Reserved72_IRQHandler
                0x1fff94ac                Reserved110_IRQHandler
                0x1fff94ac                DMA11_IRQHandler
                0x1fff94ac                Reserved107_IRQHandler
                0x1fff94ac                Read_Collision_IRQHandler
                0x1fff94ac                CAN2_Error_IRQHandler
                0x1fff94ac                FTFC_IRQHandler
                0x1fff94ac                DMA7_IRQHandler
                0x1fff94ac                FTM1_Ch6_Ch7_IRQHandler
                0x1fff94ac                Reserved105_IRQHandler
                0x1fff94ac                LPIT0_Ch1_IRQHandler
                0x1fff94ac                FTM1_Ch4_Ch5_IRQHandler
                0x1fff94ac                FTM3_Ovf_Reload_IRQHandler
                0x1fff94ac                LPUART2_RxTx_IRQHandler
                0x1fff94ac                LPSPI0_IRQHandler
                0x1fff94ac                WDOG_EWM_IRQHandler
                0x1fff94ac                MemManage_Handler
                0x1fff94ac                Reserved90_IRQHandler
                0x1fff94ac                Reserved83_IRQHandler
                0x1fff94ac                FTM0_Fault_IRQHandler
                0x1fff94ac                Reserved48_IRQHandler
                0x1fff94ac                SVC_Handler
                0x1fff94ac                ERM_single_fault_IRQHandler
                0x1fff94ac                FTM2_Fault_IRQHandler
                0x1fff94ac                FTM0_Ch2_Ch3_IRQHandler
                0x1fff94ac                DMA13_IRQHandler
                0x1fff94ac                FTM0_Ch0_Ch1_IRQHandler
                0x1fff94ac                FTM3_Fault_IRQHandler
                0x1fff94ac                RCM_IRQHandler
                0x1fff94ac                DMA3_IRQHandler
                0x1fff94ac                Reserved100_IRQHandler
                0x1fff94ac                DMA0_IRQHandler
                0x1fff94ac                Reserved91_IRQHandler
                0x1fff94ac                CAN1_ORed_IRQHandler
                0x1fff94ac                DMA15_IRQHandler
                0x1fff94ac                SCG_IRQHandler
                0x1fff94ac                PDB1_IRQHandler
                0x1fff94ac                Reserved81_IRQHandler
                0x1fff94ac                Reserved46_IRQHandler
                0x1fff94ac                Reserved45_IRQHandler
                0x1fff94ac                CAN0_Error_IRQHandler
                0x1fff94ac                Reserved112_IRQHandler
                0x1fff94ac                LPI2C0_Master_IRQHandler
                0x1fff94ac                DMA4_IRQHandler
                0x1fff94ac                FTM1_Fault_IRQHandler
                0x1fff94ac                Reserved106_IRQHandler
                0x1fff94ac                DMA_Error_IRQHandler
                0x1fff94ac                LVD_LVW_IRQHandler
                0x1fff94ac                LPIT0_Ch2_IRQHandler
                0x1fff94ac                PORTA_IRQHandler
                0x1fff94ac                MCM_IRQHandler
                0x1fff94ac                LPSPI2_IRQHandler
                0x1fff94ac                DMA12_IRQHandler
                0x1fff94ac                FTM3_Ch4_Ch5_IRQHandler
                0x1fff94ac                CAN0_ORed_0_15_MB_IRQHandler
                0x1fff94ac                PORTE_IRQHandler
                0x1fff94ac                LPUART0_RxTx_IRQHandler
                0x1fff94ac                LPTMR0_IRQHandler
                0x1fff94ac                BusFault_Handler
                0x1fff94ac                Reserved87_IRQHandler
                0x1fff94ac                FTM1_Ovf_Reload_IRQHandler
                0x1fff94ac                DMA8_IRQHandler
                0x1fff94ac                Reserved93_IRQHandler
                0x1fff94ac                DMA10_IRQHandler
                0x1fff94ac                CAN0_Wake_Up_IRQHandler
                0x1fff94ac                CMP0_IRQHandler
                0x1fff94ac                Reserved52_IRQHandler
                0x1fff94ac                PORTC_IRQHandler
                0x1fff94ac                DMA6_IRQHandler
                0x1fff94ac                FTM1_Ch0_Ch1_IRQHandler
                0x1fff94ac                FLEXIO_IRQHandler
                0x1fff94ac                DMA1_IRQHandler
                0x1fff94ac                Reserved113_IRQHandler
 .text          0x1fff94b0     0x1b98 clock_S32K1xx.o
                0x1fffa030                CLOCK_DRV_Init
                0x1fffa5c4                CLOCK_DRV_GetFreq
                0x1fffa97c                CLOCK_DRV_SetModuleClock
                0x1fffaaf4                CLOCK_DRV_SetSystemClock
                0x1fffac04                CLOCK_DRV_GetSystemClockSource
                0x1fffac60                CLOCK_DRV_SetClockSource
                0x1fffaf14                CLOCK_SYS_Init
                0x1fffaf30                CLOCK_SYS_UpdateConfiguration
                0x1fffb010                CLOCK_SYS_GetCurrentConfiguration
                0x1fffb01c                CLOCK_SYS_GetErrorCallback
                0x1fffb038                CLOCK_SYS_GetFreq
                0x1fffb040                CLOCK_SYS_SetConfiguration
 .text          0x1fffb048      0x194 interrupt_manager.o
                0x1fffb048                INT_SYS_InstallHandler
                0x1fffb078                INT_SYS_EnableIRQ
                0x1fffb090                INT_SYS_DisableIRQ
                0x1fffb0a8                INT_SYS_EnableIRQGlobal
                0x1fffb0c4                INT_SYS_DisableIRQGlobal
                0x1fffb0d4                INT_SYS_SetPriority
                0x1fffb130                INT_SYS_GetPriority
                0x1fffb174                INT_SYS_ClearPending
                0x1fffb18c                INT_SYS_SetPending
                0x1fffb1a4                INT_SYS_GetPending
                0x1fffb1c0                INT_SYS_GetActive
 .text          0x1fffb1dc      0x658 lpit_driver.o
                0x1fffb1dc                LPIT_DRV_GetDefaultConfig
                0x1fffb1e4                LPIT_DRV_GetDefaultChanConfig
                0x1fffb204                LPIT_DRV_Init
                0x1fffb2b0                LPIT_DRV_Deinit
                0x1fffb2c0                LPIT_DRV_StartTimerChannels
                0x1fffb2d0                LPIT_DRV_StopTimerChannels
                0x1fffb2e0                LPIT_DRV_SetTimerPeriodByUs
                0x1fffb38c                LPIT_DRV_InitChannel
                0x1fffb510                LPIT_DRV_SetTimerPeriodInDual16ModeByUs
                0x1fffb598                LPIT_DRV_GetTimerPeriodByUs
                0x1fffb6a8                LPIT_DRV_GetCurrentTimerUs
                0x1fffb790                LPIT_DRV_SetTimerPeriodByCount
                0x1fffb7a0                LPIT_DRV_SetTimerPeriodInDual16ModeByCount
                0x1fffb7b4                LPIT_DRV_GetTimerPeriodByCount
                0x1fffb7d8                LPIT_DRV_GetCurrentTimerCount
                0x1fffb7fc                LPIT_DRV_EnableTimerChannelInterrupt
                0x1fffb80c                LPIT_DRV_DisableTimerChannelInterrupt
                0x1fffb81c                LPIT_DRV_GetInterruptFlagTimerChannels
                0x1fffb828                LPIT_DRV_ClearInterruptFlagTimerChannels
 .text          0x1fffb834       0xbc mbd_main.o
                0x1fffb834                LPIT0_Ch0_IRQHandler
                0x1fffb844                SYSTEM_INIT_TASK
                0x1fffb84c                SYSTEM_TASK
                0x1fffb854                lpit0_init
                0x1fffb8c8                main
 .text          0x1fffb8f0      0x150 pins_driver.o
                0x1fffb8f0                PINS_DRV_Init
                0x1fffb910                PINS_DRV_SetPullSel
                0x1fffb94c                PINS_DRV_SetMuxModeSel
                0x1fffb954                PINS_DRV_SetPinIntSel
                0x1fffb96c                PINS_DRV_GetPinIntSel
                0x1fffb978                PINS_DRV_ClearPinIntFlagCmd
                0x1fffb988                PINS_DRV_EnableDigitalFilter
                0x1fffb998                PINS_DRV_DisableDigitalFilter
                0x1fffb9ac                PINS_DRV_ConfigDigitalFilter
                0x1fffb9c4                PINS_DRV_GetPortIntFlag
                0x1fffb9cc                PINS_DRV_ClearPortIntFlagCmd
                0x1fffb9d8                PINS_DRV_GetPinsDirection
                0x1fffb9dc                PINS_DRV_SetPinDirection
                0x1fffb9f4                PINS_DRV_SetPinsDirection
                0x1fffb9f8                PINS_DRV_SetPortInputDisable
                0x1fffb9fc                PINS_DRV_GetPortInputDisable
                0x1fffba00                PINS_DRV_SetGlobalPinControl
                0x1fffba08                PINS_DRV_SetGlobalIntControl
                0x1fffba10                PINS_DRV_WritePin
                0x1fffba28                PINS_DRV_WritePins
                0x1fffba2c                PINS_DRV_GetPinsOutput
                0x1fffba30                PINS_DRV_SetPins
                0x1fffba34                PINS_DRV_ClearPins
                0x1fffba38                PINS_DRV_TogglePins
                0x1fffba3c                PINS_DRV_ReadPins
 .text          0x1fffba40      0x224 pins_port_hw_access.o
                0x1fffbab4                PINS_Init
                0x1fffbbc4                PINS_SetMuxModeSel
                0x1fffbc14                PINS_SetGlobalPinControl
                0x1fffbc40                PINS_SetGlobalIntControl
 .text          0x1fffbc64      0x1c8 power_manager.o
                0x1fffbd00                POWER_SYS_Init
                0x1fffbd2c                POWER_SYS_Deinit
                0x1fffbd44                POWER_SYS_GetLastMode
                0x1fffbd5c                POWER_SYS_GetLastModeConfig
                0x1fffbd78                POWER_SYS_GetErrorCallbackIndex
                0x1fffbd84                POWER_SYS_GetErrorCallback
                0x1fffbda0                POWER_SYS_SetMode
                0x1fffbe20                POWER_SYS_GetDefaultConfig
 .text          0x1fffbe2c      0x4c8 power_manager_S32K1xx.o
                0x1fffbee0                POWER_SYS_DoInit
                0x1fffbf60                POWER_SYS_DoDeinit
                0x1fffbf64                POWER_SYS_GetCurrentMode
                0x1fffbf88                POWER_SYS_DoSetMode
                0x1fffc294                POWER_SYS_GetResetSrcStatusCmd
 .text          0x1fffc2f4      0x140 power_smc_hw_access.o
                0x1fffc368                SMC_SetPowerMode
                0x1fffc41c                SMC_SetProtectionMode
 .text          0x1fffc434      0x18c ram_bam_download_s32k144.o
                0x1fffc434                ram_bam_download_s32k144_step
                0x1fffc4b8                ram_bam_download_s32k144_initialize
                0x1fffc5bc                ram_bam_download_s32k144_terminate
 .text          0x1fffc5c0      0x114 s32k_clock_init.o
                0x1fffc5c0                Clock_Setup
                0x1fffc6bc                UpdateSystickConfig
 .text          0x1fffc6d4       0xd8 startup.o
                0x1fffc6d4                init_data_bss
 .text          0x1fffc7ac       0xd4 system_S32K144.o
                0x1fffc7ac                SystemInit
                0x1fffc7e8                SystemCoreClockUpdate
                0x1fffc868                SystemSoftwareReset
 .text          0x1fffc880       0x30 c:/nxp/s32ds_arm_v2018.r1/cross_tools/gcc-arm-none-eabi-4_9/bin/../lib/gcc/arm-none-eabi/4.9.3/armv7e-m/fpu\libgcc.a(_aeabi_uldivmod.o)
                0x1fffc880                __aeabi_uldivmod
 .text          0x1fffc8b0       0x60 c:/nxp/s32ds_arm_v2018.r1/cross_tools/gcc-arm-none-eabi-4_9/bin/../lib/gcc/arm-none-eabi/4.9.3/armv7e-m/fpu\libgcc.a(bpabi.o)
                0x1fffc8b0                __gnu_ldivmod_helper
                0x1fffc8e0                __gnu_uldivmod_helper
 .text          0x1fffc910        0x4 c:/nxp/s32ds_arm_v2018.r1/cross_tools/gcc-arm-none-eabi-4_9/bin/../lib/gcc/arm-none-eabi/4.9.3/armv7e-m/fpu\libgcc.a(_dvmd_tls.o)
                0x1fffc910                __aeabi_idiv0
                0x1fffc910                __aeabi_ldiv0
 .text          0x1fffc914      0x29c c:/nxp/s32ds_arm_v2018.r1/cross_tools/gcc-arm-none-eabi-4_9/bin/../lib/gcc/arm-none-eabi/4.9.3/armv7e-m/fpu\libgcc.a(_divdi3.o)
                0x1fffc914                __divdi3
 .text          0x1fffcbb0      0x26c c:/nxp/s32ds_arm_v2018.r1/cross_tools/gcc-arm-none-eabi-4_9/bin/../lib/gcc/arm-none-eabi/4.9.3/armv7e-m/fpu\libgcc.a(_udivdi3.o)
                0x1fffcbb0                __udivdi3
 *(.text*)
 .text.memset   0x1fffce1c       0x9c C:/NXP/S32DS_ARM_v2018.R1/Cross_Tools/gcc-arm-none-eabi-4_9/arm-none-eabi/newlib/lib/armv7e-m/fpu\libc.a(lib_a-memset.o)
                0x1fffce1c                memset
 .text.startup.register_fini
                0x1fffceb8       0x14 C:/NXP/S32DS_ARM_v2018.R1/Cross_Tools/gcc-arm-none-eabi-4_9/arm-none-eabi/newlib/lib/armv7e-m/fpu\libc.a(lib_a-__call_atexit.o)
 .text.atexit   0x1fffcecc        0xc C:/NXP/S32DS_ARM_v2018.R1/Cross_Tools/gcc-arm-none-eabi-4_9/arm-none-eabi/newlib/lib/armv7e-m/fpu\libc.a(lib_a-atexit.o)
                0x1fffcecc                atexit
 .text.__libc_fini_array
                0x1fffced8       0x2c C:/NXP/S32DS_ARM_v2018.R1/Cross_Tools/gcc-arm-none-eabi-4_9/arm-none-eabi/newlib/lib/armv7e-m/fpu\libc.a(lib_a-fini.o)
                0x1fffced8                __libc_fini_array
 .text.__register_exitproc
                0x1fffcf04       0xa4 C:/NXP/S32DS_ARM_v2018.R1/Cross_Tools/gcc-arm-none-eabi-4_9/arm-none-eabi/newlib/lib/armv7e-m/fpu\libc.a(lib_a-__atexit.o)
                0x1fffcf04                __register_exitproc
 *(.rodata)
 .rodata        0x1fffcfa8      0x20d clock_S32K1xx.o
                0x1fffd0a4                clockNameMappings
                0x1fffd154                peripheralFeaturesList
 *fill*         0x1fffd1b5        0x3 
 .rodata        0x1fffd1b8        0x4 lpit_driver.o
 .rodata        0x1fffd1bc       0x1c mbd_main.o
 *(.rodata*)
 .rodata.str1.4
                0x1fffd1d8        0x4 C:/NXP/S32DS_ARM_v2018.R1/Cross_Tools/gcc-arm-none-eabi-4_9/arm-none-eabi/newlib/lib/armv7e-m/fpu\libc.a(lib_a-impure.o)
                                  0x2 (size before relaxing)
 .rodata._global_impure_ptr
                0x1fffd1dc        0x4 C:/NXP/S32DS_ARM_v2018.R1/Cross_Tools/gcc-arm-none-eabi-4_9/arm-none-eabi/newlib/lib/armv7e-m/fpu\libc.a(lib_a-impure.o)
                0x1fffd1dc                _global_impure_ptr
 *(.glue_7)
 .glue_7        0x00000000        0x0 linker stubs
 *(.glue_7t)
 .glue_7t       0x00000000        0x0 linker stubs
 *(.eh_frame)
 .eh_frame      0x1fffd1e0        0x0 c:/nxp/s32ds_arm_v2018.r1/cross_tools/gcc-arm-none-eabi-4_9/bin/../lib/gcc/arm-none-eabi/4.9.3/armv7e-m/fpu/crtbegin.o
 *(.init)
 .init          0x1fffd1e0        0x4 c:/nxp/s32ds_arm_v2018.r1/cross_tools/gcc-arm-none-eabi-4_9/bin/../lib/gcc/arm-none-eabi/4.9.3/armv7e-m/fpu/crti.o
                0x1fffd1e0                _init
 .init          0x1fffd1e4        0x8 c:/nxp/s32ds_arm_v2018.r1/cross_tools/gcc-arm-none-eabi-4_9/bin/../lib/gcc/arm-none-eabi/4.9.3/armv7e-m/fpu/crtn.o
 *(.fini)
 .fini          0x1fffd1ec        0x4 c:/nxp/s32ds_arm_v2018.r1/cross_tools/gcc-arm-none-eabi-4_9/bin/../lib/gcc/arm-none-eabi/4.9.3/armv7e-m/fpu/crti.o
                0x1fffd1ec                _fini
 .fini          0x1fffd1f0        0x8 c:/nxp/s32ds_arm_v2018.r1/cross_tools/gcc-arm-none-eabi-4_9/bin/../lib/gcc/arm-none-eabi/4.9.3/armv7e-m/fpu/crtn.o
                0x1fffd1f8                . = ALIGN (0x4)
 *(.appkey)
 .appkey        0x1fffd1f8        0x4 mbd_main.o
                0x1fffd1f8                APPKEY
                0x1fffd1fc                . = ALIGN (0x4)

.vfp11_veneer   0x1fffd1fc        0x0
 .vfp11_veneer  0x00000000        0x0 linker stubs

.v4_bx          0x1fffd1fc        0x0
 .v4_bx         0x00000000        0x0 linker stubs

.iplt           0x1fffd1fc        0x0
 .iplt          0x00000000        0x0 c:/nxp/s32ds_arm_v2018.r1/cross_tools/gcc-arm-none-eabi-4_9/bin/../lib/gcc/arm-none-eabi/4.9.3/armv7e-m/fpu/crtbegin.o

.code_ram       0x1fffd1fc        0x0
                0x1fffd1fc                . = ALIGN (0x4)
                0x1fffd1fc                __CODE_RAM = .
                0x1fffd1fc                __code_ram_start__ = .
 *(.code_ram)
                0x1fffd1fc                __CODE_ROM = .
                0x1fffd1fc                __CODE_END = .
                0x1fffd1fc                __code_ram_end__ = .
                0x1fffd1fc                . = ALIGN (0x4)

.ARM.extab
 *(.ARM.extab* .gnu.linkonce.armextab.*)

.ARM            0x1fffd1fc        0x8
                0x1fffd1fc                __exidx_start = .
 *(.ARM.exidx*)
 .ARM.exidx     0x1fffd1fc        0x8 c:/nxp/s32ds_arm_v2018.r1/cross_tools/gcc-arm-none-eabi-4_9/bin/../lib/gcc/arm-none-eabi/4.9.3/armv7e-m/fpu\libgcc.a(_divdi3.o)
 .ARM.exidx     0x1fffd204        0x0 c:/nxp/s32ds_arm_v2018.r1/cross_tools/gcc-arm-none-eabi-4_9/bin/../lib/gcc/arm-none-eabi/4.9.3/armv7e-m/fpu\libgcc.a(_udivdi3.o)
                                  0x8 (size before relaxing)
                0x1fffd204                __exidx_end = .

.rel.dyn        0x1fffd204        0x0
 .rel.iplt      0x00000000        0x0 c:/nxp/s32ds_arm_v2018.r1/cross_tools/gcc-arm-none-eabi-4_9/bin/../lib/gcc/arm-none-eabi/4.9.3/armv7e-m/fpu/crtbegin.o

.ctors          0x1fffd204        0x0
                0x1fffd204                __CTOR_LIST__ = .
 *crtbegin.o(.ctors)
 *crtbegin?.o(.ctors)
 *(EXCLUDE_FILE(*crtend.o *crtend?.o) .ctors)
 *(SORT(.ctors.*))
 *(.ctors)
                0x1fffd204                __CTOR_END__ = .

.dtors          0x1fffd204        0x0
                0x1fffd204                __DTOR_LIST__ = .
 *crtbegin.o(.dtors)
 *crtbegin?.o(.dtors)
 *(EXCLUDE_FILE(*crtend.o *crtend?.o) .dtors)
 *(SORT(.dtors.*))
 *(.dtors)
                0x1fffd204                __DTOR_END__ = .

.preinit_array  0x1fffd204        0x0
                0x1fffd204                PROVIDE (__preinit_array_start, .)
 *(.preinit_array*)
                0x1fffd204                PROVIDE (__preinit_array_end, .)

.init_array     0x1fffd204        0x8
                0x1fffd204                PROVIDE (__init_array_start, .)
 *(SORT(.init_array.*))
 .init_array.00000
                0x1fffd204        0x4 C:/NXP/S32DS_ARM_v2018.R1/Cross_Tools/gcc-arm-none-eabi-4_9/arm-none-eabi/newlib/lib/armv7e-m/fpu\libc.a(lib_a-__call_atexit.o)
 *(.init_array*)
 .init_array    0x1fffd208        0x4 c:/nxp/s32ds_arm_v2018.r1/cross_tools/gcc-arm-none-eabi-4_9/bin/../lib/gcc/arm-none-eabi/4.9.3/armv7e-m/fpu/crtbegin.o
                0x1fffd20c                PROVIDE (__init_array_end, .)

.fini_array     0x1fffd20c        0x4
                0x1fffd20c                PROVIDE (__fini_array_start, .)
 *(SORT(.fini_array.*))
 *(.fini_array*)
 .fini_array    0x1fffd20c        0x4 c:/nxp/s32ds_arm_v2018.r1/cross_tools/gcc-arm-none-eabi-4_9/bin/../lib/gcc/arm-none-eabi/4.9.3/armv7e-m/fpu/crtbegin.o
                0x1fffd210                PROVIDE (__fini_array_end, .)
                0x1fffd210                __etext = .
                0x1fffd210                __DATA_ROM = .
                0x1fffd210                __DATA_END = __DATA_ROM

.customSectionBlock
                0x20000000        0x0
                0x20000000                __customSection_start__ = .
 *(.customSection)
                0x20000000                __customSection_end__ = .
                0x20000000                __CUSTOM_ROM = .
                0x20000000                __CUSTOM_END = .

.data           0x20000000      0x4d4
                0x20000000                . = ALIGN (0x4)
                0x20000000                __DATA_RAM = .
                0x20000000                __data_start__ = .
 *(.data)
 .data          0x20000000       0xa0 clock_S32K1xx.o
 .data          0x200000a0        0x4 system_S32K144.o
                0x200000a0                SystemCoreClock
 *(.data*)
 *fill*         0x200000a4        0x4 
 .data.impure_data
                0x200000a8      0x428 C:/NXP/S32DS_ARM_v2018.R1/Cross_Tools/gcc-arm-none-eabi-4_9/arm-none-eabi/newlib/lib/armv7e-m/fpu\libc.a(lib_a-impure.o)
 *(.jcr*)
 .jcr           0x200004d0        0x0 c:/nxp/s32ds_arm_v2018.r1/cross_tools/gcc-arm-none-eabi-4_9/bin/../lib/gcc/arm-none-eabi/4.9.3/armv7e-m/fpu/crtbegin.o
 .jcr           0x200004d0        0x4 c:/nxp/s32ds_arm_v2018.r1/cross_tools/gcc-arm-none-eabi-4_9/bin/../lib/gcc/arm-none-eabi/4.9.3/armv7e-m/fpu/crtend.o
                0x200004d4                . = ALIGN (0x4)
                0x200004d4                __data_end__ = .

.igot.plt       0x200004d4        0x0
 .igot.plt      0x00000000        0x0 c:/nxp/s32ds_arm_v2018.r1/cross_tools/gcc-arm-none-eabi-4_9/bin/../lib/gcc/arm-none-eabi/4.9.3/armv7e-m/fpu/crtbegin.o

.bss            0x200004d4       0x70
                0x200004d4                . = ALIGN (0x4)
                0x200004d4                __BSS_START = .
                0x200004d4                __bss_start__ = .
 *(.bss)
 .bss           0x200004d4       0x1c c:/nxp/s32ds_arm_v2018.r1/cross_tools/gcc-arm-none-eabi-4_9/bin/../lib/gcc/arm-none-eabi/4.9.3/armv7e-m/fpu/crtbegin.o
 .bss           0x200004f0       0x10 clock_S32K1xx.o
 .bss           0x20000500        0x4 interrupt_manager.o
 .bss           0x20000504        0x4 lpit_driver.o
 .bss           0x20000508        0xc power_manager_S32K1xx.o
 *(.bss*)
 *(COMMON)
 COMMON         0x20000514       0x14 clock_S32K1xx.o
                0x20000514                g_xtal0ClkFreq
                0x20000518                g_RtcClkInFreq
                0x2000051c                g_TClkFreq
 COMMON         0x20000528       0x10 power_manager_S32K1xx.o
                0x20000528                gPowerManagerState
 COMMON         0x20000538        0xc ram_bam_download_s32k144.o
                0x20000538                ram_bam_download_s32k144_DW
                0x2000053c                ram_bam_download_s32k144_B
                0x20000540                ram_bam_download_s32k144_M_
                0x20000544                . = ALIGN (0x4)
                0x20000544                __bss_end__ = .
                0x20000544                __BSS_END = .

.heap           0x20000544      0x404
                0x20000548                . = ALIGN (0x8)
 *fill*         0x20000544        0x4 
                0x20000548                __end__ = .
                0x20000548                __heap_start__ = .
                0x20000548                PROVIDE (end, .)
                0x20000548                PROVIDE (_end, .)
                0x20000548                PROVIDE (__end, .)
                0x20000548                __HeapBase = .
                0x20000948                . = (. + HEAP_SIZE)
 *fill*         0x20000548      0x400 
                0x20000948                __HeapLimit = .
                0x20000948                __heap_limit = .
                0x20000948                __heap_end__ = .
                0x20006000                __StackTop = (ORIGIN (m_data) + 0x6000)
                0x20005c00                __StackLimit = (__StackTop - STACK_SIZE)
                0x20006000                PROVIDE (__stack, __StackTop)

.stack          0x20005c00      0x400
                0x20005c00                . = ALIGN (0x8)
                0x20005c00                __stack_start__ = .
                0x20006000                . = (. + STACK_SIZE)
 *fill*         0x20005c00      0x400 
                0x20006000                __stack_end__ = .

.ARM.attributes
                0x00000000       0x30
 *(.ARM.attributes)
 .ARM.attributes
                0x00000000       0x22 c:/nxp/s32ds_arm_v2018.r1/cross_tools/gcc-arm-none-eabi-4_9/bin/../lib/gcc/arm-none-eabi/4.9.3/armv7e-m/fpu/crti.o
 .ARM.attributes
                0x00000022       0x34 c:/nxp/s32ds_arm_v2018.r1/cross_tools/gcc-arm-none-eabi-4_9/bin/../lib/gcc/arm-none-eabi/4.9.3/armv7e-m/fpu/crtbegin.o
 .ARM.attributes
                0x00000056       0x1f startup_S32K144.o
 .ARM.attributes
                0x00000075       0x39 clock_S32K1xx.o
 .ARM.attributes
                0x000000ae       0x39 interrupt_manager.o
 .ARM.attributes
                0x000000e7       0x39 lpit_driver.o
 .ARM.attributes
                0x00000120       0x39 mbd_main.o
 .ARM.attributes
                0x00000159       0x39 pins_driver.o
 .ARM.attributes
                0x00000192       0x39 pins_port_hw_access.o
 .ARM.attributes
                0x000001cb       0x39 power_manager.o
 .ARM.attributes
                0x00000204       0x39 power_manager_S32K1xx.o
 .ARM.attributes
                0x0000023d       0x39 power_smc_hw_access.o
 .ARM.attributes
                0x00000276       0x39 ram_bam_download_s32k144.o
 .ARM.attributes
                0x000002af       0x39 s32k_clock_init.o
 .ARM.attributes
                0x000002e8       0x39 startup.o
 .ARM.attributes
                0x00000321       0x39 system_S32K144.o
 .ARM.attributes
                0x0000035a       0x22 c:/nxp/s32ds_arm_v2018.r1/cross_tools/gcc-arm-none-eabi-4_9/bin/../lib/gcc/arm-none-eabi/4.9.3/armv7e-m/fpu\libgcc.a(_aeabi_uldivmod.o)
 .ARM.attributes
                0x0000037c       0x34 c:/nxp/s32ds_arm_v2018.r1/cross_tools/gcc-arm-none-eabi-4_9/bin/../lib/gcc/arm-none-eabi/4.9.3/armv7e-m/fpu\libgcc.a(bpabi.o)
 .ARM.attributes
                0x000003b0       0x22 c:/nxp/s32ds_arm_v2018.r1/cross_tools/gcc-arm-none-eabi-4_9/bin/../lib/gcc/arm-none-eabi/4.9.3/armv7e-m/fpu\libgcc.a(_dvmd_tls.o)
 .ARM.attributes
                0x000003d2       0x34 c:/nxp/s32ds_arm_v2018.r1/cross_tools/gcc-arm-none-eabi-4_9/bin/../lib/gcc/arm-none-eabi/4.9.3/armv7e-m/fpu\libgcc.a(_divdi3.o)
 .ARM.attributes
                0x00000406       0x34 c:/nxp/s32ds_arm_v2018.r1/cross_tools/gcc-arm-none-eabi-4_9/bin/../lib/gcc/arm-none-eabi/4.9.3/armv7e-m/fpu\libgcc.a(_udivdi3.o)
 .ARM.attributes
                0x0000043a       0x34 C:/NXP/S32DS_ARM_v2018.R1/Cross_Tools/gcc-arm-none-eabi-4_9/arm-none-eabi/newlib/lib/armv7e-m/fpu\libc.a(lib_a-impure.o)
 .ARM.attributes
                0x0000046e       0x34 C:/NXP/S32DS_ARM_v2018.R1/Cross_Tools/gcc-arm-none-eabi-4_9/arm-none-eabi/newlib/lib/armv7e-m/fpu\libc.a(lib_a-memset.o)
 .ARM.attributes
                0x000004a2       0x34 C:/NXP/S32DS_ARM_v2018.R1/Cross_Tools/gcc-arm-none-eabi-4_9/arm-none-eabi/newlib/lib/armv7e-m/fpu\libc.a(lib_a-__call_atexit.o)
 .ARM.attributes
                0x000004d6       0x34 C:/NXP/S32DS_ARM_v2018.R1/Cross_Tools/gcc-arm-none-eabi-4_9/arm-none-eabi/newlib/lib/armv7e-m/fpu\libc.a(lib_a-atexit.o)
 .ARM.attributes
                0x0000050a       0x34 C:/NXP/S32DS_ARM_v2018.R1/Cross_Tools/gcc-arm-none-eabi-4_9/arm-none-eabi/newlib/lib/armv7e-m/fpu\libc.a(lib_a-fini.o)
 .ARM.attributes
                0x0000053e       0x34 C:/NXP/S32DS_ARM_v2018.R1/Cross_Tools/gcc-arm-none-eabi-4_9/arm-none-eabi/newlib/lib/armv7e-m/fpu\libc.a(lib_a-__atexit.o)
 .ARM.attributes
                0x00000572       0x34 c:/nxp/s32ds_arm_v2018.r1/cross_tools/gcc-arm-none-eabi-4_9/bin/../lib/gcc/arm-none-eabi/4.9.3/armv7e-m/fpu/crtend.o
 .ARM.attributes
                0x000005a6       0x22 c:/nxp/s32ds_arm_v2018.r1/cross_tools/gcc-arm-none-eabi-4_9/bin/../lib/gcc/arm-none-eabi/4.9.3/armv7e-m/fpu/crtn.o
                0x00000001                ASSERT ((__StackLimit >= __HeapLimit), region m_data overflowed with stack and heap)

/DISCARD/
 *(.FlashConfig)
OUTPUT(ram_bam_download_s32k144.elf elf32-littlearm)

.debug_line     0x00000000     0x2966
 .debug_line    0x00000000       0x64 startup_S32K144.o
 .debug_line    0x00000064      0xdec clock_S32K1xx.o
 .debug_line    0x00000e50      0x1cd interrupt_manager.o
 .debug_line    0x0000101d      0x3c1 lpit_driver.o
 .debug_line    0x000013de      0x1dd mbd_main.o
 .debug_line    0x000015bb      0x2c2 pins_driver.o
 .debug_line    0x0000187d      0x1e3 pins_port_hw_access.o
 .debug_line    0x00001a60      0x204 power_manager.o
 .debug_line    0x00001c64      0x437 power_manager_S32K1xx.o
 .debug_line    0x0000209b      0x21a power_smc_hw_access.o
 .debug_line    0x000022b5      0x228 ram_bam_download_s32k144.o
 .debug_line    0x000024dd      0x1e6 s32k_clock_init.o
 .debug_line    0x000026c3      0x14c startup.o
 .debug_line    0x0000280f      0x157 system_S32K144.o

.debug_info     0x00000000     0xe6f7
 .debug_info    0x00000000       0xb6 startup_S32K144.o
 .debug_info    0x000000b6     0x518d clock_S32K1xx.o
 .debug_info    0x00005243      0x8fb interrupt_manager.o
 .debug_info    0x00005b3e     0x1ae4 lpit_driver.o
 .debug_info    0x00007622      0xb6b mbd_main.o
 .debug_info    0x0000818d     0x12fc pins_driver.o
 .debug_info    0x00009489      0x881 pins_port_hw_access.o
 .debug_info    0x00009d0a      0x7c3 power_manager.o
 .debug_info    0x0000a4cd     0x14b1 power_manager_S32K1xx.o
 .debug_info    0x0000b97e      0x9e4 power_smc_hw_access.o
 .debug_info    0x0000c362      0x877 ram_bam_download_s32k144.o
 .debug_info    0x0000cbd9     0x1331 s32k_clock_init.o
 .debug_info    0x0000df0a      0x2d8 startup.o
 .debug_info    0x0000e1e2      0x515 system_S32K144.o

.debug_abbrev   0x00000000     0x1b04
 .debug_abbrev  0x00000000       0x14 startup_S32K144.o
 .debug_abbrev  0x00000014      0x34f clock_S32K1xx.o
 .debug_abbrev  0x00000363      0x1b1 interrupt_manager.o
 .debug_abbrev  0x00000514      0x335 lpit_driver.o
 .debug_abbrev  0x00000849      0x20b mbd_main.o
 .debug_abbrev  0x00000a54      0x2a4 pins_driver.o
 .debug_abbrev  0x00000cf8      0x1de pins_port_hw_access.o
 .debug_abbrev  0x00000ed6      0x1dd power_manager.o
 .debug_abbrev  0x000010b3      0x35d power_manager_S32K1xx.o
 .debug_abbrev  0x00001410      0x1fa power_smc_hw_access.o
 .debug_abbrev  0x0000160a      0x1b2 ram_bam_download_s32k144.o
 .debug_abbrev  0x000017bc      0x145 s32k_clock_init.o
 .debug_abbrev  0x00001901       0xd6 startup.o
 .debug_abbrev  0x000019d7      0x12d system_S32K144.o

.debug_aranges  0x00000000      0x1c0
 .debug_aranges
                0x00000000       0x20 startup_S32K144.o
 .debug_aranges
                0x00000020       0x20 clock_S32K1xx.o
 .debug_aranges
                0x00000040       0x20 interrupt_manager.o
 .debug_aranges
                0x00000060       0x20 lpit_driver.o
 .debug_aranges
                0x00000080       0x20 mbd_main.o
 .debug_aranges
                0x000000a0       0x20 pins_driver.o
 .debug_aranges
                0x000000c0       0x20 pins_port_hw_access.o
 .debug_aranges
                0x000000e0       0x20 power_manager.o
 .debug_aranges
                0x00000100       0x20 power_manager_S32K1xx.o
 .debug_aranges
                0x00000120       0x20 power_smc_hw_access.o
 .debug_aranges
                0x00000140       0x20 ram_bam_download_s32k144.o
 .debug_aranges
                0x00000160       0x20 s32k_clock_init.o
 .debug_aranges
                0x00000180       0x20 startup.o
 .debug_aranges
                0x000001a0       0x20 system_S32K144.o

.debug_loc      0x00000000     0x6a1d
 .debug_loc     0x00000000     0x44cc clock_S32K1xx.o
 .debug_loc     0x000044cc      0x23c interrupt_manager.o
 .debug_loc     0x00004708      0xad4 lpit_driver.o
 .debug_loc     0x000051dc      0x31a pins_driver.o
 .debug_loc     0x000054f6      0x47d pins_port_hw_access.o
 .debug_loc     0x00005973      0x2d7 power_manager.o
 .debug_loc     0x00005c4a      0x84e power_manager_S32K1xx.o
 .debug_loc     0x00006498      0x379 power_smc_hw_access.o
 .debug_loc     0x00006811       0x20 s32k_clock_init.o
 .debug_loc     0x00006831       0xec startup.o
 .debug_loc     0x0000691d      0x100 system_S32K144.o

.debug_ranges   0x00000000      0x350
 .debug_ranges  0x00000000      0x1d8 clock_S32K1xx.o
 .debug_ranges  0x000001d8       0x18 interrupt_manager.o
 .debug_ranges  0x000001f0       0x48 lpit_driver.o
 .debug_ranges  0x00000238       0x18 power_manager.o
 .debug_ranges  0x00000250      0x100 power_manager_S32K1xx.o

.debug_str      0x00000000     0x62ec
 .debug_str     0x00000000     0x37fe clock_S32K1xx.o
                               0x38bd (size before relaxing)
 .debug_str     0x000037fe      0x7ea interrupt_manager.o
                                0xa39 (size before relaxing)
 .debug_str     0x00003fe8      0x83e lpit_driver.o
                               0x1c92 (size before relaxing)
 .debug_str     0x00004826       0x8c mbd_main.o
                                0xf9b (size before relaxing)
 .debug_str     0x000048b2      0x8fd pins_driver.o
                               0x13b4 (size before relaxing)
 .debug_str     0x000051af      0x1cb pins_port_hw_access.o
                                0x8eb (size before relaxing)
 .debug_str     0x0000537a      0x4dd power_manager.o
                                0xfd3 (size before relaxing)
 .debug_str     0x00005857      0x4b8 power_manager_S32K1xx.o
                               0x1856 (size before relaxing)
 .debug_str     0x00005d0f      0x130 power_smc_hw_access.o
                                0xe63 (size before relaxing)
 .debug_str     0x00005e3f      0x209 ram_bam_download_s32k144.o
                                0xbea (size before relaxing)
 .debug_str     0x00006048       0xc6 s32k_clock_init.o
                               0x2159 (size before relaxing)
 .debug_str     0x0000610e      0x14f startup.o
                                0x358 (size before relaxing)
 .debug_str     0x0000625d       0x8f system_S32K144.o
                                0x3f1 (size before relaxing)

.comment        0x00000000       0x70
 .comment       0x00000000       0x70 clock_S32K1xx.o
                                 0x71 (size before relaxing)
 .comment       0x00000000       0x71 interrupt_manager.o
 .comment       0x00000000       0x71 lpit_driver.o
 .comment       0x00000000       0x71 mbd_main.o
 .comment       0x00000000       0x71 pins_driver.o
 .comment       0x00000000       0x71 pins_port_hw_access.o
 .comment       0x00000000       0x71 power_manager.o
 .comment       0x00000000       0x71 power_manager_S32K1xx.o
 .comment       0x00000000       0x71 power_smc_hw_access.o
 .comment       0x00000000       0x71 ram_bam_download_s32k144.o
 .comment       0x00000000       0x71 s32k_clock_init.o
 .comment       0x00000000       0x71 startup.o
 .comment       0x00000000       0x71 system_S32K144.o

.debug_frame    0x00000000      0xe0c
 .debug_frame   0x00000000      0x35c clock_S32K1xx.o
 .debug_frame   0x0000035c       0xe8 interrupt_manager.o
 .debug_frame   0x00000444      0x1b0 lpit_driver.o
 .debug_frame   0x000005f4       0x90 mbd_main.o
 .debug_frame   0x00000684      0x1e4 pins_driver.o
 .debug_frame   0x00000868       0xa0 pins_port_hw_access.o
 .debug_frame   0x00000908       0xe0 power_manager.o
 .debug_frame   0x000009e8       0xc8 power_manager_S32K1xx.o
 .debug_frame   0x00000ab0       0x58 power_smc_hw_access.o
 .debug_frame   0x00000b08       0x64 ram_bam_download_s32k144.o
 .debug_frame   0x00000b6c       0x44 s32k_clock_init.o
 .debug_frame   0x00000bb0       0x34 startup.o
 .debug_frame   0x00000be4       0x40 system_S32K144.o
 .debug_frame   0x00000c24       0x28 c:/nxp/s32ds_arm_v2018.r1/cross_tools/gcc-arm-none-eabi-4_9/bin/../lib/gcc/arm-none-eabi/4.9.3/armv7e-m/fpu\libgcc.a(_aeabi_uldivmod.o)
 .debug_frame   0x00000c4c       0x50 c:/nxp/s32ds_arm_v2018.r1/cross_tools/gcc-arm-none-eabi-4_9/bin/../lib/gcc/arm-none-eabi/4.9.3/armv7e-m/fpu\libgcc.a(bpabi.o)
 .debug_frame   0x00000c9c       0x34 c:/nxp/s32ds_arm_v2018.r1/cross_tools/gcc-arm-none-eabi-4_9/bin/../lib/gcc/arm-none-eabi/4.9.3/armv7e-m/fpu\libgcc.a(_divdi3.o)
 .debug_frame   0x00000cd0       0x30 c:/nxp/s32ds_arm_v2018.r1/cross_tools/gcc-arm-none-eabi-4_9/bin/../lib/gcc/arm-none-eabi/4.9.3/armv7e-m/fpu\libgcc.a(_udivdi3.o)
 .debug_frame   0x00000d00       0x34 C:/NXP/S32DS_ARM_v2018.R1/Cross_Tools/gcc-arm-none-eabi-4_9/arm-none-eabi/newlib/lib/armv7e-m/fpu\libc.a(lib_a-memset.o)
 .debug_frame   0x00000d34       0x50 C:/NXP/S32DS_ARM_v2018.R1/Cross_Tools/gcc-arm-none-eabi-4_9/arm-none-eabi/newlib/lib/armv7e-m/fpu\libc.a(lib_a-__call_atexit.o)
 .debug_frame   0x00000d84       0x20 C:/NXP/S32DS_ARM_v2018.R1/Cross_Tools/gcc-arm-none-eabi-4_9/arm-none-eabi/newlib/lib/armv7e-m/fpu\libc.a(lib_a-atexit.o)
 .debug_frame   0x00000da4       0x34 C:/NXP/S32DS_ARM_v2018.R1/Cross_Tools/gcc-arm-none-eabi-4_9/arm-none-eabi/newlib/lib/armv7e-m/fpu\libc.a(lib_a-fini.o)
 .debug_frame   0x00000dd8       0x34 C:/NXP/S32DS_ARM_v2018.R1/Cross_Tools/gcc-arm-none-eabi-4_9/arm-none-eabi/newlib/lib/armv7e-m/fpu\libc.a(lib_a-__atexit.o)
